He diagnosed Andy with growing pains .
Your pain is dramatic to me .
It &apos;s a good thing that you came .
Everything hurts , all the time .
I know . I &apos;ll be all right .
Does this feel real to you ?
Oh , crap .
Does your friend have any allergies ,
She &apos;s not our friend .
We met her on the plane from sydney .
So we hardly know her .
She &apos;s really nice , though .
A name. uh , can you give me that ?
She &apos;s gonna wake up in a lot of pain
Patient is george o &apos;malley , 29 .
I will call on the receiving surgeons .
St. luke &apos;s children &apos;s. boise .
Sorry ?
I gave all that to the nurse .
8 years old , hypoplastic kidneys .
Lungs ?
Terry class , age 22 .
You are evil. you are the devil .
Cristina , you know the rules .
Mm. so you &apos;re saying my shrink &apos;s stupid ? hmm ?
And I am trying to just take a minute .
Back off .
I was gonna clean out his locker ,
I just .. I ... I abandoned him completely .
I don &apos;t understand .
Mrs. O &apos;Malley , I didn &apos;t know him like you knew him .
He .. he was very fast on his feet ,
And ..
He wanted to become better faster .
He was good .
And I think in the end , I think ...
And I liked him very much .
Hey . I &apos;m , uh , headed out .
You two know each other ?
We worked together for , what was it , five , six years ?
And this being a teaching hospital ,
Damn straight .
Look , doc
What kind of sutures are you using ?
Thanks .
Thank you .
Like , how gay are you ,
Ho ... how gay are you ?
Well , anyone else I can offend ?
one of the threads in his spinal cord
Thus the excruciating pain .
I &apos;ll snip the tethered cord and he &apos;ll be free of pain .
Before all this , she was , like a normal mom .
Are we waiting for dr . Swender ?
Wh-what are you , like , second year ?
Can we page dr. swender or something ?
It is .
It is a good thing .
You died in my arms .
You want to know what I &apos;m scared of ?
I &apos;m scared to move ! I &apos;m scared to breathe !
I can &apos;t lose you . I won &apos;t survive .
You made me love you , you made me let you in ,
When it hurts so much you can &apos;t breathe
By remembering that one day ,
The trick was so shocking
Oh , well , I mean ,
.... arm around to keep it going .
Mother &apos;s waiting in the truck .
Oh , and I &apos;ve got to get to work , too ,
Have a good one .
Wow . Those are nice .
They &apos;re from a mystery admirer .
Yeah , don &apos;t ask who they &apos;re from ,
Oh , I am winding an old watch
Man , where did mom find a guy as sweet as you ?
We may not get women ,
I think it was clear when I said that .
Well , it &apos;s been forever since we &apos;ve had a date-night out ,
Okay , we get to say that , not you .
He texts me every Valentine &apos;s day begging to hook up .
I know . It almost never works .
Sal , what are you doing here ?
The first part &apos;s true .
Aw , but now you have better plans .
Ms. Clarke , sorry for the trouble .
Oh , my gosh . I &apos;m sorry .
Thanks .
I seem to have dropped my spare hotel key .
No need to call whoever this Phil is .
This key is to room 422 at the Ramada down the street .
I &apos;ll pre-disable the smoke detectors
This hotel has a very short memory
Hey , Phil .
Name &apos;s Clive , friend .
I &apos;ll make sure the boss lady &apos;s back in one piece
It &apos;s Clive , actually .
Oh . Uh , Claire , your 2 : 00 is here
It &apos;s just that
I may have a sad love life , but I don &apos;t need my mommy
First of all , I didn &apos;t give you those flowers .
Where is it ?
Yes , hello .
Ben , you &apos;re gonna finish the contract stuff .
You &apos;re gonna find out who &apos;s using our account for flowers , okay ?
Do I know that guy in the cloak ?
He &apos;s the guy for offbeat swivels
I &apos;ve got it all planned .
Claire was taking me out to dinner all along .
Margaret , get a reservation
Werner is great .
Well , um ...
You &apos;re not going anywhere , carrot bottom .
Why is he with another woman ?
Hey . Margaret said you keep the phone records .
I &apos;m still trying to find out who sent me those flowers .
No , don &apos;t .
Ben , why do you have this photo of me in your desk drawer ?
Who would bully you ?
Oh , my God . It &apos;s already gotten , like , eight likes .
They believe Hassan had been working with this man ,
Victor has recently stepped up his game into the nuclear arena
There were reports of a power struggle between the two .
Later he was almost captured by police ,
She &apos;s fine .
Our mission ? Take down Marquez before he can locate the plans .
NSA believes he &apos;s headed to Berlin to meet with Azar .
Christina , you &apos;ll take it .
That doesn &apos;t give me the right to disseminate it freely .
Doesn &apos;t that count for something ?
Yeah , obviously .
Sometimes I don &apos;t give you enough credit , Penny .
Well , put your mind at ease .
Now , the first thing we need is a theme .
ah , turn-of-the-century Moulin Rouge .
Penny and I just want to do something low-key .
So your theme is
Hey , where have you been ?
If I was prone to sarcasm ,
I meant , &quot; Golly , Sheldon ,
What information ?
I am bound by closet
Que sera . That &apos;s racing , I guess .
Fucking hell !
Nathan , how are you going ?
Oh , yeah . Need a hand ?
No worries at all , mate .
She &apos;s given up on your whole pathetic act .
Enough .
Jack , you &apos;re my brother .
Are you done ?
What you &apos;re talking about is a one-way street . You understand ?
She &apos;s had fair warning .
So fuck her .
Do you have that sort of cash just lying around ?
About . $ 250,000 .
And you just forgot about it ?
What are you talking about ? !
By the time I found it , we were already committed .
Believe me , there is nothing convenient
I &apos;m sick and tired of having barely enough .
So should you .
Maybe .
As long as we &apos;re square .
Or am I supposed to just take your word ?
I &apos;d have thought you &apos;d be glad to be rid of her .
Despite what you think ,
Well , you &apos;ve got a crazy way of showing it .
It &apos;s gone .
Alice .
Whac
At the safety deposit box at the bank .
What time shall I come back tomorrow
Jack , all this talk of booze has got me quite thirsty .
Shit .
Where &apos;s Lucy ?
You know why I &apos;m here ?
I &apos;m here on police business .
Up on Devil &apos;s Rocks Road ?
I found Lucy &apos;s car , or what &apos;s left of it .
So , how are we gonna do this ?
You just put the money on the ground
We do this face-to-face or not at all
Over my dead body .
You go to hell !
You don &apos;t really notice any of the scars .
Well , the years can be cruel , Howard .
Was it Hobbes ? :
Shall we go for a drink ?
The Catledge family are wonderful people
TFather made millions in coal before he died
Oh , Lord , not another fake psychic .
They &apos;re taken with her predictions of the future .
Hmm , and charging them for all the good news she brings .
Brice Catledge , Caroline &apos;s brother ,
Oh , rubbish .
Well , this is the thing , I &apos;m embarrassed to say ,
I began to doubt my own clear thinking
Olivia and I were all set to take a holiday ,
You &apos;ll spend your whole time in your room practicing card tricks ,
But if this woman knows she &apos;s being watched by the great Wei Ling Soo ,
She &apos;ll never know you &apos;re Wei Ling Soo .
Don &apos;t get angry with me , Olivia . It won &apos;t be for long
Ever since our very first dinner ,
Oh , it was simply a matter of logic and common sense .
Jittle Howard
Oh , I couldn &apos;t agree more .
Oh , I am his friend . Notice I use the singular .
George , Caroline , Stanley . How do you do ?
A great pleasure .
Of course , George and Caroline are the reason I &apos;m here .
When she fooled Howard Burkan ,
I don &apos;t know if Howard told you , her name is Sophie Baker .
No , I have not , but these sleazy fraudsters change identity every month .
Ah , now , that says a lot . Yeah .
Caroline , you were next to her .
Well , I looked for the usual devices , of course .
She &apos;s promised to try and make contact with my father ,
There is , of course , no spirit world , and even if there were ,
And , uh , how long will you be staying with us , Mister .
Ah , have you told him about Sophie ?
Well , she gets these sensory impressions . And , what are they ?
Her head vibrates ?
Have you got a whiskey , Brice ? I absolutely do .
About old girlfriends I &apos;d had ,
Oh , of course . Of course .
Sophie sees all .
And , I &apos;m told she &apos;s very pleasant to look at .
Mother &apos;s agreed to subsidize a foundation
Oh , she &apos;s nothing I haven &apos;t seen before .
I want you to see her working
&quot; I ... I get the impression of the Orient . China . &quot;
Yes , it &apos;s all very tantalizing
Because there is no sixth sense .
Uh , yes , I had a bath . I had a little nap .
Well , no , not entirely . I had an unpleasant dream .
I dreamt I was being followed by a sinister Chinese .
What do you think it means ? I don &apos;t know .
What ? Oh , I was just ..
Come , Stanley , let &apos;s go to ... You look stunned .
And when I mentioned him ,
I once raised a real tiger , but we both have our tricks .
I ... I was just telling Mr. Pepperidge here
Is it &quot; Pepperidge , &quot; or &quot; Talmudge , &quot; or &quot; Taplinger ? &quot;
That &apos;s because there &apos;s nothing to find .
There is no metaphysical world .
I think Mr. Nietzsche has disposed of the God matter rather convincingly .
Mmm .
What are you doing today ?
Do you want to join us ?
Why don &apos;t you join me instead ?
She &apos;s a remarkable woman .
Actually , get to know one another better .
Come on .
Tell me , doesn &apos;t it ever trouble your conscience
Not if their hopes are false .
Then you admit you &apos;re a fraud ?
The missing toe .
Where are you from ?
Any other way , lies madness .
No , it &apos;s quite the opposite .
Oh , but think how embarrassing it would be for you .
Is that why Jenny dropped you ?
I see long , blonde hair .
Yes , she had a lovely laugh .
CEO gets indicted for fraud.Investors start losing money .
If I didn &apos;t know Burrows pulled that trigger ,
People have killed for a lot less .
Whites don &apos;t want you . Blacks don &apos;t want you .
Maybe you are in no position to be telling me my business . Hm ?
I &apos;m sure you can understand my reluctance to discuss past patients .
I &apos;m not accustomed to making enquiries like this , but I ..
I can help him .
What did you treat him for ?
One was a condition called low latent inhibition .
People who suffer from low latent inhibition see everyday things like you or I do
The stem , the bulb , the bolts , even the washers inside .
Other people &apos;s brains
If someone with a low IQ has low latent inhibition ,
He came to me with absolutely no sense of self-worth .
But with the low latent inhibition ,
He couldn &apos;t shut it out .
I didn &apos;t know all this about him .
I hope you don &apos;t mind ,
From what I understand it &apos;s in your nature too .
Lot community work , lot charity work .
The man you &apos;re talking about died the moment I stepped inside these walls .
Ladies and gentlemen , United States Secret Service .
Don &apos;t you talk to your guy friends about sex ?
Well , you don &apos;t talk about
So you can do it with me .
Ah , and yet you find inspiration in toothpaste .
That works for you ?
Although , uh , kinda ... Miranda &apos;s been , uh ,
Bailey ?
I knew it freaked her out , but I was away .
Just apologize , we feel terrible ,
Well , I could have Edwards tell her .
Even better .
Yeah .
And if I tell Grey she can &apos;t get into the O.R. until 7 : 00 ,
You &apos;ll be working late anyhow
All right , all right , I will take it .
And Kepner invited me to her wedding .
Plus one .
Is she , like , expecting us to bring other people ?
Please ?
Is he gonna make it ?
Come with me .
That &apos;s Nathan . He &apos;s a real baby .
That &apos;s Ashley , his mom .
This isn &apos;t a study , Meredith .
Nathan is the first one in his family ,
Have you lost your mind ?
No , I
Baby Nathan and all of his college potential ,
I apologize . I &apos;ll be over here .
I don &apos;t wanna date any woman !
I thought you were gonna talk her out of it .
You &apos;re both putting me in the middle .
She doesn &apos;t listen to anyone !
I &apos;m not a child she has to arrange daycare for !
This is .. it &apos;s awful .
That can &apos;t be the worst thing in the world .
You can &apos;t ... replace her .
Why ?
If we &apos;re gonna do this thing , we gotta do it now .
It won &apos;t be done for another six hours .
Okay .
That &apos;s not your lunch , Sheldon ;
Isn &apos;t tomorrow your usual laundry night ?
If this one under-or over-softens ,
The alternative would be to think backwards .
So how &apos;s Amy ?
I might have to let her go .
I thought she was a highly evolved creature
we have to go outside .
Oh , for crying out loud .
What kind of superhero says , &quot; Dibs on the red tights !
Wait . Are we starting now ? Or is that what you &apos;re going to say
I &apos;m hanging up .
Anything I can do ?
For worst day ever .
What , did your dog die or something ?
Yeah , 23 &apos;s kind of a big one .
Yeah , after the flood washed it away .
You &apos;ve never heard of the Blackwater flood ?
It was the end , all right .
same as your house .
Well , yeah , I might like them .
There &apos;s one story that says that house is still standing
You got some kind of deed ?
What do you mean ?
This is the old highway where the flood took it out .
Something big definitely came through here .
Like it &apos;s holding on , just for me .
Now turn around and walk away .
We &apos;re , uh , Public Land and Survey .
Who used to live here ?
What &apos;s that in the chimney ?
Look , I just want to know if people from my
Chairs , tables , chandeliers .
I thought you said that was you .
I have .
Nick , let &apos;s go !
Nicky ?
There &apos;s some guys out here !
They &apos;re trying to cut us off !
Go , go , go .
Yeah , I think .
What the fuck happened ?
What did he say to you ?
What did you say to him ?
Look , I do not know what &apos;s going on , OK ?
They don &apos;t even fucking walk upright .
He &apos;s running something illegal out of that house .
Oh my god !
Stop !
No one lives here , Evie , OK ?
Is anybody else thinking what I &apos;m thinking ?
So the car could still be sitting there ?
Well , should we try and see ?
And Evie can &apos;t make it anywhere right now .
Oh , in the same woods where they murdered Sam ?
How am I the only one that thinks this is a bad idea ?
There is no way that I &apos;m staying in there .
Look at me , OK ?
Hey .
How long was I out ?
Where &apos;s Ryo ?
What happened out there ?
That tree &apos;s a hanging tree , Evie .
How would I see someone who &apos;s already died ?
I wasn &apos;t touching a person .
Do you remember touching the baby ?
Is it something bad ?
All I saw was our baby .
I &apos;m down here .
Mom ?
We &apos;re all trapped in here .
He &apos;s trapped in here , too .
Are you really my mother ?
I can &apos;t .
Why ?
I mean , tell your friend to stop swinging that
Not with those roots jamming it shut .
Yeah , no telling what &apos;s down there .
They &apos;re everywhere .
It &apos;s crazy .
They &apos;re all over the backyard , like statues .
Where do you think ?
Go , go , go , go !
It &apos;s the door
For starters , we stay away from that fucking door .
Where the hell are we gonna go ?
I guess we &apos;re going back to the car .
Do not let go of my hand .
Yeah .
Or he knew what he was .
No , but ..
I &apos;m doing a search for the word Sammael .
S-A-M-M-A-E-L . It &apos;s a name from the Bible .
&quot; Sammael is one of the original angels of hell
We gotta split up .
Jillith .
The name Lillith is on here
Even in the womb , apparently .
He feels everything I feel .
He &apos;s 67 .
Hey !
Don &apos;t scream .
You been wandering around all night ?
We have to find Hick
Hey , Cosmo , we &apos;re gonna need the second hose down here .
What ? Ain &apos;t nobody scared of a little poo .
It &apos;s more poo than canoe in there .
And I don &apos;t want to be Patient Zero for a pink eye epidemic .
Call and have them send the van to pick you up .
I had 90 % two seconds ago .
Mine &apos;s dead , too .
It &apos;s June , Gabriel !
Then let &apos;s go .
Hurry , come on . Gotta get inside .
Yo . You guys ...
I wrote it down for you .
Oh , my God . Thanks . Thank you .
Okay . Okay . Three , two , two , one ..
It is imperative that they are inserted at the same time .
I thought he needed one .
Hell yeah , you should have .
And then I was stuck waiting
Papo , Cheo and Sammy .
By 2 : 00 , everyone should be out in the courtyard
Someone went outside the ring to settle a dispute .
Stop . You &apos;re hurting my feelings .
You think I killed Tyge ?
I was trying to be Nice to him .
Well , if you didn &apos;t kill him , who did ?
Come on , Brad .
You really think I killed that frog ?
You think I didn &apos;t want to pull that trigger ?
Hey , you seen anyone see Whistler go down the stairway ?
Well , hurry up , then .
Either way , you &apos;re getting in the ring with me today .
I mind that you kept it from me .
I mean , we &apos;re done by tomorrow , right ?
What ? Say it .
Alive ? No .
You didn &apos;t tell Michael that Sara &apos;s dead .
I &apos;m sure we can cobble something together ,
This is the exchange point L-J and I will be waiting .
We &apos;re not , we &apos;re not planning ,
Living the good life , huh ?
Having too good a time here
Well , I needed some time
I &apos;m gonna be honest .
Can we just save all this till after
Eight years , minimum security .
And I leave for the US tonight ?
you &apos;ll be on your way .
You stand in front of a guy ,
&quot; It &apos;s a formality &quot; ?
You know , if it were up to me ,
Alex , this is a hundred percent above board .
You know it and I know it ,
And if you don &apos;t take this offer ,
I &apos;m sure you do .
I found this
Let &apos;s try it again ..
How about you learn to fight first ?
The first Master . Right ?
I saw you were allowed off the compound . What were you doing ?
I have no time for you guys .
Um , do you wanna take a chair while I have a look at you ?
Do you want to take your hand away ?
Tell me where your brother is .
Tell me where your brother is .
I &apos;m just gonna get you a T-shirt .
Get up .
I just asked that lady how to get to Carloon from here .
I was gonna tell you anyway .
You don &apos;t know exactly where in Carloon we &apos;re going ,
I had a pain in my side real bad .
I think maybe I gotta do something with it
think it broke , man .
50 US
Either take it Or leave it .
Yeah , whatever , mate , I don &apos;t care .
Take it or leave it .
50 US
And a box of 9 millimeter for my friend here .
Shut up .
How do you know about the picnic ?
I &apos;m not talking to you .
You &apos;re crying right now , liar .
Before we break up here , I wanna go over
Can your comment wait ?
We all wanna get out of here , So ..
Any questions ?
I &apos;ve got an idea while we were sitting here .
Mmm , like at a wedding ?
It &apos;s really easy . Anyone can conga .
Men are afraid to dance . The male ego is too fragile .
In her eyes , you &apos;re a ridiculous peasant .
I &apos;m not a peasant , Mr. Whiskers . Himm ?
I think that &apos;s a fantastic idea
Come on , Bosco . Let &apos;s go , buddy .
Okay , I &apos;ll tone it down a little bit .
n the back . It &apos;s awesome
Yeah , but it &apos;s more than just egg rolls and fortune cookies .
When ?
No , it &apos;s ... it &apos;s all right . I don &apos;t need a lift .
The show starts at 7 : 00 .
The best spectacle in the world .
This is the real you .
What happened ?
I tried to fend him off , and he ..
10olx at me
You told him ? Why would you tell him that ?
don &apos;t want to talk about it .
Just let it go , okay ?
Now , come on .
David , come on , you had to see this coming
How ? He told me what happened with your mom .
I wouldn &apos;t have cared if you had ust told me .
was ashamed
If you thought I was such an angel
I know I &apos;m not good enough for you .
You &apos;re a coward , you know that ?
You &apos;re terrified of it !
I &apos;m sorry . Do you want me to leave you alone ?
Time helps .
Talking hel ps .
I can &apos;t , David . I &apos;m so sorry .
David didn &apos;t get into UGA
Although I &apos;m not surprised
You told me it went out with the mail
Just hear me out , okay ?
We can leave tonight . We could go anywhere .
haven &apos;t moved on .
Do you love this other guy ?
Do you ?
Were you driving the MG ?
This is the one .
It &apos;s awesome .
We were just listening
You &apos;re supposed to put them back in the sleeves immediately .
These are just things . He &apos;d want us to play them .
No , I guess he &apos;s not .
It was going pretty well till we ran into you .
I &apos;m just giving you a hard time , that &apos;s all .
Fate conspired .
You know , believe it or not , before I ended up here ,
Yeah .
But , you know , got married and had a kid , and ...
You guys are the best .
Well , with all the new stuff I bought for work ,
But whatever .
That , believe it or not , is my prom dress .
My date would &apos;ve had to clean that up .
Maybe we can have , like , a prom do-over .
We could decorate the roof and make the guys wear tuxedos .
Okay , guys , trust me ,
Yeah , let &apos;s see .
Hey , where &apos;s Bernadette ?
Oh , yeah , I got that Evite .
But then I saw Carrie ,
This prom thing &apos;s been a real roller coaster .
I-I could tell because her voice got so high ,
I &apos;m not the best at reading facial cues ,
Bruce Wayne doesn &apos;t wear a clip-on .
His name is Alfred , and , yes , he does .
What , are you sure ?
I thought you were gonna pretend to be an alien .
You didn &apos;t want to .
And even I knew it was weird to hire somebody .
Yes .
You &apos;re gonna put alcohol in the punch ?
If you had ripped ieans and a leather jacket ,
Oh , everything .
Pointing out that kings aren &apos;t elected .
And while you &apos;re at it ,
You know , because ..
Penny implied the same thing .
Just relax , it &apos;s a joke .
Wow , you look amazing .
Oh , it &apos;s a scaly genital organ
Excuse me .
And for your information , Leonard ,
But to be fair , the twins were a real handful that day .
What &apos;s going on ?
And there &apos;s a great deal of pressure
All I said was you look handsome .
It &apos;s not just that .
And I &apos;m not blind .
So , I met Jeanie at your Aunt Gladys &apos; .
Is this what I sound like when I talk about India ?
Why would your mother have a problem with me and Stuart ?
You worry about getting your ass back in that seat in time .
and the word &quot; no &quot; won &apos;t be in my vocabulary .
In and out .
You know I can &apos;t get into that .
I &apos;ve jumped through all your hoops .
Do you want to sell the card to me or not ?
That &apos;s a lot of secrets on a little piece of plastic .
And this is on the house .
The Company will do anything to get it back .
The Allies spent two and a half years ...
But on D-Day it came down to a handful of men ..
To decide the fate of the world .
Is even the best plan is only as good ..
MS : I have info on Sara .
It &apos;s good to see you .
I don &apos;t know about that .
We &apos;re working together against the Company .
You kept your word to me .
Why must you go after this man ?
Where I come from , there &apos;s something called a blood feud .
Yes .
One too many times , as it turns out .
Angelita .
He was an independent contractor .
He was assigned to retrieve Scylla once it went missing .
It &apos;s the Company &apos;s little black book .
What do you want from me ?
You know that , right ?
not do a day ?
All right . Sara Tancredi , last seen in Panama .
Maybe we &apos;ve got a deal .
Then go find it yourself .
The U.S. government should have a little more reach ..
Get me back to the land &apos; o cotton .
Ready .
It has to stay that way ...
Taking down the company sounds a little bit more than a two-man job , no ?
I thought you said , you couldn &apos;t trust anybody .
All right , two of your cohorts ..
They &apos;re both facing time .
Good , let him sit there .
He was working with Whistler .
Okay ? Whatever you need , I &apos;ll provide .
Yeah , the card has all the data on it .
I don &apos;t know .
And we &apos;ve got to break into a building ...
Simple enough .
How do you know our dad ?
Your father was a good man .
Look , I &apos;ve been going after the Company for five years .
The plug was going to be pulled on the entire operation .
I convinced my superiors to give it one more chance .
Well , when we go out there and risk our necks ..
No , no , no , Lincoln .
Some people still fight for this country .
You can look for Sara , if she &apos;s alive .
Long before I get the chance . Linc .
What are you talking about ?
And there are some things ...
Know what I mean ?
You sure you don &apos;t want a sedative ?
How do you feel ?
Look , I don &apos;t know how we &apos;re gonna take them down .
But I do know one thing ...
But you can guarantee it &apos;ll be the federal , supremax .
Call me when they are dead .
As it turns out , Men who have escaped not one ..
And stay off the Company &apos;s radar .
We &apos;ve provided cell phones , clothing , and toiletries .
You patted these guys down before you let them in , right ?
His suit , you don &apos;t buy a suit like that ..
That means he &apos;s full-time .
You ask our friend Mr. Self to run tax records .
In Los Angeles drawing a military pension ..
And you narrow your field from 10 million till about 50 .
Find the driver , you find the Cardholder .
We haven &apos;t ate or drank anything for days .
We ain &apos;t gonna die , Sancho .
Tell you what .
Travel at night when it &apos;s cooler .
What are we gonna do when we get there ?
You mean after Michael pays ..
Will only last so long .
I mean , then what if somebody finds out we &apos;re not .
If the card , this Scylla is so important .
Well , according to public records .
And he &apos;s a CEO of a company called Spectroleum .
And we gotta get this thing ..
So even if he &apos;s got it on him , how do we get it off him ?
You copy it .
Copying it will make it harder .
You have to return it , genius .
What &apos;s that ?
Oh , yeah , yeah , no .
I invented this
A digital black hole .
Within ten feet of it .
Like the account info ..
Like the PIN number of any credit card used at a gas pump .
And financial statements of ten people in ten minutes ...
And the information embedded in Scylla ?
It &apos;s ours .
Just a matter of whether you do it before or after ..
Tell me where the Company keeps the box , Jasper .
Somebody does .
Somebody that you might have access to .
Your government job won &apos;t protect you .
If I don &apos;t find something to eat soon .
We &apos;re not gonna make it .
Keep our brains focused on something other than ..
Come on .
I &apos;m hungry , Teddy .
When one of us could help the other one survive ?
I &apos;ll make it quick . I promise !
Why &apos;d you have to go and do something sos
Look , there &apos;s no way we &apos;re getting ...
I know .
We &apos;re not .
What &apos;re you reading ?
I can never find a good bag .
I should probably go ahead and just invest ..
Yeah , that &apos;s why I love this bag .
Do you mind if I take a look ?
Thanks .
You all right , mister ?
Hello , I &apos;m from the alarm company .
Strange signals from your property .
Make sure all the contacts are still active .
Yes , ma &apos;am .
Okay , hold on .
Yeah .
Someone posted their bail .
I &apos;m showing a Bruce Bennett .
You think it fell out ?
You think we got the thing copied ?
Without downloading the device , but ..
Then , yeah , I think we got it .
Where the hell is it ?
That &apos;s why the maid went back inside .
Assumed it belonged to her boss .
Well , then guess what , fellas , it &apos;s game over .
It took me to make that thing , Michael ?
Losing it is not the problem .
If they find out someone was after that card , we &apos;re done .
Does that mean we &apos;re gonna go back to prison ?
Means we go in and get it .
But I gather we don &apos;t have that kind of time .
Look , if you want US to get that device out of there .
Give us some extra help .
Which given the covert nature of this operation .
Then you &apos;re asking for the impossible .
I &apos;m not the one who put the entire mission ...
Look , if the Company finds that copy of Scylla before we do .
They &apos;re gonna find out who was behind it .
What if our father after everything he discovered ..
What if that &apos;s what he finally realized ?
About Dad was the back of his head .
Always running from something .
But the one thing he never ran away from ..
And we got an opportunity to do that .
Man , this ain &apos;t Fox River .
Remember that .
Of the U.S. penitentiary in Livingston , Texas .
There are still 105 inmates there .
Someone is playing a shell game , Bruce .
I have no criminal jurisdiction over .
I know you &apos;ve been in contact with Sara Tancredi .
Wanted to talk some more about what happened in Panama
Because you &apos;re a little like me .
So , um !
I &apos;m here .
But I also knew that if anything happened to me .
You would spend the rest of your life punishing yourself for it .
So can we make a deal right now that we &apos;re even .
If we &apos;re gonna be together .
Or-or even that we should be .
I just want to start over .
Okay .
Also , all electronic devices must be turned off at this time .
Flight attendants , take your seats .
I crashed , went straight to bed .
Engine instruments are in the green .
They &apos;re just cousins .
The client &apos;s gonna come over to the apartment at 4 : 00 .
Gloria , we &apos;re here to sell your apartment .
Well , I-I tried to talk about it this morning ,
Uh-huh , Jim sorry .
Well , excuse me , my , my job is just death .
60 hours a week ,
I gotta get back to work .
David ? David ?
I &apos;m back , Doc .
You found a John Doe in his 20s on the pavement near the Strip ,
Sweat on the body bag
About as often as they get up and walk away .
That &apos;s from the liver stick puncture .
City bus pass . No particular route .
&quot; Stonewall 1 / 14 , day seven .
Turn around and tell these guys
Come on .
DMV facial recognition ?
You know , I considered calling the DMV .
Maybe they recognize this guy .
Neither John Doe was in CODIS .
Yeah , &quot; Zombie DNA Index System . &quot;
The potassium and glucose levels are consistent with the living .
Was dismissed by the scientific community .
Rumor has it that Dr. Aden
He was banished by the university ,
All right , so our morgue zombie
Is Aden still around ?
And I was able to track down the address
Casino &apos;s three miles further .
Dr. Aden .. Uh ... we &apos;d like to speak with you .
We &apos;re from the crime lab .
Lying government bastards !
They claimed that all of my papers had been destroyed .
It was a good way to cut me out of the green and the glory .
I &apos;m sorry . Where did you find this ?
Do you recognize him ?
He &apos;s obviously on an autopsy table .
.... arose .
Re-animation ? This is getting more interesting .
not as easy as you might think , bringing back the dead .
Treating the work as their own .
I had the Ithaca of that most profound mystery within my sights .
But I saw the storm clouds gathering .
For those not wise enough to pull their sails in ,
It &apos;s a dead man &apos;s party .
How could they do this ?
If they &apos;ve given it to some health club ...
Dude . You going to tell us what we &apos;re taking ?
Trust me , Kurt .
It &apos;s time to put your cameras on .
Godspeed , Alice .
Maybe we can get access to Max &apos;s university email account ;
Yeah .
Blocking out all earthly stimuli .
To strip the self down
Maybe the tank wasn &apos;t his idea .
So , I snapped some infrared photos .
That &apos;s one way to drown in just ten inches of water .
Congratulations . You &apos;re batting . 500 .
Let me see your EKG .
Your zombie from the strip was under the influence of a paralytic ,
I &apos;d be a flat-liner .
Could this cocktail produce , in certain individuals ,
Well , one of our young explorers killed the other .
There &apos;s no fighting in the war room , Dr. Strangelove .
.... beyond our past journeys of the mind .
Alice even plucked out the black ones .
A card from her mom &apos;s funeral five months ago .
Mom &apos;s death took a toll .
Stand back , sir .
We have two dead .
The notebook I found in Alice Katsu &apos;s room
which means Dr. Aden wrote those notes recently .
The notebook was not among his archived papers .
From the doctor himself .
She initiated contact five months ago .
But Aden is not exactly advertising on bus benches .
She kind of felt like mr . Anonymous knew a little bit too much .
I was scanning through Kurt Dawson &apos;s video
Then this happens .
Yeah , Kurt &apos;s receiver picked up a signal from another camera .
Well , those are women &apos;s shoes .
She must have been in close proximity to Kurt ,
It &apos;s hard to say . But check this out .
Weather radar , off . Landing gear , down .
Battery power , auto . External power source connected .
Flashlight , check . Escape rope , check .
Sichuan 8633 , you are identified .
When we get home , you &apos;d better catch up on your homework .
Thank you !
Sichuan 8633 , contact Chengdu on 123.7 . Goodbye .
Setting 123.7 .
Sichuan 8633 , you are identified .
Pay attention to abnormal weather patterns in the Southeast region .
Sichuan 8633 , do you confirm return to Chongqing ?
Affirmative
Please return to your seat
Sir , please be careful .
Come on . This way . Hurry up .
One moment , please .
7W A81
And that &apos;s when the dream that was Paul Young &apos;s life
This woman had no identification ,
I see you got the suit I sent over . You like it ?
Well , get ready to do all sorts of shopping .
So where you going first ?
All I want is to go home .
You sound surprised .
No one would blame you if you hated them a little .
A little .
The neighbors were surprised to see him .
But he had thought about them .
The phone call that comes in the middle of the night ..
The e-mail marked &quot; Urgent ! .. &quot;
It must be delivered in person .
You said this couple lives in your neighborhood .
And just what am I supposed to say ?
&quot; by the way. one of our nurses
Normally , I &apos;d give you a hug ,
God ! How am I gonna tell Carlos ?
And he &apos;ll probably find a way to blame me !
Mom , we don &apos;t have any clean plates .
He paid in advance , and he didn &apos;t have pets . I didn &apos;t care .
That maniac was serving a life sentence .
If you &apos;d like to come in for a while .
Come on now .
Felicia Tillman &apos;s alive ?
I said that over and over again in my trial .
None of you could make it to the courthouses
In our defense , we thought you were a cold-blooded killer .
I missed my friends .
I can &apos;t believe paul young is back on Wisteria Lane .
Jack !
Actually , I need to talk to you and your wife .
I think we should wait for gaby .
You &apos;re making me nervous .
No ! This is impossible .
We haven &apos;t been able to track the family down yet .
Carlos , I have a legal responsibility here .
Fine ! I &apos;ll do it .
This is going to destroy her .
Why are we doing this ?
It &apos;s so ... COzy and intimate and ...
Pay attention , kids .
I hate banging around my lonely old barn of a house .
I &apos;m sure you see them on whipping day .
I worked on these compliments all the way from the airport .
Mom .
You know , they set their own hours .
And oh , yoy , yoy , the money .
I &apos;ll bet you &apos;d be real good at it .
Come on .
Here &apos;s what Martha makes in a week .
I promise , you won &apos;t do anything
What are you looking at ?
Nice of your physical therapist to help with the move .
Let &apos;s see . Uh , I &apos;m getting a divorce .
I &apos;ve had better mondays .
Don &apos;t be .
We haven &apos;t been happy for a long time .
I think I need to sit quietly
I know it &apos;ll be spectacular .
Hi , bree .
I just wanted to see how you were doing .
In fact , I took your advice .
I &apos;m surprised you agreed to see me .
I didn &apos;t realize there &apos;d be glass .
Give yourself time .
18 months with good behavior .
Maybe I can give you a few pointers on prison life .
Hey , here &apos;s one .
I will see you behind bars again , or dead ...
Here &apos;s another pointer .
You murdered my sister .
I have to go now .
What was Lynette like in college ?
She just kept wearing those parachute pants ,
Before I met her ,
I &apos;d never even heard of GUCci or Prada ...
Wow , you guys play rough .
A blouse from the &quot; I &apos;ve stopped trying &quot; collection
That &apos;s great. easy shots . You got more money than me .
The Lynette I knew never would have settled for this .
You jumped onstage at a Springsteen concert .
who had a threesome with two of the guys
Why would she jump in a private jet
We &apos;re not talking about that anymore .
Does she really need to score bonus points
Oh , drop it , Tom .
When she made that ... &quot; awW , &quot;
Well , maybe you should tell her how you feel .
In fact , I am going to tell her a lot more than that .
And I won &apos;t let anything change that .
I know it was a bit of a splurge ,
The bank turned down my loan application .
And without help ,
Orson , don &apos;t we have plans ?
Why don &apos;t you wait for me in the van ?
Was it evolving while you and I were still together ?
That would be a hard no .
Two mothers . Only one gets the kid .
They are shooting everything down
We have less than 12 hours to try to settle .
We have Richard Webber .
Gamble .
Or else they both stand their ground .
And the kid gets torn apart .
Mer will be down in a second .
Please . It &apos;s the best way to spend a day off .
With chocolate chips ?
Damn it . Uterus is perforated .
Thank you .
This pregnancy has just become non-viable .
It &apos;s only 24 weeks .
I can try .
&quot; Hope for the best ? &quot;
Five seconds ago , you wanted to deliver .
Dr. Karev , I am the OB on call here .
If I say that a patch is best , a patch is best .
If it keeps the baby in ,
Prep albumin polymers , please .
How &apos;d it go ? How &apos;s Jenny ?
We located the source of the leak ,
The baby is healthy and still in utero ,
It wouldn &apos;t be ideal .
It seems like I was just here
t forts and it was really fun .
I don &apos;t want to .
She woke up really early
It is a transcript of text messages
We have very flexible schedules .
Dr. Webber ?
She asked Dr. Torres to switch with her 34 times .
And that &apos;s in addition to the previously mentioned
There are only 180 days in six months &apos; time ,
Calls for speculation .
Your Honor , we &apos;d like to request a short recess .
Don &apos;t let them rattle you .
I mean , we just lost in there , right ?
Hey !
It &apos;s mine and I want it .
Come on , let &apos;s go . Take me out of here .
Osgood ?
God damn it !
I really do , you know , but there &apos;s an animal side to everybody .
I was the one who dragged you out of there .
I &apos;m a licensed pilot , took karate in Tokyo .
I can memorize the front pages
I &apos;m fluent in four languages
Don &apos;t interrupt me . There &apos;s more .
Yeah .
I &apos;m staying at Caesars , Mr. Wild .
7 : 00 . , Mr. Kinnick
How could you be such a bastard Os , huh ?
That &apos;s not an insult , that &apos;s a fuckin &apos; insult
And you didn &apos;t tell me you were gonna take my fuckin &apos; hair .
She likes you better without it .
Who knew ? Word to the wise .
I stay with her on account of our four kids and I can survive ,
Fuck ! Shh , he &apos;s about to ask for a memory .
Oh , she &apos;ll lie down . She just doesn &apos;t realize
So please , Marie , leave me with the memory .
Okay .
Son of a bitch ! How does he get fucked every time ?
I use discs , actually .
You &apos;ve got to confront him with this . Record his reaction .
I &apos;m in a tricky position here . I signed a confidentiality agreement .
And what if I don &apos;t record any discs ?
Then I &apos;ll deny it .
Frank is recording every word .
Oh ! Come on !
That I &apos;d come into a meeting with a man working for Lang
You &apos;re working for the good guys .
In the end , he &apos;ll just retire over here with his CIA pension ,
Thank you .
Well , let &apos;s hope it &apos;s not your last .
Hey , bring my ghost a Calvados .
Do you mind ?
Ruth said you were in New York to see Maddox .
I &apos;ve never heard such utter balls in my entire life .
Mike betrayed you to Rycart .
He told me .
You think it was just one guy doing all that work ?
Oh , jealous ?
I am .
Well , at least we know brain surgery
You got to be more than 180 now .
Excuse me , but thinking of you men in tights makes me want to ...
There &apos;s a flu going around the hospital .
Don &apos;t push so hard .
Claire. you &apos;ve had surgery recently .
Don &apos;t tell my parents .
What did you have done ?
Come on , Jamie .
Oh , yeah .
Just a little .
And the twitching has gotten worse ?
Hunt them down if you can &apos;t find them .
Got the flu ?
It &apos;s making my life so much easier .
You should be in bed .
Seriously . I &apos;ll give you a ride home .
You go home .
Not as up close as Meredith has .
She &apos;s our friend .
Some of us will make it through , and some of us won &apos;t .
It &apos;s not her fault , it &apos;s Shepherd &apos;s .
He &apos;s taking advantage of her .
Okay , we &apos;re in good shape here .
Looks good .
Hey , Jamie , here &apos;s what we &apos;re gonna do .
Isn &apos;t that fun ?
And this is gonna feel cold .
Butterfly lands right there .
It &apos;s amazing stuff , isn &apos;t it ?
Yeah .
Let &apos;s go .
I &apos;m just concerned .
The Internet .
Yeah , I tried that , but
And how much have you been working out ?
Everyone gains weight in college , Mom .
l just thought if I wasn &apos;t worried about my diet , then ...
So you took yet another shortcut ?
Tina !
She has so much potential . If she would just apply herself
The condition has gotten radically worse
How soon ?
So , is there a cure ?
See , eventually , the spinal fluid will fill the cavity .
Her age makes it possible .
But will she be normal ?
But if , you know , we &apos;re successful ,
The important thing to remember is that we can save her life .
Dr. O &apos;malley ?
But if the parents consent ,
Uh , in .
Yang .
Get out ! I would kill for that .
It &apos;s outrageous .
Why do you hate him ?
You know about him and Meredith ?
When are you gonna figure out that I know everything ?
I know .
This poor girl ...
She wants her mother &apos;s approval .
And this damage is the result ?
Well , getting proper nutrition will be a lifelong problem for Claire .
As if we already don &apos;t have our hands full with her .
She stays out of trouble .
I just think she feels like
You know , Taylor , her anesthesia &apos;s awful light .
Dr. Taylor ?
Taylor !
Oh , God , sorry . Sorry , I &apos;m on it .
He was right , wasn &apos;t he ?
Whatever you got to do to get through the day , right ?
Yes , doctor .
Yeah , not in here , it won &apos;t .
Hopkins , take over until she gets here .
What happened ?
I wish them the best of luck .
It means I believe in the process
Okay thank you very much Warden .
Thank you .
16 hours .
Is there still a chance with that ? No .
I need to see my brother .
Yeah . Yeah . I &apos;ll try .
I &apos;m sorry .
Would you talk to your father for me
Sara .. Dr. Tancredi I &apos;m sorry .
This isn &apos;t about the morality of the death penalty .
This is about killing an innocent man
Michael
I &apos;m sorry
I don &apos;t know Nick It all sounds pretty far-fetched .
Nick you &apos;re asking him to commit political suicide
Oh well that &apos;s better . Digging up the Vice President &apos;s brother .
Lyle Lyle look we took Intro to Civ Pro together remember ?
Nick you filed an 11th-hour motion
You can &apos;t adjust things around a bit ?
I know firsthand these people will do whatever they can to frame Lincoln for Steadman &apos;s murder .
I &apos;ll give you 15 minutes this afternoon that &apos;s it .
He doesn &apos;t even know what happened .
He &apos;s your brother . He knows you .
I promised I would get him out of here
You don &apos;t get a man &apos;s hopes up like that and then just ...
And it wouldn &apos;t take much to do it .
You owe me a ticket out of here pretty .
I &apos;m really sorry about your brother .
Look I know you were counting on this so ...
For what it &apos;s worth over the years
Had to wait another three weeks while they reset the whole process .
So take solace in the fact that your brother &apos;s wait is over .
There &apos;s a lot of protocol in killing a man .
A lot can happen in three weeks .
Thanks .
But anything or anyone that could verify your story
I &apos;ll reserve judgment for now . I &apos;ll take your arguments into consideration
You get this a lot ?
And he shorted out the wire just by biting on it ?
I &apos;ll be damned .
Yeah there &apos;s another one right here in the box .
Right after I notify the state and fill out the paperwork .
It &apos;s a diaper ?
You need to wear it .
Good look huh ? It &apos;s for the electricity .
I did everything l could .
Last time I had my head shaved
Bet me 40 bucks I wouldn &apos;t shave it .
Have you heard from Veronica ?
Is there any news on the appeal ?
This isn &apos;t gonna happen .
Let &apos;s just share memories swap stories
All right .
You can &apos;t go to the prison .
There will be cops everywhere .
What &apos;s that ?
And in the dream it felt like we were older .
And when I woke I knew that today wasn &apos;t going to be the end
I love you Dad .
They say he takes a lot of them to him .
Him him . And today he &apos;s looking in Taranto .
What the fuck are you saying , Tama &apos; ? It &apos;s good fishing out here .
They invited me to audition for Sala , as well .
We &apos;re here to see Sala . I &apos;m her manager .
All right . I &apos;ll wait out here .
Sonia , Pat , then ... ? Where are you ?
All right , 20 minutes .
Unfortunately , you &apos;re lacking two things , class and his acquaintance .
You &apos;re throwing away your savings , Sergio .
Well , in that case , have some , relax .
So don &apos;t get in the way . The girls love this old-fashioned stuff .
What did you hear ?
Bravo ...
You know me ?
So I &apos;ve studied you a bit , from a distance .
In all these years , he has given us two things
What are you saying , Santino ?
We &apos;re talking seriously here .
And why don &apos;t you fuck off ?
Explain this a bit more .
You may control six national TV networks ,
People notice .
People get pissed off .
Does it seems smart to you to go on TV and say ,
Of course it &apos;s true . You can think it , but you don &apos;t say it .
His heart and prostate are wrecked , though he keeps using them ,
I &apos;m not going to piss on my career by promoting an arrogant cocaine addict .
Get the fuck off me , now . I will not cheat on my man .
What are you , 13 ?
You just have , dear !
And now people are going to piss on you .
Where are you going ... . ?
Some of my wishes have already come true .
Yes ...
I mean , they &apos;re totally incompetent !
I think you just need to be patient , you &apos;ll be back in power soon .
Just because your arm is hurting , you think it &apos;s going to fall off !
Oh , that &apos;s a shame , you have to go back .
Don &apos;t speak about him like that , love .
Most powerful man in Italy , time is money .
Did you check me out properly , love ?
This isn &apos;t politics , this is pussy .
I don &apos;t know anything , I understand .
Well , that &apos;s precisely what I want to talk to you about .
Otherwise I &apos;ll spend all my time trying to figure out who she is ,
By sight .
She &apos;s two-faced , Silvio .
Listen carefully , Santino .
They &apos;ll be kicked out the party and beheaded politically .
What is a salesman , Silvio ?
But we &apos;re not interested in that because it would only depress us .
We &apos;re interested in the other thing .
Who is this ?
And does this seem to you the time to call people to sell an apartment ?
Listen , I don &apos;t have time to waste .
I don &apos;t need an apartment .
The self-serving laws you had passed to further your economic interests
And not because your politics are nothing more than populist propaganda
Because I wanted to switch sides . That &apos;s exactly the point !
What ?
Oh , God , another one ! What did this one have to say ?
This is the reason I cannot side with you .
Silvio , you hear how good she is ?
And she &apos;s not just good , she &apos;s beautiful .
Bravo , Fabrizio , but now you can take her back . You go as well , Fabrizio .
Come , dear .
Dino Buzzati .
They &apos;re all on holiday , who knows where ?
Bring him the girls and I &apos;ll convince him to help you .
You &apos;ll end up being treated like shit .
They want you , not him .
There &apos;s another thing , delicate and annoying .
No kisses , no hugs , no pats on the back ,
My electors like the way I behave with other heads of state .
What do they have against jokes ?
He was famous for his jokes .
He &apos;s a crazy , sick man . That &apos;s what he is .
Remember what Borboni said when she saw you in the theatre ?
Not only were you no actress , but you were a bimbo , too ,
Look what you became !
I built a financial and political empire .
You &apos;ve spent a lifetime telling us and yourself how brilliant you are !
It &apos;s not true .
Your skill as a businessman consists in having cheated your whole life .
What do you think every other businessman ,
Let me tell you a truth
They &apos;re all prepared either to go around obstacles or knock them down .
You &apos;re just a child who &apos;s afraid of dying .
You &apos;re not good .
Come back soon .
Then you &apos;ll be back soon .
Why won &apos;t they let me run this country the way I did my companies ?
I don &apos;t understand it .
That you could be the richest man in the country ,
Well , you never got off that cruise ship where we played as kids .
You know something ?
And I noticed ...
Why don &apos;t you try again , Silvio ?
Stella she was called .
Just be yourself . No , I &apos;m going to be exactly what they want me to be .
A reliable or principal support ,
Tell us more about yourself
Of course .
My role models include my parents , which I know is corny ,
We like that . We &apos;ll have a decision in two weeks
Bones of any kind ?
Morning , Meghan Miles .
Hey , looking good , Chuck Rogers .
I just spoke to my source inside the network . And ?
The decision should come down today .
Madeline , where are you go .. You &apos;re in the middle for this !
Are you done , or should ... ?
Hello !
Just go one at a time . Do you want to go next ?
Oh , what sweater should I wear ?
The mood swings .
High , low . You never know where you &apos;re gonna go .
But I love you no matter what
I can smell it on you ! Go take a shower , for Christ &apos;s sakes .
Pancakes !
Yes . Will you eat anything ?
See , Damon eats .
You &apos;re not going to rehearsal on Friday
I &apos;ve never heard you say that without a crossbow in your hand .
Think of all the stuff we could buy .
Some toilet paper so we can stop using our bath mat .
Caroline , you hold on to this
I mean , you really think she can keep a secret
If I know , I &apos;ll spoil it .
Neither did my mom , which is how I became
Don &apos;t let it slip .
Okay .
That &apos;s why I didn &apos;t want to give it to her .
Dang , he &apos;s like the Ben Affleck of jail .
Oh , my God . That &apos;s terrible .
Oh , look ! My dad &apos;s opening the show .
Steel bars on our balls
So we &apos;re just gonna take a brief intermission ,
That was incredible , Dad !
&quot; Shanks for Nothing &quot; ?
Well , I would have gone with &quot; It &apos;s A Prison Riot . &quot;
Here &apos;s your envelope ,
Unless maybe it &apos;s a good thing
all right , it &apos;s just Max and you .
Listen , honey .
You can live on the Upper East Side
Kitten , I know you better than anybody ,
She like tennis ?
What we do is fucking hard , alright ?
Fuck .
That one ?
Pay day , love ?
What did you just say ?
Spoon . Fork .
Mummy !
I had just made dinner
After dinner at our house ,
I had wine with dinner .
I know these questions may seem intrusive , Mrs. Collins ,
He was murdered .
It must be difficult for you .
Yes , quite difficult .
What , with the fact that the police
And the trunks begin to slip and slide .
Heap .
Sleep !
You want to talk about endless patience ?
There are six seasons , dude .
No , no , no , the sixth season is great .
It &apos;s a wild ride .
CJ , where are you going ?
What &apos;s happening in Chicago ?
Are you guys going out ?
I barely made it to the age of eleven , before
Look at him , he is pissing
Even the teacher started doing it .
Yeah , Mamai he does that
It must be fate that the two of you should meet . &quot;
He said you had a story that would make me believe in God .
As for God , I can only tell you my story .
Fair enough .
Pondicherry
Spectacle .
Religion is darkness .
As a childs he &apos;d had polio .
In the end , God didn &apos;t save him .
My Amma went to college
ur religion was the : only ink She had to her past .
It was a third there , Ravi and I were terribly bored .
Run into that church , and drink the holy water .
Why would a God do that ?
D ealulSe e O es S
If God is so perfect , and we are not
I came to faith through Hinduism ,
God works in mysterious ways .
My Arabic was never very good .
In performing &quot; Salah , &quot; the ground I touched became holly ground ,
Are you out of your mind ?
You just ignored everything I &apos;ve ever taught you ?
You think that tiger is your friend .
That tiger ... is not your friend .
Nothing else .
You know what your father said about coming back here ?
I was
He said he &apos;s sorry . You &apos;ll just scare them for life .
But he &apos;s just a boy .
And this is a lesson I do not want them ever to forget !
We are doing this for you and Ravi .
Vegetarian , please .
Do you have anything ... No no no no no !
You don &apos;t want gravy ?
I am happy Buddist .
I &apos;m sure , gravy is not meat .
Don &apos;t worry .
Why give Orange Juice tranquilizers ?
The stress of traveling is not good for the animals ,
DO we
Hey . Get rid of me !
It was a human tooth .
Carnivorous ? Like a Venus Ely trap ?
The plants , the water and those pools , the very ground itself
I filled my stores with fresh water ,
And so I waited for his return .
No one has seen that floating island since .
And yet , if I hadn &apos;t found those shores , I would have died .
Even when God seemed to have abandoned me , he was watching .
And when I was beyond all hope of saving ,
By the time we reached the Mexican shore ,
I was afraid that in two feet of water
It was warm and soit ,
II was so spent , I could hardly move .
The cook threw me a life buoy and pull me aboard ,
Ee ate a rat !
Just a brute bad man .
It was a week later that he
here wasn &apos;t anything I could do .
Couldn &apos;t look away
Next day , I killed him .
Jesus , Dave ! your mom &apos;s making vegan crap for dinner . I wanted meat !
The die never lie .
That would be hilarious .
y not ? You make it sound like ..
When , exactly ?
It &apos;s a shower night tonight , so lights out at 9 : 30 .
Hey . Nothing really . It &apos;s just the usual .
herself .
&quot; Dishes . &quot;
Embarrassing me in front of my friends ?
Barbara is reaching out , and that &apos;s good .
Why do you care ... loud or she &apos;ll hear us talking .
Okay .
He &apos;s the only one .
Giving birth
At least that &apos;s what they liked to think .
But huge , of course .
Giants have hair of living ice ,
Mountain Giants bathe in the blood of children ,
They just like to watch . Totally sketchy .
Even worse , though , Titans .
Like Greek myth stuff .
Hold on . You need to see what we &apos;re dealing with .
Then why are you sweating ?
Can &apos;t compete with a baby deer .
We &apos;re going to have to track it .
The Giant Killer .
h I could have seen those games .
anny said I could use the table .
Has something to do with a charter I did in Seattle .
And once that happens ,
That &apos;s way too dangerous .
I can do this on my own ,
Let &apos;s see what we can discover about them .
They &apos;re trying to get you out , and you don &apos;t trust them ?
Be wise and take advantage .
It &apos;s not that simple .
The electrical lines are probably running underground
Hey , Linc .
I saw these flyers for migrant workers in Colombia .
Bus leaves today , okay ?
Linc , uh I appreciate everything you &apos;ve done
When I was 15 , my cousin told me about a job that only lasts
I &apos;m in Panama , I don &apos;t speak the language
Underground or not , I &apos;m going to be a dad , Linc ,
He confirmed what you told me
Please let me help you .
Yes , Colonel .
It &apos;s just outside of the gate .
Thank you for arranging this for US , Colonel .
You know you can fix this electric problem ?
My men will shoot you in I back of the head
it will not only be his life that is lost .
No worries , Colonel .
I &apos;ll dig .
Hey , come on , now , don &apos;t be proud .
Talking to Mahone .
help me down the road , right , Mikey ?
I &apos;m gave him the shovels . Get him out .
I worked in the prison he broke out of .
And you know what I got ?
There &apos;s nothing he can do .
That &apos;s what I thought ,
Go see for yourself .
Trouble keeps finding you here in Sona , doesn &apos;t it ?
There are rumors about that you are trying to trick me .
Oh ? Let &apos;s hope for your sake that &apos;s true .
But justmake sure .
Relax . I &apos;ll get you the money .
How are you holding up ?
Good .
I &apos;m coming with you . Stay here .
Yeah , I know ; that &apos;s the problem .
What kind of a man are you that just
I was just about to get a little trim .
You &apos;re a real smart guy .
Here .
How did you get it ?
Yeah .
So what &apos;s the next step ?
And I &apos;ll keep you posted .
What do you think ?
Unless you want to make the colonel happy .
Now all we have
Thank you .
I got a long-term deal here , kind of come and go as I please .
One of the kids finally said something to the owner .
Where &apos;d you do your time , bro ?
Yeah . Yeah , we &apos;re on vacation .
I was .. I was wondering if you &apos;re looking for work at all
Got like $ 20,000 , man .
Place is a drug jug . I know the cleaning lady .
I am a thief , and I &apos;m a real , real good one .
What do you need me for ?
I got all the clients , but , you know ,
You seem like a good kid , but you got the wrong idea .
You could take care of them girls a lot better
Not where I &apos;m going .
Who is this ?
You took pictures of my lungs .
How long do I have ?
You need to come back in .
You just left , and we ..
You want to forget magic ?
I was going to sell that on eBay .
You have the gift .
You &apos;re the last person Horvath saw with the Grimhold .
So unless you want him to turn you into a pig who just loves physics ,
All right . All right .
Really ?
Can you please put my dresser back ?
What are you .. Oh , no .
What ?
Here we go . All right . Move .
Fortunately , they &apos;ll all be dead soon .
Well , how do we do that ?
Now , focus on control . Set me down slow and steady .
I &apos;ll be back shortly .
Dave , get back here .
Where is she ?
He hasn &apos;t told you , has he ?
Sweetheart , you &apos;ve put your faith in the wrong man .
You &apos;re in love right now . I can see it in your eyes .
I wonder what would happen
You &apos;d be no better than the rest of us .
this polluted , dirty piece of earth ?
I &apos;m in the garment business , so I take that as a testament .
Sadly , he had no children of his own .
So , you see , this place .... can do nothing for me .
Why is that ?
I can see that
You gonna check on the new house ?
Do you need anything else ?
I &apos;ll be here to pick you up when you get out .
These men are cowards .
And too stupid to think of anything else to do .
I &apos;m sorry ?
So , what is it that you &apos;ve done ?
My shift &apos;s actually up , So ..
So , you &apos;ve done nothing ?
They wanted the $ 6,000 worth of fuel that was in it .
Thirty to 33 are just about ready to go .
to try to help our business and the city .
So when you say that we &apos;ve ...
Well , yes and no .
And because of that , I don &apos;t really feel comfortable sitting here ..
So , you know , I can &apos;t go into specifies right now ...
So next week we will be bringing a case against you .
but , I didn &apos;t want to have this happen next week
You have your job to do .
And we will take advantage of every opportunity to prove that .
Exactly .
Caused by the drift of soft silt from the sides of the
What is that ?
It &apos;s a fucking gun .
Your youngest daughter found it in the bushes outside our front door .
Look . It &apos;s loaded . With the safety off
We &apos;ve just pushed it a little too far , that &apos;s all .
We &apos;re big enough now they even give a shit about us .
and start going through our set of books .
I &apos;ll get into it .
I need you two to sit down with them . I set up a dinner .
I don &apos;t anticipate a problem .
Jesus . All right .
that these are dangerous times and we have to adapt .
Not well .
T can see that .
What is there to understand
It &apos;s not illegal if I say it isn &apos;t .
safe and timely passage of goods and products
We need to Close this deal .
We have to close on that property .
Why do you want this so badly ?
No , no , no , no . I don &apos;t mean the deposit .
Have you ever thought about it ?
That place has just been sitting right across that fence mocking me .
I-I-I just meant everything
What &apos;ll we play ?
As you can see , I &apos;m in the middle of my daughter &apos;s birthday party .
But this is a warrant , and we need to gain complete access to the property
Js he serious ?
They got a birthday party going on .
Maria . Keep the kids playing
May I speak with you for a minute ?
but we &apos;re in the middle of a 10-year-old &apos;s birthday party .
This is probably one you &apos;re gonna regret .
My husband &apos;s an honorable man .
I think I know your father .
My husband is not my father .
So if I were you ...
or I guarantee ..
This was very disrespectful .
Trucks 14 through 23 are on the road
Hey . How are you ?
Look , there &apos;s a door down here about four more flights .
Fuck you !
Where &apos;s the truck now ?
Kathy , it &apos;s me . What are you talking about ? What shots ?
Do you know how long it took me to pay you off ?
1 put 40 % down deposit on this property
You now have three serious separate pending legal cases against you ..
ranging from fraud to tax evasion .
which led to a shoot out on the 59th Street Bridge .
So , I should start by thanking you ...
Yeah , we didn &apos;t expect him to react that way .
I &apos;m sorry .
It has been brought to our attention ..
It &apos;s a possibility .
I &apos;ll present it to him .
need more time .
I know our agreement doesn &apos;t allow for that .
and I should say that we feel fairly certain ...
that the guys who are doing this
that might have something to do with it who are not here tonight , so .
Thank you . That may be true .
But I don &apos;t think it &apos;s as bad as they &apos;re saying it is .
Got us three more days .
And I got a piece from Saul .
When I was putting them to bed tonight ..
I said that whatever he wanted
This is all worth it .
Hey .
I didn &apos;t know you were coming
You saw me a month ago .
Tesus .
That &apos;s how much has been taken from me over the last six months
off of one of my stolen trucks last week .
Arnold
Now , as you know , Texas number four is marked .
for incoming marked number four ?
I said .... . 213,000 .
I need a day .
But I was just buying the stuff off these guys .
I don &apos;t know who they are . I would never do that .
My goal was to have you out of business by the end of next year .
Abel . I wasn &apos;t the only person buying this shit .
But I need the whole lot by tomorrow morning ..
There he is .
I don &apos;t want you to be in this position .
T know that .
You know , we should both think about this .
Oh , got this at the Goodwill store for 50 cents .
50 cents sounds right .
You know , it &apos;s kinda late .
Because we don &apos;t live here .
Do you ? You said when you got back from space
Howard , I &apos;m doing laundry !
There &apos;s some underwear in the hamper !
Thank you ! I only put it on the list two weeks ago !
Thank you .
That place really did remind me of my hometown .
Hold on . Wil and Amy had an argument ?
Then Amy got mad and left ?
And you .... ?
The manager recognized Wil
Buddy , I think Amy might be upset .
Because your friend was rude to her ,
It &apos;s like living with a lactose-intolerant parrot .
Fine . It &apos;s a shame you didn &apos;t go to dinner with US ,
What ?
Leonard has some ridiculous notion that you &apos;re mad at me .
Go ahead , set him straight .
The new Enterprise heads out on its maiden voyage
An end of an era .
They &apos;d say , &quot; Why does he touch himself so much ? &quot;
This has always been my bedroom .
Sixth grade .
Eighth grade .
I remember when I was five ,
Came home , celebrated with a Snickers ,
Sometime around the third Almond Joy .
You want to start loading this stuff into the truck ?
Hey , would you do me a favor ?
I just want one last moment alone in my old room .
Fine , let &apos;s go .
Penny , if you wouldn &apos;t mind ,
Penny , please ,
Will that calm my nerves ?
Sold .
The trouble isn &apos;t with me , Penny ,
Yeah , Amy told me what happened .
It &apos;s a band-aid at best .
Which is baffling because they &apos;re both crazy about me .
Honey , you can &apos;t make people like each other .
Leonard made me like you .
Cheers , pal .
Get the Mad Hatter on the horn , I &apos;m having a tea party .
I drink tea all the time .
I thought your dad paid your cards .
What emergency happened at the L.A. Zoo ?
They &apos;re losing their homes to global warming ,
It &apos;s intimate waxing . Quit looking at that !
Like a business manager ?
You can &apos;t afford to hire someone
What if there &apos;s someone who just likes controlling
We don &apos;t know , his mother never had him tested .
Although I would enjoy drawing up a budget
Okay , Sheldon .
I will not spend another penny that you don &apos;t authorize .
Hey , Comic-Con tickets go on sale this Friday .
Oh , better luck next time , Pink Cheeks .
When there &apos;s hair growing out of it , that &apos;s a mole . &quot;
When she called me an insensitive jerk ,
Yeah , you &apos;d think .
I really should wear a bell around my neck
Thank you .
What &apos;s up , my man ? You look pretty down .
Well , uh , I didn &apos;t expect a back and forth here .
Han , you can &apos;t let your mommy keep bullying you .
Max , I am 29 .
I am 29 .
Caroline , Han says he &apos;s 29 .
Han , are you sure ?
Oh , wow , look at that .
Are you ever gonna let this go ?
You put my life in danger .
I don &apos;t know how much more I can do .
I don &apos;t like this movie .
Let &apos;s go see that katherine Heigl rom-com sequel .
I am gonna go spend some time with Katie Heigl .
See ya .
How will I live with the shame ?
Well , well , well , look who it is .
I don &apos;t know what you &apos;re doing , but it feels weird .
What ? It wasn &apos;t a big deal .
Cool .
We &apos;re a notorious gangster couple now down at the Cineplex .
I &apos;m thrilled , actually ,
No , the satisfaction of knowing
Full disclosure .
Then I thought , hello , bright side ..
We can get you into all the best places even without a fake .
Mom ?
Thanks , I got it from the Gap .
It means a lot to me that you could be here .
Thanks for coming .
Landon tells us you &apos;re in Professor Soto &apos;s seminar .
So , you &apos;re an English major ?
If you &apos;re interested in the business side of literature
I don &apos;t know how they work .
Got extra blankets in the back .
Okay , suit yourself .
That way , we &apos;ll be in Texas by lunch .
Do you have , like , a PowerPoint presentation ?
You know what ? Actually , I do .
Where are the blankets ?
Dude , mind your business .
I &apos;m just trying to be welcoming .
Albuquerque .
Table for two , please ?
Just some unsolicited advice ...
What can I get you girls ?
May I please have the burger , but instead of fries ,
It &apos;s just gonna be more of the same lettuce .
Actually , can I get some fries please ?
Yeah , thanks for saving us back there .
Actually , uh , maybe you could ...
Ah , we already running kind of late
Doesn &apos;t Matthews live in Amarillo ?
We &apos;ll take you as far as the fairgrounds ,
Well , either way ,
All right , come on , let &apos;s go !
96 trying to double that lead with number 12 in second .
Oh , why ?
Let &apos;s go , Matthews !
What ? No , can &apos;t walk to New Mexico . What ?
I generally try not to associate with fugitives ,
Right on ... I gotta go drive a monster truck
everything &apos;s gonna be great again .
you &apos;re spending a lot of time on that one cupcake .
no , it &apos;s for nobody .
hey , i &apos;ve been , uh , i &apos;ve been meaning to ask .
it &apos;s for julie .
when she was a kid ,
we are gonna do all the things she loved to do when she was a kid .
she would jump on that thing for hours .
&quot; hi , mom. hi , mom. hi , mom . &quot;
hey , kiddo. you look great .
I &apos;m not in a place to do this right now .
We need to think this through .
And i &apos;m working with this agency ,
I &apos;m supposed to meet them tomorrow night ,
That thing that just fell out of your backpack .
&quot; Happy valentine &apos;s day . X.O.X.O. Ryan . &quot;
Hugs and kisses ? O , he does like me .
Bill ?
I don &apos;t know .
Yeah , her eyes water ,
I should &apos;ve stopped drinking when i was pregnant ,
Still not talking to me , huh ?
Well , i was going to apologize ,
I &apos;m healthy . I &apos;m white . I &apos;m a year away from my phd .
Including me .
Sure .
What &apos;s your poison ?
I &apos;m bree , by the way .
Jerry . Nice to meet you , jerry .
Well , that &apos;s okay . I will ask all the questions .
I was just really angry .
No , believe me , she does .
Well , it &apos;s not making it any easier on me .
That &apos;s it .
You &apos;re gonna find love .
And ... as far as flaws in a mom go ...
What &apos;s the big deal ? I kissed him . It &apos;s a free country .
Oh . Well ,
But that &apos;s how it works .
Oh , my god . You are my daughter .
What do we do now
We gotta lead with a pro-style offense .
I was thinking the best opportunity for an ambush
I think I have an idea
You &apos;re not . It &apos;s okay .
Wow . That &apos;s evil
And just cut me out of your life .
And then you two became best friends
Vicki . No , no , no , Just let me finish , okay .
No , no , no . I got this . I got this .
Are you sure you can ..
I got this ! I so got this .
Just say the words . What words ?
Tell me the story again ! Hurry !
Keep going . Don &apos;t stop !
Where the hel are we ?
Just skip to the end !
Did we leave him there ?
Oh , my God ! Are you okay ?
This food is so disgusting .
This tapioca pudding is incredible !
Little known fact , I can &apos;t stand tapioca pudding
Max ! Hey !
Duncan , I love you and I &apos;m so happy you survived ,
And she &apos;s back
I have to do my rounds .
Where did they find mud ?
So , um , speaking of the fun we &apos;ve been having ,
He &apos;ll be sitting alone in that house .
How Clean it is .
Yes . Paul Young ,
That didn &apos;t work out . What &apos;s next ?
I &apos;ve made such a mess of everything so far .
So from now on , we are only looking forward .
Hello , Susan .
The poor guy has had two wives kill themselves .
Susan , be careful .
I know l don &apos;t .
I feel that Paul deserves the same thing .
Today , Subway Tile and a low-flow toilet .
Yeah . We actually cleared $ 293 .
Hey , we &apos;re a small company .
Hey , I don &apos;t know why I didn &apos;t think of this sooner .
You &apos;d let uS do that ? You &apos;re amazing !
Look , I know this new job &apos;s put a bit of a strain on US .
So you think you can do something for 20 grand ?
and whack an employee of your choosing .
Hello .... roomie .
They &apos;re for you from the girls .
Oh . You mean my serving dish .
Gaby !
I &apos;m going to church .
Yeah . Are you aware
Doesn &apos;t make it legal .
Blocking my driveway is illegal .
Really ? Let &apos;s call 9-1-1 .
You just did .
Hmm ? I wasn &apos;t paying attention . What were you telling &apos; em ?
Don &apos;t smirk . The key to discipline is consistency .
Neither will they . Bree .
Wow , if I knew Tom was working with so many handsome rich men ,
Will you look at this ? He &apos;s kept US waiting 45 minutes .
Ah . If he keeps US waiting any longer ,
I just got off the phone with London .
Okay , ladies , I have 15 minutes ,
We &apos;re thinking soft wood , an overstuffed linen sofa .
Ripped that out of a magazine .
Isn &apos;t it cool ?
I was missing Beth so much , and ...
Could you spare a few minutes
Oh , it &apos;s for Paul . Chicken pot pie .
That &apos;s so thoughtful .
I hope that we can be friends , too .
You and me ? Friends ?
What I did to Paul was horrible ,
This smells wonderful .
Well , the crust is store-bought .
Don &apos;t you worry .
&quot; With repeated small doses of the toxin ,
These are followed by metabolic acidosis
&quot; And finally , acute renal failure and ..
or at least that last little piece of you
You may be gone ...
Susan , how &apos;s he doing ?
I think I &apos;m gonna have to start bringing him breakfast , too .
If you stick to my system ,
You can relax . She went upstairs .
Do you want a cupcake ?
Well , Mrs. Van de kamp isn &apos;t here .
Here . Sneak this upstairs . Eat it later .
What did she do to you ? ! How did she break you ? !
Yes , ma &apos;am .
Uh , what &apos;s going on ? I told the movers to be here at 11 : 00 .
We &apos;re supposed to be a team .
But you didn &apos;t .
till now .
what the hell am I supposed to do with those ?
How ? Tom said what he wants .
I know what he really wants .
We got a 9-1-1 call from 2 girls
Hello again .
Okay .
Well , that &apos;s preposterous .
Well , that &apos;s not all they said .
It &apos;s nothing .
Did you tell her that , sir ?
Me and the girls were talking about my mother &apos;s death ,
Yeah , well , don &apos;t be mad at them .
It &apos;s actually kind of funny if you think about it .
Daddy !
So sorry to have dragged you out here in the middle of the night .
Let me walk you to your car .
I &apos;m glad you didn &apos;t kill someone .
Uh , tell me something . When someone calls 9-1-1 .
I was at dispatch when the call came through .
Really :
If you see anything suspicious , I want you to call me .
I never have a clue what you &apos;re thinking .
Good night , citizen .
They are almost done packing .
Juanita wanted to know why we were fighting .
Great . So now they think mommy walked out on daddy
I &apos;m sorry . I just keep waiting for this to blow over .
This is never gonna blow over .
You &apos;re gonna go home to your husband .
I will not be responsible for him losing his wife .
I would really love to observe if that &apos;s cool with you .
Now if you &apos;ll excuse me ,
Did you hear Mer just revolutionized the world of cutlery ?
Working on a liver model .
Are you still going to try to remove all of the tumors today ?
Will &apos;s cancer is a very aggressive sarcoma .
We &apos;ve come up with a plan to remove all of them ,
It &apos;s deep in the liver , but we &apos;ll do our best to get it .
We &apos;ll try .
You know , there are some , uh , fighters ,
She doesn &apos;t play video games .
What are you doing here ?
Uh . Ben Warren .
Oh , oh I was actually at your wedding .
We have a pizza stone ?
It &apos;s kind of my standard gift .
Oh , well then this will change your life .
You can really tell the difference ?
I &apos;m sorry ?
Go re-scrub .
Yes ...
You want to call me a liar ,
I need a quiet O.R. so we can begin .
Right here .
I have to go away from you now .
Okay , you see that ?
14 to go . I wish we had gotten to him sooner .
Typical teenager .
And now he &apos;s got an abdomen completely covered with tumors .
He &apos;s strong , able to fight . And what &apos;s better ?
You should print a spoon next .
It is an anatomically correct liver model with a portal vein .
Can they print food or just utensils ?
10 , maybe 12 hours .
It &apos;s life-saving technology . Shane .
It &apos;s a fake organ . How long for functional items ?
Like a pretzel .
Good .
Uh-huh . Yay . Japan .
Why can &apos;t we use a 3-D printer to create
Just concentrate on one thing at a time .
Then we move on to the next step .
That happens .
You good , Miranda ?
Thank you .
What ?
I said place it to the left , idiot .
Are we taking a walk down memory lane now ?
You &apos;re a full-wit . Now you have to start teaching the residents .
All right , I get it . Point made .
There she is . Number eight .
Let &apos;s skip it .
We &apos;ll come back to it .
We should stick to it .
Let &apos;s just come back to it .
If it turns out we can &apos;t remove it ,
Ah , you still have the ring .
Um , yeah . We are .
I just out of a job interview
Uh , we don &apos;t do things like this at Seattle Pres .
Because we do way too personal on a daily basis .
I can do it .
It might be better just to close him .
No blue .
Let &apos;s also get a bubble test .
We need to be absolutely sure that there &apos;s no leak .
Is that what you want for the patient , Wilson ?
You know , bubble test only takes a second .
No , no , it &apos;s a .. good exhausted .
And now I wanna be myself again .
be the doctor I used to be .
But now I &apos;m ready to get myself back .
And it will be fine !
I think it will , and I will stop before I &apos;m too deep .
Alex , I am in the middle of dividing this kid &apos;s liver .
Oh , you gonna pull rank on me again ?
You could 2
An alliance between me and the fuckin &apos; FBI ?
I can help you , Jimmy , and you can help me .
And I &apos;m not trying to clean up Southie .
Hey , buddy . Got a question for you .
Not drink it .
That is pure vitamin C ,
Good boy .
Do you feel like , maybe ,
Yeah ? What happened ?
And he stole my coloring pencils off my desk when my back was turned .
Good boy .
Hey . Let me ask you a question ..
All right . I need you to listen very carefully to what I &apos;m sayin&apos;
Here &apos;s the deal .. you did not .
You got in trouble
I really don &apos;t think that that &apos;s the right thing to be teaching your kid .
So , the lesson you got to learn is this ..
You follow ?
Punch people when no one &apos;s looking .
If nobody sees it ..
Well , look what crawled out of the gutter .
What happened ? I must &apos;ve been doing 30 in a 25 .
Why don &apos;t you do your fucking job
I &apos;m doing my fuckin &apos; job .
You wouldn &apos;t happen to be carrying a message , now , would you ?
Gerry Angiulo sends his regards .
He also said he &apos;s confident
Fuck you !
I got to tell you something , Officer Flynn .
There &apos;s a word for that back home , you know .
I never trusted Flynn . He &apos;s a fucking prick .
Even as kids , he was a fuckin &apos; prick !
Please , calm down .
I &apos;ll fucking kill that Flynn .
This is business .
You &apos;re a liaison . You pretty much do whatever you want .
There &apos;s just one restriction on our side ...
Kevin , did you know that Whitey was an informant ?
I mean , he hated rats .
I mean , I knew he had his connections in the FBI .
But I figured he was playing them like he did everybody else .
Where do you get the energy for that shit , Jimmy ?
We &apos;ve known each other a long fuckin &apos; time .
You know you can trust me .
The lottery , Jimmy ?
I went in on a ticket as a lark ,
We were making a lot of money .
Local street cops , feds , whatever .
And then there was those trips to Miami .
Fuck me .
An hour ago , I got a wet shave in a barbershop
Do you want to talk about who &apos;s a valuable asset , Charles ?
And giving them 40 bucks to go around the corner
No one else .
Like him giving up Angiulo &apos;s address at 98 Prince Street .
because it kept Connolly , you know ...
We had stuff going on in Florida .
Roger ?
It &apos;s an exciting time for Jai alai ,
I can &apos;t believe people pay to watch this shit .
They fucking love to bet on it . That &apos;s making us very rich .
Guy &apos;s a fucking double-barreled prick .
Oh , no , no , no . You give that to Kevin , not me .
So , what &apos;s the problem with this Wheeler guy ? What &apos;s his deal ?
What sign did I have that you could change , Stoick ?
I pleaded so many times
This , and one other reason .
Go on ,
Could this day get any worse ?
We &apos;re gonna jump into freezing cold water
You are a steaming heap of dragon .
Take that !
Oh , pathetic .
So , are we going to save your dragons
They &apos;re here somewhere .
Anyone coming ?
Thank you for saving my life
Where we used to make weapons ,
You-you wouldn &apos;t believe how much everything &apos;s changed .
I think we did well with this one , Val
I &apos;ll swim and sail on savage seas
If you will promise me your heart
And I would keep you from all harm
Oh , you know , catching up with mom .
Well , now you know where I get my dramatic flair .
Now we have a fight !
Show them what you got , bud .
I &apos;ve waited a long time for this .
They are controlled by the Alpha !
Another one ?
Okay , change of plan .
T-toothless , you okay , bud ? What &apos;s going on ?
The strength of will over others .
He belongs to the Alpha .
He will not miss a second time .
They ... made you do it .
Uh : yeah .
You know , we have the extra bedroom ,
It &apos;s the least we can do .
What &apos;s going on ?
Well , what do you think the loss of your room represents ?
Can we skip the part where you pretend not to know the answer ,
Now ...
I have .
I hadn &apos;t thought about that .
Hello , Amy .
That &apos;s not true !
This isn &apos;t about me and Sheldon .
Interesting .
Seems they &apos;re avoiding some harsh realities themselves .
Boy , you &apos;re good .
Maybe moving in was a bad idea .
You didn &apos;t do anything . It &apos;s Sheldon .
So , relax . We &apos;re happy to have you .
Do you actually pay for that haircut ?
Hey , Raj , I owe you an apology .
Sheldon , she &apos;s fine .
Rai , I let my emotions get the best of me ,
No , I can &apos;t take all the credit .
Beverly pointed out that I &apos;m experiencing insecurities
Yes , you &apos;re fine as long as you have a buffer
Now it &apos;s Rai and his attack Tribble .
Why are you saying we have marital problems ?
I see . You must be yelling at me out of wedded bliss .
Yeah , this is a special circumstance .
Yeah , well , a circumstance can happen twice
Well , now that you point it out ..
We do seem to keep finding roommates .
Dear , I would never come between you and Leonard .
Howard ?
What are you doing here ? !
Leonard and Penny were arguing ...
It &apos;s fine . It &apos;s just Rai .
And if my heart stops , just let me go .
Sheldon was upset , Leonard and Penny were fighting .
I &apos;ll say it again .
Can I just stay in the garage ?
The fever can last at least five days with it .
I-I &apos;ve been tracking the spikes in his fever ,
I just ...
This is not a virus . I just .. feel it .
Okay . I &apos;ll go get your chart .
I got your page . A tanker blew ?
I meant , what are you doing with Ross ?
Oh , we &apos;re supposed to read those ?
These kids need a well-rounded education .
No , sir . I &apos;m very rounded .
Hey . I heard about the accident . A tanker blew ?
Bailey , I haven &apos;t seen you
I have an aunt who died of breast cancer .
Uh , no . Yeah , it can .
When did you say that tanker blew ?
Closed head injury .
Where &apos;s my son ? Who has Ethan ?
I told her they &apos;re right behind us .
Rachel , I &apos;m here .
No obvious injuries except for a minor wrist lac .
Ethan , my name is Dr. Hunt .
No , no . They &apos;re right inside .
Okay .
They said it could be cat scratch fever
It &apos;s strep . Casey . Parker &apos;s rapid test
Oh , god . Thank god . I just knew it wasn &apos;t a virus .
Thank you .
Where &apos;s my sweatshirt .
Yeah , sure , if you want to die .
Now it says that they are taking her up
Call social services .
Take a look .
Your new E.R. Works .
What the hell was that ? !
Hey , listen , it was just a big explosion .
Everybody is safe , all right ?
Fire !
Over here ! Put it out !
Call the burn unit . We &apos;re gonna need a gurney .
Right away .
Speaking of bad news .
That could be why she was anxiety .
Sorry . I &apos;m interrupting .
What do you want , Brooks ?
So I &apos;m with you guys today .
You &apos;re going to TED ?
Did tequila shots with Bill Gates .
Oh , you &apos;ll be singing a different tune next year
That sounds like fun .
Just like building new cartilage
I should keep it fresh for the conference anyway .
Uh , just looking for a status report
So in order to maintain head perfusion ,
You had to call Russell for this ?
But ever since I became his boss ,
Whoa . Whoa . Whoa . Where you going ?
Sorry . He &apos;s a runner .
No , I don &apos;t want to .
No , I &apos;m not going anywhere !
No . Look , he &apos;s worried about his parents .
That &apos;s not a permanent solution .
Are you getting enough sleep ?
And it &apos;s just you , no husband ,
Well , that &apos;s a lot of pressure on you .
Casey .
You think I &apos;m crazy .
My son is sick , okay ? He is sick .
Now I can barely get him up .
That &apos;s a good thought , Brooks ,
Oh , Brooks .
Star pupil .
His CAT scan is completely normal .
I mean , I know I know nothing ,
What &apos;s first ?
He doesn &apos;t fit the criteria ,
And , uh , we ruled out meningitis
I read this one article about something called Kawasaki disease .
That &apos;s a good one .
You know , they dated in college .
How weird is that ?
The universe kept pulling them together , just ...
And then a tanker explodes ,
Your paramedic is gonna be fine , by the way .
You have to map me .
My dad eats three salads a day and has high cholesterol .
He managed to snap his elbow
Weren &apos;t you supposed to leave hours ago ?
I &apos;m so sorry .
Now you have time to spice up your speech for next year .
I-I heard one about floating algae pods ,
Yeah . Yeah , and yours is just about , you know ...
But no one sells cartilage like you .
You know , this invitation
No . You &apos;re telling me it &apos;s not ...
And it helps .
I &apos;ll see you in O.R. three .
He &apos;s pretty freaked out right now .
He &apos;s stable , but his hemoglobin is still low .
Oh , I have to be back on rounds ...
Should I sleep or should I shower ?
Oh , but I &apos;m also starving . Have you eaten ?
His pressure dropped out and he went into cardiac arrest .
They seem to sense when the creatures are around .
Another novel I won &apos;t have to read .
I know what you think of me , what everybody thinks of me .
my first wife said that to call me a creep would be an affront to creeps everywhere
Maybe .
Third time really was the charm for me .
But I &apos;m here and she &apos;s gone . You know why that is ?
The assholes and the dead .
Like your father ? Why ?
Target mobile .
Alpha 1 &apos;s now Bravo 1 .
Out of the way . Move , move , move .
Now complete on Bravo 1 , following Bravo 1 .
Get off me ! Gome on .
Come on . Get over me shoulder .
Hey ! Move away from the car .
Come on .
It fills the fractures in my ankle ,
You fell on it .
I didn &apos;t do it .
If I help you , I &apos;ll be arrested .
All right , listen .
That &apos;s all I know .
That &apos;s a kill order . Oh , God .
I need you to find out the identity of the man
Can you do that ?
Seb , can I press this red button ?
That says 200,016 .
That &apos;s 198,000 years from now .
What are you doing ? I need to disappear .
You won &apos;t see me again .
We were trying to return that beautiful ball
Look , Seb . That &apos;s the couple that &apos;s adopting us .
You &apos;re coming with me . Right , Nobby ?
I &apos;d never leave my little brother .
What ?
You need somewhere isolated where there &apos;s no one around ?
I know just the place .
All aboard the 915 , Grimsby to London .
Do you think our new parents will let us sleep
You can have the top , little man .
Lads . Lads .
Those are Manchester United supporters .
Delay them . I promise I &apos;ll burn your school down .
Oi , lads . Get the ball !
They &apos;ve got guns !
Dropped what ?
Do you think I &apos;ll hesitate to kill you ? Little bastard .
Get over here . What is it ?
No , no , no , I don &apos;t put my lips on another man &apos;s shoulder .
People have been chucked out of Grimsby
I &apos;ll be dead in 90 seconds if you don &apos;t suck it out .
Suck hard .
Don &apos;t swallow the poison .
Well done . Praise the Lord .
What ? I &apos;ve been hit somewhere else .
I &apos;m not falling for that one . No way .
No , why are you taking those off ?
It &apos;s a semifinal that has become gripped by tension .
Come on , Sterling . The ball &apos;s broken for Sterling .
And Raheem Sterling scores for England !
Here we go !
Here we go ! Here we go !
Maelstrom are clearly buying something from him .
You need to find out from her . You may need to seduce her .
Book me a room at the lodge .
Hey , English . What ?
I &apos;m embarrassed to say I &apos;ve never actually tried any before .
Are you on e-mail or ... ? Linkedln .
Yes .
That is me new mate , Tabansi .
It &apos;s either that or a life of crime .
Or as I like to call it , WorldCure .
It should take two to three weeks
Why are you doing this ?
We have 7 billion people running around
By deleting the surplus .
The garbage .
What ? Every man , woman and child in this stadium is about to die .
Jodie , I need you to check for anywhere
This is hopeless .
Look who just sat down .
All right , listen , let &apos;s go around the stadium .
We need to go across the pitch .
Too much security .
Men and women of Grimsby , listen up .
You see that lass over there ?
No . She &apos;s gonna release this deadly virus ,
So we &apos;re scum , are we ?
Yeah .
Yeah ! It &apos;s scum that keep
So I ask you to join with us now
Let &apos;s put this up , Chris .
Wait , wait , wait .
Take the controller .
All right , cutting off power now .
These marks on my hand are read
The Weather Service has issued a tsunami warning
We gotta go ! We gotta move fast !
All right , hold on ! We gotta get over it before it crests !
We &apos;re gonna make it .
He &apos;s responsible for the power transfer .
He &apos;s supervising the security override .
Perhaps we should call in David Baker .
That won &apos;t be necessary .
And Scylla will be gone by morning .
I &apos;ll do it if you want .
Look at this .
When he was a CO in Fox River .
These are right , right ?
I don &apos;t know . It looks too simple .
The M designates a meter .
This is a plumbing part . It &apos;s called a P-trap .
Logical design dictates they &apos;d never
What can I do for you ?
Scylla is moving .
Don &apos;t worry . We &apos;re gonna stick to our original plan .
Yes , and if he reaches
The contractors are here .
You &apos;re a client , huh ?
It &apos;s all part of the ruse .
Where &apos;s , where &apos;s Pretty and the Fatman ?
If you joke about it , I &apos;ll rip your tongue out .
Sorry to bother you ,
I &apos;d be really grateful if we could see a neurologist .
Uh , yeah .
Just fill this out .
This won &apos;t just serve the rich .
Too long .
I was never good at collecting a paycheck .
Partially retired all the time .
Put it in the past .
Only on the Scylla project .
Come on .
They take over your life .
That is not what happened to me .
No , no , that is not it .
I &apos;m just ..
I could find something else for you to do , okay ?
What &apos;s wrong ?
Why should he ?
And I &apos;m not gonna let a giant pack
Look , I am offering to do you a massive favor here .
Now , don &apos;t worry , Fernando .
Take a deep breath , okay ?
And I need you to shift slowly ,
Are you all right ?
They have to deactivate .
A legend to the blueprint .
His wife gave it to me . They came for Baker .
These , uh , these symbols
And the letter &quot; V &quot; isn &apos;t for vacuum ,
It says , &quot; Manual override only .
There &apos;s a manual override .
How do you know for sure ?
Sucre . Step off .
I can &apos;t ... Yes , you can . Yes , you can .
Step off right now .
I know you &apos;re Kate &apos;s friend , Humphrey .
No doubt you &apos;ll be a clever Omega .
And Humphrey ,
Guys , lower the boom !
Guys , guys , come on . Don &apos;t get your fur in a bunch .
Now , that &apos;s a moon I don &apos;t want to howl to .
The two of you , 90 home .
Omegas , good job .
Kate , Kate , Kate , Kate , Kate .
I mean , if anyone &apos;s hungry , they can eat
They can eat berries .
Yeah . Tell that to a hungry pack .
Luckily , the Omegas were there to break up the fight .
So , you think you can do better ?
The next girl that comes up the hill , she &apos;s mine .
Kate is hot .
Hey .
Humphrey , you know the rules .
We can eat together .
Guys , I know . I .. I was just .
Cheer up , buddy . You still got us .
We &apos;re going to unite the packs .
Good job bringing her home .
Yeah . Good times .
Lilly .
I &apos;m sure he &apos;s perfect marrying material .
Humphrey .
Yes , yes .
And a little something for your big day .
Just wanted to say good-bye .
Yeah . I &apos;m thinking about doing a little traveling ,
Our old buddies , see how they &apos;re doing .
Wait . But you &apos;re leaving Jasper ?
I know Humphrey , the fun-loving Omega ,
I don &apos;t doubt that .
Did he give you any clues , any coordinates , anything ?
I had a vision . I didn &apos;t wanna believe it .
Tony , I &apos;m gonna need you to focus .
As in , past tense .
Sorry .
And when he worked , he talked about his Great Plan .
I &apos;d ask ..
And his answer was always the same .
So , where is he ?
Earth became ground zero for a power surge
Until two days ago ...
I was in a place called the quantum realm .
To get in there , you have to be incredibly small .
She was my ...
Cap .
Yeah , we do .
You know what ? Give me a break , Steve .
You said that we had one shot .
We shot it . It &apos;s shot . Six stones or nothing .
You &apos;re repeating yourself ,
Dude . Come on !
You weren &apos;t on board with the time heist .
You ruined the time heist .
Yeah .
No , no , no , there &apos;s no other options .
We &apos;re not going anywhere else . We have one particle left .
That &apos;s it . All right ? We use that ..
Yeah , well , if we don &apos;t try ...
I got it .
We have a potential breach .
They &apos;re trying , ma &apos;am , but Braddock &apos;s unit
I &apos;ll look at the weather projections .
So , where you at with names ?
What is that ?
Nick , there &apos;s something else in his mouth ,
Guys , I &apos;m gonna need some bigger tools .
You check the other one , will you ?
But these patterns are inconsistent with this barbed wire .
Looks like somebody brought chains to the party .
They appear to have been made by the barbed wire .
Self-control wasn &apos;t exercised
This is all my fault .
Where they let anyone in .
I wanted them to see how happy we were .
This is a Covens and Clans convention .
Mr. Stewart ..
Miss Crenshaw ?
In the movies , vampires thirst for blood .
No , but seriously , this might
Heavy head , curved blade about five inches long .
None .
Thank you .
uh , will you and Detective Vartann be
I had love in my grasp ,
I &apos;ll ... keep that in mind .
His name &apos;s Timber .
Timber , here , joined in on the fight .
Blame the owner , not the wolf .
Kurt Francis . He &apos;s also in the system .
Digestive enzymes .
Yeah , Kurt Francis .
Of course ... A vampire .
So , what was a vampire
It induces vomiting .
why would he turn against one of his own ?
Mavbe Michael started to see you for what you really are
Julie .
I want a lawyer .
Michael &apos;s blood in Kurt &apos;s car
So if Kurt and Thomas hacked off Michael &apos;s head ..
They should .
All it proves
If they only took one or two swings ,
Yeah . Yeah , another wolf .
I admit that a black cloak does lend a gentleman
it drags along the ground and collects plenty of trace .
It &apos;s a flowering herb that only grows above 2,500 feet
Makes me wonder what else is up there .
We know that the Chase ended
Don &apos;t , stop !
Michael said he &apos;d seen me at the convention last year .
So he changed
You can &apos;t be someone you &apos;re not .
And that didn &apos;t sit well with anyone .
Too late ! No returns !
Well , now we know , next time we go to the farmers &apos; market ,
Can it wait until I put a Band-Aid on a goat bite ?
Your buddy got mugged by some baby farm animals .
So what do you need help with ?
Okay . Were you talking before she got upset ?
That &apos;s probably it .
Well , I just asked her if I should start watching
Well , Sheldon , when you &apos;re kissing a girl ,
Yeah . I &apos;m tapping out . Leonard ?
Oh , no , not just a season .
I &apos;m sorry I &apos;ve upset you .
No , it &apos;s okay .
Well , look at that ..
Hey , next , why don &apos;t we tackle your penchant for whining
Ah , well .. very well .
Here we go again .
We &apos;re committed to each other . We &apos;re happy .
So you &apos;re never getting married ?
It &apos;s amusing that he doesn &apos;t hear it .
Ew , 50 ? We &apos;ll be old and gross .
My aunt and uncle were married 63 years .
Um .. I &apos;m free tonight .
Vegas isn &apos;t that far away .
After all these years .
Now get out of my spot .
So remember ,
Right .
Howard Joel Wolowitz , you get back here .
Hey , guys .
Sure . Uh , let me just put this stuff in the fridge .
And , Howard , your favorite fruit is in season .
This is a new era for millennium .
And people refuse to believe that it &apos;s in your mind .
Don &apos;t be a child .
Plus , he &apos;s wearing a cap .
He has over two million followers online .
What do you want from me ?
Come by tonight .
Erika .
She &apos;ll be right with you .
I &apos;m guessing he thinks you stole this from him ,
Why ?
He &apos;s the only one who can open it .
I don &apos;t really see how this makes her any less guilty .
You should be looking for this man , too .
Now , if you will excuse me .
Do you know this man ?
So are you a cop ?
I &apos;m a journalist .
Heavy people .
Mikael .
The first you couldn &apos;t have written without her ,
I &apos;m sorry .
They sound like the last people on earth
What &apos;s that ?
So I figure out the big number ,
You think I &apos;m a freak .
Get some sleep .
Stay in your cell !
Salander .
Tell me you got the boy .
I need you to get him back to the U.S .
No , no , no .
I won &apos;t give it up now . Think you have a choice ?
Something somebody like you wouldn &apos;t understand .
Shit .
Agree to take the kid back to the U.S. or it stays locked .
Would you like a glass of water ?
He needs to open the program for us .
Fuck you .
I will start with this one , the red one .
The black one , though
Come on . This thing with Julia is young and fragile .
I got us a table at Campo &apos;s .
I have plans .
And let &apos;s page Shepherd . Quickly , please .
This isn &apos;t a migraine , right ?
She &apos;s having a seizure .
I stepped over a line . You reprimanded me .
What happened ?
Your van crashed .
Come on .
I &apos;ve been working like a dog all week .
