But , you know , I grew up ,
Andy. your mom &apos;s right .
Okay , thanks , because it does hurt .
Okay . Well , I &apos;m gonna give you a quick exam ,
This doesn &apos;t feel real .
No . I don &apos;t know .
Is she on any medication ?
Jasmine ! we barely know her .
We &apos;re backpacking , seeing the states .
We &apos;re just traveling mates .
All right , let &apos;s move .
I &apos;m heading back to surgery .
Procedure is organ recovery for donation .
Kidneys .
Who is it for ?
who are his kidneys for ?
I would like you to tell me .
Thank you .
Lungs and heart are going to portland medical center .
Cystic fibrosis .
I am . I admit it .
Oh , the rules are stupid .
So , Derek , please ..
You want a ride home ?
I was about as good a friend to him
I-I-I just .. moved out
And Dr. Webber said I should talk to you .
I didn &apos;t know him long ,
He had tremendous potential .
You know , he was impatient .
He wanted to save more lives .
And he was thoughtful and generous .
I think he was heroic and noble .
And I think he gave you good reason
I just wanted to say goodnight. night .
Yeah . Dr. Webber and I go way back , huh ?
Yeah . You know , I hate to say it ,
So you know how to do sutures , right , Dr. Mckee ?
Great . Good seeing you , chief .
It &apos;s , uh , it &apos;s my eighth .
Uh , 3
Can you hand me the shampoo ?
Are you really gay ?
&apos;cause that &apos;s my boyfriend in ... in the shower ,
A tethered spinal cord ?
Normally the spinal cord is free at the end ,
She &apos;s not normally like this .
Andy this is a normal mom .
No. dr. swender has handed you off to me .
Third .
Stevens this is a good thing .
You still have cancer ,
You freakin &apos; died and then you left instructions
I &apos;m scared of everything !
I &apos;m scared to touch you !
And that &apos;s your fault .
that &apos;s how you stay alive .
Miranda .
I , uh , don &apos;t think it &apos;s working .
You just move your ... Yeah .
I should probably get going .
.. And she &apos;s patient until she isn &apos;t .
It &apos;s pretty hard to concentrate with all the bathroom crying
I will .
Yeah , they were on the front porch .
The card says , &quot; You don &apos;t know your power . &quot;
What happened to your arm ?
Oh . That &apos;s pretty uneven . You gave her this awesome swing .
Actually , she hit me with her car
We may not hook up with women ,
So , what &apos;s with this whole &quot; going out early &quot; thing .
Ugh , pathetic .
No , no , no , it &apos;s Dylan .
Oh , that is sad .
All right , you old bags ,
It &apos;s Valentine &apos;s day and my
Well , actually , we have plans .
May I have that back ?
I didn &apos;t know that real humans could have these dimensions .
Thank you .
Phil
You &apos;re in no danger .
Slip out when you can .
For the past several Valentine &apos;s ,
Claire , you have to finish signing these contracts .
Phil ? No .
Say , maybe you could take over here for a bit .
Hi , Phil .
Apparently they have a thing like how you and your sister
Phil , look , I really appreciate this . I do .
Turns out my admirer
And if you really want to give me some confidence ,
Second of all , there is a picture of you .
I &apos;ve got a meeting .
Margaret , you &apos;re gonna take Alex .
Phil , honey ,
Ah , hinge specialist . You might &apos;ve seen him around .
This whole Clive thing wasn &apos;t even necessary .
Romance strong as ever .
I &apos;ve got too much going on to even think about it .
You know , he &apos;s a rich musician ,
... This has been fun , but we should , uh ...
Oh , my god . Is that Rainer ?
That sounds cheat-y .
Why ? What do you need them for ?
You keep them in here ?
Don &apos;t .
So , I heard there was going to be this big ice-skating party .
Despite our failure in Russia ,
He &apos;s a French national who &apos;s been trading illegal arms
For years , he &apos;s worked hand in hand with his brother , David .
David didn &apos;t want his brother
Oh , that poor lady . Does anyone know if she &apos;s OK ?
If Marquez finds those plans and sells them to Azar ... Boom !
Do we know his whereabouts ?
Yes ! Love Berlin .
We also have intel from MI6 .
Come on . Look , the letter was found in Bernadette &apos;s closet .
Are you pointing out that California
Well played .
I &apos;m here to make sure your dinner party
I &apos;m thinking ...
I &apos;m thinking you need a testosterone patch .
You know , cocktails ,
Hate to miss that .
Oh , Leonard .
One , two , three , four , five ,
They made me reveal confidential information
I can &apos;t tell you that .
Well , come on , we won &apos;t tell anyone .
It &apos;s bad luck for the punters that they lose their money .
Ruuck !
I &apos;m alright . I &apos;ve just ... . just got a flat .
Nah , all good . I got it .
Do you know that you &apos;re the la ..
Why don &apos;t you and your deadbeat husband
I can &apos;t just stand by and watch this happen .
Have you made that call ?
Once you start , there is no going back .
She knew the consequences and she did it anyway .
You want my money or not ?
Quarter of a million dollars .
We didn &apos;t have to kill her , did we ?
We could have used that money to pay Bruce .
Very convenient .
Hey .
I want more .
I &apos;m Off
Your business is your own .
You got some proof for me ?
What , you don &apos;t trust me anymore ?
Answer to all your problems .
Too much .
Nobody makes a fool out of me .
I don &apos;t ike the sound of that .
You wouldn &apos;t be playing games with me , would you , Jack ?
ad me worried for a moment .
Jet &apos;s make it 200 .
You wouldn &apos;t know of any good bars in the area , would you ?
Hi , Bruce .
Oh , she hasn &apos;t showed up for work yet .
You know anything about a crash ?
No . Should T
This thing has insurance job written all over it .
Well , that &apos;s the easy part .
Hot a chance .
I &apos;ll keep the memory card
Isn &apos;t that over your wife &apos;s dead body ?
You &apos;ve got a bad attitude .
Of course , she &apos;s fatter than my elephant
&quot; Life is nasty , brutish and short , &quot; as the man said .
I &apos;d have got on rather well with Hobbes .
They &apos;re a wealthy Pittsburgh family .
Now , the thing is , there &apos;s a young woman staying with them ,
What a pestilence they are .
Telling them what they want to hear . Precisely .
Exactly right . And , of course , she &apos;s a pretty young thing
Brice Catledge &apos;s sister Caroline
Doesn &apos;t he know that scientists are among the easiest to fool ?
I mean , I watched every move , and Lord knows ,
But you hate holidays .
And besides , you &apos;ve always loved the south of France ,
The usual headaches , resistance in the room .
You &apos;ve always had the measure of me , Olivia .
Yes , you were very impressive .
Of all my nephews and nieces , you &apos;re the only one , Stanley ,
If only you had a slightly milder disposition ,
Yes , he means he can tolerate me .
Oh , hello . Stanley .
George . Charmed .
They &apos;re a great deal less gullible
Have you heard of her or ...
And I omitted to mention she &apos;s here with her mother .
She held my brother &apos;s hand , and she actually made the table rise .
I thought maybe , wrist lifts , but they weren &apos;t there .
As I was saying , your mother and your brother
Oh , not very . I have business elsewhere .
Ah , now , is this the girl that can read minds and such ?
It &apos;s hard to explain . She gets these mental vibrations .
Drink ? Thank you .
Now , Sophie looked into my eyes
Good heavens . You think she can do it with me ?
She can predict the future . In short , she &apos;s a visionary .
She &apos;s a visionary and a vision .
Pretty young thing with a stage mother who handles the promotion ,
Well , I mean , she &apos;s not even a good actress .
Well , I thought that was quite good ,
And yet , she &apos;s a fraud , Howard .
There are five senses , and no spirit world .
And now , you &apos;re refreshed .
I &apos;ve had my share .
You have the Far East on the brain .
Good evening .
I was receiving some mental impressions . Excuse me .
I had an uncle who drowned many years ago .
There &apos;s absolutely no way she could know that unless
There was nothing supporting this candle , no threads , no wires ,
&quot; Apparent , &quot; I think , is the key word .
I mean , I grabbed the candle and found absolutely nothing supporting it .
What you see out there is what you get .
Good morning .
I &apos;m going bird-watching with Brice .
I can &apos;t think of a more inane activity ,
Where ?
We could have lunch . Chat ?
You think you &apos;ll trick me into showing you how I deceive people .
I &apos;m sure Brice Catledge can live
I could just as easily ask you ,
Even if their hopes are false ,
I wonder if you get your cynicism from your grandfather ,
Why are you staring at me ?
You &apos;d be happier if I was a fraud ,
If you knew how much I don &apos;t want you to be a fake .
How could you know about Jenny ?
A wonderful laugh .
But who wants a pessimistic bore
Lots of money .
We &apos;re talking half a billion dollars .
Not a good position you find yourself in , is it ?
You &apos;re just caught in the middle , aren &apos;t you ?
That &apos;s what I thought .
absolutely .
I feel like I can get through to him .
I imagine he needs it in there .
Michael suffered from a couple of things .
Sorry . I &apos;m not familiar with the term .
But where we just process the image of a lamp ,
Their brains are more open to incoming stimuli in the surrounding environment .
We have to do it in order to keep our sanity .
Do you think Michael &apos;s a genius ?
The loss of both parents very often does that to a child .
He became very attuned to all the suffering around him .
He became a rescuer ,
If &apos;s in my nature to want to help .
You did a lot of good things before you were in here .
What happened ?
All right .
Who ? Avery ? No .
Maybe .
Okay , fine . Your work &apos;s suffering so bad ,
Maybe next time , you keep it to yourself .
In a marriage ? Yes . You keep your mouth shut .
She has what , uh , if you squint real hard ,
Yeah , she had that incident with the hole in the gloves .
I didn &apos;t know how much it freaked her out .
She &apos;ll be pissy , but she &apos;ll get over it .
She &apos;s on her service .
I need to put a gastro-j on the schedule .
That means I have to work late .
And to the people who count on you for support .
Thank you .
Did she ?
And you &apos;re gonna be invited ... plus one .
No , brides are weird . Go think about something else .
Okay .
Well , if Yang can get her act together .
Please .
We &apos;re not talking about me . We &apos;re talking about him .
He has a very nice father .
This is a baby .
I mean , he &apos;s a baby .
Do you think that because I have kids ,
Now you want me to shut down my entire study ,
You don &apos;t have to actually date the woman she chooses .
That &apos;s why she &apos;s doing this , Stan .
You need to tell her yourself .
Because she listens to you .
Besides , this is not such a terrible idea .
A bunch of women she scared up on the internet ?
It &apos;s taking her mind off what &apos;s actually happening .
She thinks she can find someone to replace her ?
Nobody can possibly replace .. her .
Why is this happening ?
I can &apos;t . I don &apos;t have a conduit to put in him .
I don &apos;t know if he &apos;s gonna last that long .
Okay , let &apos;s put him on an oscillator .
As they were incorrectly sliced ,
The supermarket was out of my regular fabric softener .
That &apos;s thinking ahead .
That &apos;s just remembering .
Amy &apos;s changed .
Oh , no . Why ?
But recent events indicate that
No , it &apos;s chilly outside . Didn &apos;t bring my jacket .
What kind of superhero needs a jacket ?
Dibs on the red tights ! &quot;
You got a number for a cab ?
Bet I got you beat .
There &apos;s no way you could beat this one .
Happy birthday !
You know , food for the worms ?
20-something years ago ?
There is no River &apos;s Ed
Unless you like old wives &apos; tales .
Don &apos;t shovel that shit to these kids , Lucky .
If you believe stories for idiots and morons .
It &apos;s a long shot , but we mapped something a few days
See this path through the forest ?
Stop right there .
Look , don &apos;t get the wrong idea .
What the hell is that ?
The deed you have to this house is
they shouldn &apos;t be here , Nick .
You said you &apos;d been swinging a hammer in here for years .
I &apos;ve been trying to tear it down .
You tell you friend to run as fast and as
And you run with him , and never come back .
You come back here , it &apos;ll be the ast thing you &apos;ll ever
What the hell are these guys ?
Ryan ?
What ?
He didn &apos;t say anything !
Get the fuck off of him .
Did he say something to you or not ?
Yeah , well , they know how to throw a fucking axe .
Or he &apos;s just some hillbilly lunatic who thinks the state &apos;s
Oh , shit !
Trust me , no one .
Forest , ravine , car ?
Come on , we &apos;d never make it by dark .
Well , I would rather go into the woods than stay inside
We don &apos;t need to broadcast ourselves .
Hey , hey , hey , hey , hey .
Stop it .
It &apos;s so good to see you with your eyes open .
30 minutes ?
Uh , he and Lillith went to the van .
You were touching the tree .
How would I see anyone ?
was touching a tree .
You said you never wanted to touch him &apos; cause you never
Is that what gave you the seizure ?
I remember when I used to call you that .
What are you doing in there ?
Your father , Nicky .
The door to the cellar ,
I &apos;m not beautiful anymore .
What do you mean ?
I think you &apos;re looking at a door
Wanna give this a try ?
They &apos;re all over the place .
They &apos;re all over out there , just looking
Where the fuck do we go ?
We only have the cellar .
It &apos;s the door .
What the fuck do we do ?
Come on .
Where the hell are we going ?
You mean , if you hope it &apos;s still there .
like Seth knew his real name .
We gotta find the girls .
What are you doing ?
Come on , we gotta find the girls .
It &apos;s a poison angel .
Come on .
We can find .... we can cover more ground .
There &apos;s a glossary of demons .
She is the queen of hell .
They can feel stress , remember ?
That &apos;s all it is .
he &apos;s just freaking out &apos; cause I am .
It &apos;s me , Evie .
Don &apos;t make any noise , OK ?
We have to go to the house .
It &apos;ll just be a few more minutes .
Okay , I am deathly afraid of a lot of poo .
Two kids shit the van on the way here and we still made it .
So just calm down .
It &apos;s dead !
Piece of shit Boost Mobile .
Oh my God , it &apos;s Independence Day .
Oh , wait , maybe North Korea &apos;s invaded !
I hope they got a McDonald &apos;s in here ,
Come on . I know Giucci &apos;s downstairs , let &apos;s go .
How do you think an alien would do against this ?
I got you , brother .
Hurry up .
I got &apos; em ! I got &apos; em !
Oh , shit , he passed out again .
I should &apos;ve pushed harder .
And ...
Look , I know what you &apos;re thinking ,
You sure it hasn &apos;t started already ?
I &apos;ve seen at you &apos;re capable of ,
I saw the two of you in the courtyard this morning .
He started with me .
Not me .
Who wanted him dead besides you ?
How many times have I had you at gunpoint ?
Hell
We only been out here a minute .
The sooner Whistler dies ,
What difference does it make ?
No more surprises , Lincoln .
Can you get any more pictures of Sara ?
You didn &apos;t tell him .
Can we get pictures or not ?
He seems a little sensitive to me .
Leave my son .
Is that what this is ?
Yeah , I &apos;m sure it was really hard
I was looking forward to seeing you
Made up your mind yet , Alex ?
Once the special
What about a special prosecutor ?
It &apos;s a formality .
This is just a formality ?
But the Justice Department
You &apos;ve made a lot of mistakes in your career .
I &apos;ve got eight files in my office attesting to that .
I know who killed that man .
Lechero
Convenient
Escaping together , but properly this time .
Well , well .
Where were you these past few days , huh ?
Nothing .
It hurts .
That doesn &apos;t look too bad
He &apos;s gone south a long way from here . I &apos;ll take you to him , I promise .
Get up . We &apos;re leaving
I was gonna do that anyway and you would &apos;ve heard me
You wanna know so bad
It &apos;s starting to hurt .
Let &apos;s put that bandage back on .
You got any fuel ?
What &apos;s wrong with Australian money ?
It &apos;s paper . It &apos;s worthless .
It &apos;s a piece of fucking paper !
How much you need , man ?
Yeah
Thank you kindly .
You act like they &apos;re doing you a favor to let you work there ,
I know everything , Jerry .
They &apos;ll mock you the second you leave the room , Jerry .
Come on
We &apos;re ... . we &apos;re just gonna go around the table , okay ?
I just wanna say that the picnic
John , you &apos;ll be setting up the barbecue grills
Oh , yeah .
Or a cruise ship .
I &apos;ll set my head on fire before I conga .
Oh , Oh , yeah . Guess what .
I &apos;m thinking that this is a real good time for a walk , Jerry .
She drinks tea in carriages and fucks men
Come on .
You have the greatest hair , Tom .
Do you wanna go ?
On Friday night . I &apos;ll pick you up after work .
Or just meet there , then ?
There &apos;s a show
This is exactly who you are
What do you think ? David lost it .
I don &apos;t believe you .
I told him you were leaving ..
Because you wouldn &apos;t have .
What , she didn &apos;t come to pick you up ?
Hey , I &apos;m here as a friend . Nothing else .
Move over .
But funny ,
Why would you keep that a secret ?
I was ashamed , okay ?
And I hated what I did .
So that &apos;s it ? You &apos;re just gonna walk away ?
But I &apos;m not gonna spend my entire life proving that I am .
You don &apos;t fight for love .
No . I &apos;m just missing home .
It &apos;s slow and it &apos;s painful , but it works .
Going out with other people , seeing friends .
Anne , please .
Uh , no , I didn &apos;t .
It &apos;s why I called Helen and she said she never got my letter .
How could you have fallen this far ?
Two tickets .
This isn &apos;t over , Tade
And I don &apos;t think you have either .
Do you love him like you love me ?
No , it must have been Keith .
When the CD player blew , we had to bring all the records downstairs .
What are you doing in here ?
Oh , look at this . You scratched it .
Dad , they &apos;re just records .
He &apos;s not here to ask , is he ?
tried to warn you .
I know it &apos;s not your fault .
Isn &apos;t that always the way ?
in a gospel band .
Me and my Gibson and Jesus were gonna rock the world .
Those were the days , though .
What &apos;s with the clothes ?
I meant why are they folded ?
Ooh , what &apos;s this ?
Ooh , I have an idea .
Oh , that would be so much fun .
Ooh , and get our hair done , and slow-dance .
You went to seven proms ?
Uh , four &quot; Under the Seas , &quot; Two &quot; Enchanted Evenings , &quot;
She and Amy are out dress shopping for their prom thing .
Ever since I saw Pretty in Pink ,
But then I saw Never Been Kissed ,
Bernie &apos;s really excited .
You know , if you &apos;re not gonna learn how to do this ,
Bruce Wayne doesn &apos;t make his roommate tie it for him .
There , perfect .
It &apos;s my first prom , I want to do it correctly .
I was , but Penny didn &apos;t want to .
Bernadette , Amy ,
Was that a flask ?
I &apos;ve decided to embrace all of the traditions
Oh , no , this is pomegranate juice .
So , anything else planned for tonight ?
Getting our picture taken , slow-dancing ,
It &apos;s gonna be off the hook .
Why would you say that ?
because a lot of people lose their virginity on prom night .
Is this true ?
You don &apos;t have hormones .
Try not to touch it when you &apos;re dancing .
Where are you going ?
You &apos;re making me worry .
What &apos;s going on is we &apos;re about to go to a prom .
What pressure ?
Can you please open the door ?
Leonard and Penny also made comments about it .
Even I looked twice when I saw my posterior
She passed me the Manischewitz ,
So , my mother &apos;s okay with this ?
Because they have a weird , inappropriate relationship .
If you pull this off , you can come up to my room later ..
Just make sure we get paid .
Now , we &apos;ve been negotiating this for months .
I &apos;ve agreed to meet you here .
Be right back .
Let me give you a little bit of advice .
Watch your step with that thing .
Don &apos;t I know it .
Planning the invasion of Normandy .
On a strip of beach ..
What I &apos;m getting at , Gretchen ..
As the moving parts on the ground executing it .
Michael
So where &apos;s your new best friend ?
But Whistler &apos;s not who you think he is .
You &apos;re the first that &apos;s ever done that . Gracias .
You could choose not to .
Michael Scofield left me for dead ...
What is Spanish for &quot; little angel &quot; ?
Who worked for the Company for about ten years .
Do you know what Scylla is ?
So he was going to make a copy of it and give it to me .
You &apos;re looking at major time .
So how would you like to walk away from it al ..
If you help me find her ..
I &apos;m sorry , she &apos;s not my department , Scylla is .
It seems to me ..
Of course .
Only a few people in government will know of the operation .
Or people &apos;s lives will be in danger , mine included .
I &apos;m going to get you help .
Yeah , but maybe you can .
Fernando Sucre , and Brad Bellick were arrested .
And Alexander Mahone is in a Colorado jail cell .
And you &apos;ll have me .
Whistler also said something about a second step ,
But it &apos;s encrypted .
So , we &apos;ve got a data card , which could be anywhere .
The location of which has yet to be determined .
He heard from contacts that I could be trusted .
Why now ?
Okay ? When Whistler was killed yesterday ...
But , uh ..
So this is like job security for you ?
You can collect your pension .
Okay , some people still care about their job .
Maybe you &apos;ve been a little too distracted ..
If we take this deal , we &apos;ll both be dead ...
You guys must have some big-time friends .
Somebody just posted ...
You can &apos;t hide .
How high is your threshold for pain ?
We &apos;re gonna go into the night .
Lighter somehow .
I don &apos;t even know who they are .
No more updates .
Welcome to Los angles .
You need to keep your heads down and your ears open .
All the basic necessities to get you up and running .
On a cop &apos;s salary or pulling weekend gigs as a driver .
He &apos;s highly paid .
And taking six figures from a private security company ..
And then I can pick the guy out from there .
Mexican Desert , 60 miles south of US border .
Oh , I don &apos;t want to die out here .
Why don &apos;t we rest here for a while , huh ?
Si , that sounds good .
To San Diego .
What does that mean ?
What if we don &apos;t have to be in the house ?
Maybe the guy is carrying it on him .
Heavy hitter like that &apos;s gonna have security 24-7 .
Without anyone knowing it &apos;s gone , right ?
You don &apos;t steal the card .
Oh , now you &apos;re interested in what I gotta say , right ?
Not only do you have to steal it .
Only if you don &apos;t got me , hombre .
This is the reason I got busted .
I &apos;m looking at federal time cause I stole a cell phone , seriously ?
It looks like a cell phone but it &apos;s really like ...
Wireless hard drive that swallows up any electronic data ...
Like what ?
Of anyone at Starbucks with a latte and a laptop .
I can walk out of here and get the identities .
On a slow day , with one hand on my junk .
If we can get close enough ...
I shame you in front of your coworkers here .
Could be anywhere , I don &apos;t know .
Right ?
You know , if you go down this road .
Then I better not get caught , right ?
I don &apos;t know what I &apos;m gonna do .
We just got to keep talking . Sancho .
Our empty bellies and our dry mouths , okay ?
Let &apos;s start with , uh , your-your favorite color .
Why should the both of us die out here .
You don &apos;t want to do this . Please .
Sancho .
It must be in there , right ?
In that house without being seen .
Well , if the card &apos;s in there , how we gonna copy it ?
She &apos;s gonna do it for US .
&quot; There is no fighting her . &quot;
I &apos;m a teacher , and I have books and grading materials and ...
In a wagon one of these days .
It has so many pockets .
Oh , no .
Ah , thank God , thank God .
Yeah , my damn truck blew a gasket a few miles back .
We &apos;ve been receiving some , uh ..
We &apos;d like you to check the windows , please .
All the windows ?
Every room in the house .
Does she still have the bag ?
She &apos;s got it .
I need to know who .
Former aid to Governor Frank Tancredi .
We looked everywhere .
Like I said , I can &apos;t read the content ..
Doesn &apos;t matter if we got it if we can &apos;t find it .
It &apos;s still inside the house .
She must have found it .
And then she left it behind .
You know how many months ...
What , you just think I can whip up another one in a couple seconds ?
If they find it , that &apos;s the problem .
What do you mean , done ? What does that mean ?
Are they gonna kill US ?
If we had a few days , we &apos;ll figure out a way to pull this off .
Yeah , you gather right .
You gotta throw Us a bone .
What you &apos;re asking for requires involving additional people .
I cannot do .
No , what I &apos;m asking for is competence , okay ?
In the hands of a damn maid .
That &apos;s it , Michael , that &apos;s ball game .
About the Company , what ..
You know , uh , the one thing I remember most ..
Always walking out the front door .
Mom , US , himself .
Was his belief that the Company needed to be taken down .
Then this is our fight , not theirs .
These guys chose to be here .
They got a choice .
Where the brothers were allegedly sent .
And no one has been released during that time .
I &apos;m just trying to find out who .
I know you bailed them out .
How &apos;s that ?
Because you &apos;re gonna say you &apos;re fine , that you can handle it .
I &apos;ll just leave it at this .
Whenever you want to talk , I &apos;m here .
You were gonna blame yourself .
And , I can &apos;t bear the thought of that .
And just wipe the slate clean and no guilt and no responsibility ?
I don &apos;t want it to be out of a sense of obligation .
Because of what we &apos;ve been through .
Start over .
Our flight time to Atlanta is approximately 52 minutes .
So what did you do last night ?
All right , here we go .
We need to get a move on .
I am swamped . I can &apos;t just leave .
We don &apos;t work at the salon .
Uh-huh . I &apos;m sorry .
Did you say I act like my job is life and death ?
Yeah , that &apos;s right .
Which reminds me , I have a customer waiting .
No , I &apos;ll call you later .
David , you &apos;re zoning out again .
So let me get this straight .
Dead men don &apos;t sweat , do they , Doctor ?
Have a trace of blood , as well .
What &apos;d you find in his pockets ?
This old notebook ,
See how far you get .
Maybe you ought to keep that to yourself .
Yeah . Yeah , it &apos;s worth a shot .
Half the people that work up there are the walking dead anyway .
Uh , I got the DNA results
Hodges has a proposal :
He also wants you to know
That &apos;s all you have for us ?
but not without one big , fat scandal .
At least until one of his students
So the government didn &apos;t want to step on the toes
There &apos;s got to be a connection .
He still receives a government pension check .
Hello , Doctor .
Dr. Aden ?
You got the wrong guy .
We found something of yours .
Banished me from university property .
It &apos;s Philo Farnsworth all over again !
In the pocket of , uh , this young man .
Uh-uh .. He &apos;s dead ?
Actually , the young man in question ...
The Lazarus myth made real ?
It &apos;s , uh ...
In your , um , re-animation experiments , Doctor ,
Could almost reach out and touch it .
The maelstrom .
Except the third person looks like a woman .
What have they done ?
Dr. Aden , slow down .
No need to add baggage to your trip .
It &apos;s going to be an adventure .
See you on re-entry .
Max &apos;s friends Kurt and Alice .
See who his co-pilots were .
You know , in the movie Altered States ,
You wouldn &apos;t want to go venturing
I noticed some faint bruising that started to develop
Hand marks . He was held down .
So drowning is COD ?
Yeah , great for a hitter , bad for pronouncing death .
What are you looking for , Doc ?
The way you &apos;ve got it set , it wouldn &apos;t pick up my heartbeat .
You &apos;re lucky you &apos;re not benched .
Why do you ask ?
Well , I would have to know more about
I want you to look at something .
Tonight , we free ourselves from the physical plane .
She &apos;s got some academic honors awards
Doesn &apos;t take a detective .
Ooh , another one of Dr. Aden &apos;s notebooks .
Dr. Aden said this was going to end badly .
Let-s hope there &apos;s still time for Alice .
It is a date-tag match to a formula
Right .
So how did Alice get it ?
He and Alice were e-mail buddies .
When her mother died .
Alice saw an anonymous commenter
So she e-mails ,
So , here . Kurt &apos;s just wandering campus .
Some kind of interference .
I &apos;m working on isolating the competing image ,
Are we looking through Alice &apos;s camera ?
Where is she , and what &apos;s she doing ?
What , a car stopped for her ?
Wipers , off .
APU Fire Protection Test Button , check .
Climb to 3,900 meters , Sichuan 8633
This toy is for you .
Please sit tight and fasten your seat belt .
It &apos;s 123.7 . Goodbye , Sichuan 8633 .
heck
Continue to climb to 9,200 meters .
Returning to Chengdu
Be careful of the turbulence .
Please fasten your seat belts .
We will make an announcement when there is more information .
We still need confirmation on this .
Years later ,
And that is how people learned that Felicia Tillman
I like anything that &apos;s not orange .
Your settlement check came in .
After all these years in prison ,
What ? To your old neighborhood ?
None of your neighbors supported you during the trial .
Oh , I don &apos;t hate them ...
And so my husband returned to Wisteria Lane .
They hadn &apos;t thought about Paul Young in years .
And he was going to make sure
The letter that arrives by special courier ..
Yes , there are all sorts of ways
Why do I have to tell them ?
Trustees of the hospital feel
&quot; Great block party .
Again , very sorry .
He is gonna be so angry !
You &apos;ll never guess who &apos;s back !
How is Paul even out of jail ?
Hello , ladies .
I &apos;ll tell you the story .
It &apos;s a good one .
Why are you so surprised ?
Oh , wait . That &apos;s right .
I told myself I &apos;d explain how I was framed
Innocent or not , that guy still gives me the creeps .
And he &apos;s using my shower .
You here for your 9 iron ? Damn , I thought if I shaved ,
You look a little pa , buddy . Something wrong ?
Jack , what &apos;s going on here , man ?
Let &apos;s just go inside , hmm ?
Then we &apos;re not telling gaby ,
She has to be told .
but I don &apos;t know how .
Nope . I was wrong . Preston ,
When renee pulls up to this house .
It &apos;s So ... COzy and intimate and ...
You &apos;re learning a lot of new words for &quot; small . &quot;
Sometimes weeks go by without me
Lynette , why so mean ?
Drive slower next time .
It &apos;s all right . We &apos;re just old friends reconnecting .
They work from their own homes .
That sounds like a dream job .
You said you had money problems .
Unto Martha for selling her dignity
Look for yourself ! She &apos;s on camera three !
Just some family photos .
So are you gonna be okay ?
I lost my business , and I &apos;m sitting here
I &apos;m sorry .
It &apos;s for the best .
Well , whatever you do ..
Good-bye , Bree .
I &apos;ve been thinking about our conversation last night .
I &apos;m fine .
I found myself a project .
I wanted to spit in your face .
That &apos;s right . You &apos;re not used to prison .
You &apos;re giving me a lot of reasons
I &apos;ve become a bit of an expert thanks to you .
It never hurts to tip the guard does your cavity search .
Whichever is easier .
They always record the conversations ,
That &apos;s a crazy , groundless accusation .
I have things to do like shopping
Uh , absolutely fearless .
Yes , Renee was always the one with the fashion sense .
I &apos;d never even heard of GuCci or Prada .... .
Or Chlamydia .
And .. somebody got hunt .
Oh , it &apos;s not about the money .
You were adventurous .
It &apos;s just hard for me to reconcile
Why would she do this ?
Two guys , huh ?
I mean , isn &apos;t her life perfect enough ?
So was it one rugby guy and then the other ,
You know , I have shielded you
She doesn &apos;t get to be disappointed in my life .
Yeah . You &apos;re right . You &apos;re right .
Pork chops for dinner .
Something wrong ?
Without that money , I can &apos;t hire any help .
We &apos;ll never get outta here like that .
The wine tasting ?
As you may have gleaned ,
No , no , of course not .
Hold , please .
We knew they &apos;d shoot that down .
They have the luxury of being unreasonable right now .
Their witness lineup is better , and they know it .
We &apos;re here .
We &apos;ll see you in court .
Hi , Sofia !
I &apos;m so sorry about this .
I &apos;m thinking pancakes for breakfast .
Let me have a look there .
Getting fluid in her abdomen .
This baby &apos;s barely viable outside that womb .
You can repair it , can &apos;t you ?
Throw in a plasma patch , hope for the best .
Then a patch is the way to go .
Now you &apos;re confident in a plasma patch ?
Kepner ?
Stay in your lane , Dr. Karev .
I &apos;ll update the mom .
Well , she &apos;s still in surgery but doing great .
And the baby ?
It &apos;s too little to be born , right ?
I-I need you to sign one more form
Morning ! Come on in !
I &apos;m sorry . It &apos;s been a really rough morning .
Callie and I swap all the time .
Could you please tell the court the tally at the bottom ?
We know she was out with you at least 25 times .
Now , let &apos;s just pause and think about this for a minute .
150 out of 180 .
Sustained .
So , Callie &apos;s okay slut-shaming me now ?
They &apos;re making it sound like a working mom is a bad mom .
All you gotta do is come and get it .
God damn it , be careful with that !
That cost a lot of money ,
No one &apos;s got a fuckin &apos; name like Osgood .
I try to behave like a gentleman , Doris .
You think less of me , don &apos;t you ? For walking out
I say that &apos; cause I think it &apos;s the truth .
I lectured on economics at Yale .
I was the National Golden Gloves champion three years in a row .
Jesus !
I lie alot .
Shall we say 7 : 00 ?
It fuckin &apos; worked ! It really worked .
You said I was a coward and my breath was bad .
What was that , man ?
Heh , women , they like honesty .
All right , fresh from the bank ..
What &apos;d I miss ? The special specimen .
Okay , she &apos;s dead , but she won &apos;t lie down .
I could get a key to a $ 1,000 suite .
Give me something I can cherish to remember .
Okay . Thank you . Come on .
Discs , tapes .
Even if he denies it , it &apos;s something .
It &apos;s a bit late for that .
Then you &apos;ll be subpoenaed and forced to repeat this whole story .
Then I &apos;ll give them this .
Aren &apos;t you , Frank ?
Don &apos;t look so shocked . What did you expect ?
Except you &apos;re not working for Lang anymore .
You know all this is pointless , don &apos;t you ?
Good evening , sir . Hatherton welcomes you aboard .
It &apos;s my first time in a private jet .
Hi , man .
Yes , sir .
Leave it off for now .
Mike would never have believed such crap . He was too clever . Too loyal .
How do you know that ?
Do you mind if I don &apos;t think about that ?
I &apos;m not jealous .
But at least I know she &apos;ll be having a long day at work .
I &apos;d like to see you get back under 145 .
puke .
Somewhat ironic .
Can you lift your shirt ? So I can examine your stomach ?
These scars are still pink .
You did this in Mexico so your parents wouldn &apos;t know ?
And you noticed her foot twitching ?
My foot .
About three months ago ?
We took her to county hospital , and she got the C.T. scan ,
A lot worse . They don &apos;t have the proper equipment back home
Right away .
Yeah , and thanks for it .
I didn &apos;t give it to you . It &apos;s all over the hospital .
Disease , diagnosis , and prescription from one man .
This is not gonna make me go home .
But I feel fine .
What ? Are you trying to get her in trouble ?
George , this program will make or break our careers , okay ?
And that decision depends entirely
He &apos;s the attending . He should know better .
It didn &apos;t exactly sound like
I think so , Dr. Shepherd .
Here you go , doc .
We &apos;re gonna put this on your arm , okay ?
Here , we &apos;re gonna put that onto you , like that .
This is a butterfly .
Mmm , there we go . Blanket for the butterfly . Good . Nicely done .
Hey , you like spaceships ?
You do ? Okay , should we take Captain O &apos;malley ,
It &apos;ll be safer to wait until your lunch digests
Where did you get the idea to do this ?
Honey , there is a healthy way to lose weight .
What are you eating ?
Most of the time , when people hit their target weight ,
It &apos;s ... stressful .
I could focus more on my studies .
Life doesn &apos;t work that way , Claire .
What ? You want to argue this ?
Left untreated , the disease is gonna kill her .
Too soon .
The treatment requires the diseased portion
Her brain &apos;s not fully developed ,
There are risks to any surgery ,
Look , I know this is a lot to digest .
Thank you .
Yes ? What
Are you in , or not ?
Good .
We &apos;re gonna cut out half a girl &apos;s brain
Almost makes it hard to hate him .
Oh , no reason .
You know ?
She knows .
We need to free the bowel from the adhesions caused from the abscess .
What was she thinking ?
She wanted to please her .
Great .
She gets good grades .
She &apos;s smart .
Come on , Taylor , she &apos;s waking up .
Uh , he &apos;s asleep !
Dr. Taylor !
My bad , Shep .
Aw , I nodded off . Come on .
Steph , get me some coffee .
I &apos;ll be fine . It won &apos;t happen again .
Uh , Steph , call Dr. Pennington .
Get out of here and get it together .
Does that mean you believe he &apos;s innocent ?
Whether it &apos;s just or not
And we will be here with you throughout the night .
How long until ..
Are his lawyers making any progress ?
There &apos;s only one person who can really stop this execution .
Just to talk.For five minutes .
OK ..
I &apos;m told that you have to wait until final visitation .
Believe me my father knows where I stand on the death penalty
This is ..
Just talk to Lincoln &apos;s attorneys
And if I &apos;m the one asking for clemency for your brother
Yeah but a secret informant claims that Steadman is still alive ?
You &apos;re his clerk just get US on the docket .
If he grants it he can order a stay until the tests come in .
No way .
We studied for the Bar day and night in that crappy little apartment of yours
Come on Lyle everyone knows you run that courtroom .
The informant that was killed yesterday I was there .
All we &apos;re asking is to be heard .
Thank you .
He knows you tried
So yes .
Enough man all right
Back Up or I &apos;ll beat your skinny ass into the ground .
All right ladies rec time is over . Back on the block !
And I will collect .
Thanks .
Let me worry about my problems .
Once about 10 years ago
And it may sound crazy
So if something happens to the chair
A new death warrant another medical clearance .
Yo what scrapes yo ?
I know time is of the essence .
These little bastards are the bane of my existence I swear to God .
Yeah they &apos;re attracted to the heat when they &apos;re cold
Not by chewing on the wire alone but if the tail touches metal
So can you change the fuse ?
Can you do it now ?
Yeah .
Make me .
Hair gets in the way or something .
I know you did .
Remember Derek ?
I said make it $ 100 .
She &apos;s supposed to be coming .
I got to get my head straight .
I can &apos;t take it anymore .
I have to see him .
You &apos;ll never make it through the gate .
I had a dream last night.You and me were working on a house
It was so clear . The whole dream .
I know it .
Him him ?
What the fuck is he hoping to find with these losers ?
They &apos;re total sluts here .
No manager . Just the girl .
Yeah , we &apos;re coming , we &apos;re coming . Who &apos;s there ?
At the Timone D &apos;Oro ?
Sergio needs to finish something for work first .
Two details that will soon be resolved , Fabrizio !
And you &apos;ll go back to Taranto dirt poor .
It &apos;s so old-fashioned ! I haven &apos;t touched coke for a good ten years .
No , I understand .
Nothing . You weren &apos;t talking .
... Sergio Morra .
You do everything you can to get yourself noticed .
Well , I like to keep busy .
But they &apos;re not enough anymore .
Darling , could you look after the boy a moment ?
Luigino , why don &apos;t you drive around over there ?
I &apos;m saying that we lost
All those broken promises ..
His collaborator sentenced to nine years for ties to the Mafia .
He goes abroad and says ,
Isn &apos;t that true ?
He &apos;s 70 years old , Cupa .
I know where you &apos;re headed ,
Fuck you , Santino .
What the fuck ?
I &apos;ve never cheated on Sergio .
You &apos;re a piece of shit !
Because I &apos;ll tell them everything , Santino ,
Do you have any wishes , Sergio ?
Yes , I know , I know .
Where the hell are they going to go with that pathetic majority ?
Are you bored , love ?
Shall we do something after the Bagaglino Show , darling ?
Yeah , Geri was delighted .
This cost me 300 euros and it looks like shit .
If only all you needed was a top to make the difference , love !
Let &apos;s hope this shit doesn &apos;t go on too long . Oh , God , here we go !
How did you know , Silvio ?
An indefatigable lover of my calibre
On one condition .. that you don &apos;t omit her name .
Tamara Morra . Do you know her ?
A good-looking woman .
She urged me to stand as your successor
Whoever is not with me is against me .
Two things . The salesman is a lonely man .
So put that aside , but don &apos;t forget it ,
Augusto Pallotta , head of sales at Pallotta Real Estate Ltd .
Yes , ma &apos;am ,
Neither do I , ma &apos;am . If I &apos;m calling you now ,
Yes , ma &apos;am , everyone dreams of owning a home .
Not because the wealthiest man in Italy ,
So if all these inferences of yours are not the reason ,
The problem is that , while I waited for you , I remembered something .
What the writer Javier Marias said about you .
He said that when you attend international summits ,
I studied whistling technique in Dubai .
And I brought her here because she &apos;s dying to meet you .
Dear Veronica ,
I have a favourite writer as well .
I don &apos;t give a shit . Round them up . You &apos;re drowning in debt , Fabrizio .
You &apos;ll help me ?
I can understand that .
It seems that a sort of handbook has been drawn up ,
I do as I please .
At least your jokes , Silvio . Could you at least avoid telling jokes ?
What about Churchill , then ?
Was that less melodramatic ?
&quot; You were good , dear , just a shame I couldn &apos;t hear anything ! &quot;
Fine , but remember that this bimbo
Maybe that &apos;s why I felt the need for companionship .
Fine , Silvio , fine .
We &apos;ve had enough of it . And you want to know something else ?
It &apos;s not true you &apos;re as skilful as you say you are .
You are so naive !
Do you think they &apos;re all blessed with righteousness except for me ?
They &apos;re all like me .
But I did it better than the rest of them , because I am the best .
But I have a duty to be completely honest with you .
If I come back later , it &apos;s because I won .
Why won &apos;t they let me govern ?
Instead the leftist judges torment me with trials ,
What did you expect ?
Yes , that &apos;s exactly what I expected .
Or maybe I never got on it .
A few days ago , in some magazine ,
they all look like Veronica .
One day there was a girl here .
I approached her and she said to me ..
&quot; Anchor . &quot;
I believe I can do that for your viewers
I studied journalism at the University of Texas .
Good answer .
and , um , I am recently engaged .
Skeletons ?
I &apos;m a good girl .
Be well . Good day . Good day .
Five minutes to air , people .
Its down to you and Wendy Chang .
Madeline .
Is she done , or ... . ?
CK is one block south .
You really shouldn &apos;t use hand sanitizer like that . It dries out your skin .
The one with floral or the one with floral ?
They can be so bad sometimes .
Throwing things , hitting me .
Were you smoking ?
Do you want some pancakes ?
I know you hate butter .
Anything ?
Damon fucking eats . And he keeps it in .
When you were a .. just a little baby ,
I can &apos;t wait till we get that money .
American toothpaste .
Why are you giving it to her ?
Well , you don &apos;t want me to have it .
I have no poker face .
Caroline , I &apos;m warning you .
Even if I beg you , don &apos;t tell me .
Your dad wrote and directed this thing too ?
Yikes , it says here
We &apos;re seeing an understudy ?
Steel bars
Well , we won &apos;t keep you prisoner much longer .
Second half ? That was three hours !
Especially the escape attempt scene .
He sure is a big man on his blog ,
All right , well , here you go .
I &apos;m real sorry to hear about you and Max .
Why does every single person keep telling me
Here . Let me do that .
You only have to work on Wall Street , okay ?
Daddy , did you and Max talk about this ?
You could still be friends with Max .
How do you know where I belong ?
Now can I watch this fucking in peace
Yeah , go on . Pick one .
Okay !
Here , how much you charging anyway ?
Mummy &apos;s gonna show you how to eat spaghetti .
No , Lucy , not with your fingers !
So I said to myself , &quot; Who are my two best men ? &quot;
Believe me , I &apos;m a mother too .
There was evidence of
How much , would you say ?
I am aware that your husband died .
I &apos;m very sorry .
My husband being murdered ?
I mean coping .
When Nursey falls on to the floor in a ...
And mummy tells you to let her ..
Penny made me watch all five seasons
Oh , crap !
We go to Paris with Carrie and get our heart broken ,
Door .
We &apos;re supposed to play here .
Tell me everything . Go away .
Are you pissing , right now ?
No pissing in the schoolyard !
Well , my friend , I know an Indian
So what has Mamaji already told you ?
He would say that about a nice meal .
You &apos;ll decide for yourself what you believe .
Let &apos;s see then . Where to begin ?
Don &apos;t let the stories and pretty lies fool you , boys .
My dear Apa believed himself part of the new India .
He used to lie in bed wracked with pain ,
religion was the only Tink she had to her past .
ur religion was the only link she h
Challenge . L give you two rupees .
You must be thirsty
Why would he send his own son
But we can understand God &apos;s son ,
But God wasn &apos;t finished with me yet .
And so it was he introduced him to me again ,
But the sound and feel of the words brought me closer to God .
Who gave you the permission to come back here ?
I-I just wanted to say Hello to him .
He &apos;s an animal , not a playmate !
When you look into his eyes ,
You stupid . Say &quot; I &apos;m sorry . &quot;
I am sorry .
This is between a father and his sons .
Scare them ? That boy almost lost his arm .
He will be a man sooner than you think .
Come inside and have some diner .
Oh , my sons and I are vegetarians .
Not for gravy .
Hello .
So I eat rice next to gravy .
It &apos;s taste . You try ?
We will have plenty of fresh supplies after we stop in Manila .
He &apos;s not gonna cause any trouble .
We don &apos;t want to be cleaning up ,
It &apos;s my bed .
Don &apos;t you see the island was carnivorous ?
Yes . The whole island .
But at night , some chemical process
I couldn &apos; leave without him , of course
I knew he wouldn &apos;t be ate
And you won &apos;t read about those trees in any nature book .
And if I hadn &apos;t discovered that tooth ,
Even when he seemed indifferent to my suffering , he was watching .
And gave me a sign to continue my journey .
My strength was gone , I was so weak .
I struggled to shore , and feI upon the sand .
And somewhere , two eyes were smiling , that having me there .
The cook ... was a disgusting man .
We had food enough for weeks ,
But he was resourceful
&quot; Nipola ! &quot;
Couldn &apos;t look away ...
He threw her body overboard ,
e didn I even fight back , he knew he &apos;d gone too far
I &apos;m not making anything else !
I &apos;d play your Dragons or whatever if you asked me to .
You &apos;re serious ?
I don &apos;t know , I &apos;m just saying that I &apos;d play if you asked .
Can you hang on a second .
it wouldn &apos;t kill you to wash a dish either .
My brother is a snarling ball of anger and my sister is ..
Good times .
She just wants to play with you .
Dave , u &apos;re on that thing all the time .
No , it &apos;s weird and stupid !
So Ur is twenty miles tall ,
s so lonely that in his anguish ,
the first dark kings of the Earth .
Giants are vermin ,
They can hit thirty feet and come in all flavors .
Swamp Giants will clear out a whole village of people ,
hese creeps , they &apos;re Harbingers .
you see a Harbinger , a Giant is around .
These are the big guys .
Giants aren &apos;t real .
There you have it .
Once they find food they don &apos;t go for the bait .
I want to see if it took a bite out of this guy , though .
See , you never give up , Barbara .
But then you &apos;d be old .
Why weren &apos;t you at school ?
What I do know is their end game
But I don &apos;t want to involve you in this mess .
I &apos;m not asking your permission , James .
I don &apos;t understand everything that &apos;s going on ,
Find out what their plan is , see what they &apos;re all about .
I don &apos;t trust any of these guys .
Now , can you fix the electricity
The water pipes are inside the prison .
Look , bro , um , I &apos;m going to be out of your way real soon .
It &apos;s coffee bean season ,
All right , well , before you get out of here , man , I
Just a couple hours , that &apos;s it .
I &apos;m going ake money and send it home .
I spoke to James .
You and I , we both have people in there
Your Spanish as good as your English ?
I just have one favor to ask .
You , you can bring your men .
I &apos;m getting something out of this as well ,
I won &apos;t know for sure until we can start digging ,
And you , patron , if anything goes wrong .
You have my word on that .
I &apos;ll keep this boy in line .
I don &apos;t need your help .
I heard you talking just yesterday .
You know , about how US Americans should stick together .
What is it , a &quot; 66 or a &apos; 67 ?
I gave him shovels too , and guys to work with , just like you .
He said he was doing me a favor
Hog-tied and left in a pipe under my own prison .
The soldiers are watching him .
He &apos;s buried something in a junction box out there
Let &apos;s take a walk , eh ?
I &apos;m just doing what I &apos;m told .
Hmm ?
And I will meet you there . Okay .
I just want to get this done .
Stay here .
But you will still just run off and do whatever you want ?
Lechero wants to talk to you .
What the hell are you doing in prison ?
It &apos;s perfect .
It &apos;s what you wanted , right ?
Good work .
Uh we wait .
You know what you need to do .
When i fix electricity for reason ,
Actually , it &apos;s in both of our best
Hey , brother . Want a cold one ?
I seen a lot of crazy shit but never a murder .
I guess he did it to her earlier in the day .
Them girls your nieces ?
Yeah , what you got , kid ?
There &apos;s a guy runs a clinic on Broadway .
What ? You take down doctors ?
This guy has a sampler pharmacy on the premises .
I need somebody to front a van , help me move it .
Someone like you at the table when the deal goes down ,
We &apos;re just down for some sun and waves .
You don &apos;t need 10 grand , man ?
Thanks for the beer .
You know who this is , you son of a bitch .
Yes . I remember , Mr. Cade .
I can &apos;t say . I just
We need . Roy , you didn &apos;t We need to do a biopsy .
Then why did you keep the ring ?
You &apos;re still a bad liar , Dave . I like that about you . It &apos;s a good sign .
No , I have a life .
That puts you on his list .
This is crazy . You see how crazy this is , right ?
You help me get it back , you &apos;re done .
You can walk away .
Whoa , whoa , whoa , whoa !
Please don &apos;t do that . What are you doing ?
Whoa . What is that ?
Sorry about that . It &apos;s just nice for them to see a genuine icon like me .
And before that , we need to find the boy .
We &apos;ll wait until he &apos;s alone .
Dave ? It &apos;s Becky .
Could you please hide ? Hide now . Please .
We have important work to do .
She ?
The truth about who &apos;s inside the doll ?
Tell me , have you ever been in love ?
No , no , no , no . Don &apos;t deny it .
Shut up .
I imagine I want it for the same reason you did .
But I inherited this property from my uncle .
He was the one that let them put these tanks up here .
I offered to lease this site to you for a very fair price
I like to own the things I use .
Yeah , I &apos;ll see you back home .
Okay .
Thank you .
They &apos;re too weak to make a living or even fight with their own hands .
So , you guys have done what you needed to ?
Well , you just said you &apos;ve done what you needed to do .
I &apos;m not exactly sure , you know . I just got here at 4 : 00 .
Right .
Hey , why &apos;d they want it ?
Trucks 14 through 23 are on the road .
Nick , the gasket &apos;s good . You should get over there and get going
But also know that I have never taken anything from anyone .
We &apos;re on the same side here .
pretending like the elephant perched on the corner of my desk isn &apos;t there .
but we believe that you and your company have broken the law
It &apos;s a little awkward , obviously ...
You know , out of respect .
But know that you &apos;re wrong .
Abel !
Sure .
It &apos;s a gun .
Where did you get that ?
She was playing with it .
It was a fucking goon with a loaded gun looking in our window .
Let &apos;s look at it like a badge of honor .
You need to go home right away ...
How far back are they going
One other thing . The bank .
I want you both there . Just be up front . Be honest .
God knows they &apos;ve given money to bigger crooks than us .
It &apos;s not like when we was driving
He feels very strongly about it .
I don &apos;t think he fully understands .
Well , first of all , it &apos;s illegal .
My responsibility is to provide ..
We cannot stay like this any longer .
We &apos;re so weak right now .
Because I &apos;ve got my entire savings at risk on this deposit .
I mean .. this . Why do you want it ?
Yes , I &apos;ve thought about it . I &apos;ve thought about it every day for the last five years .
I &apos;m not talking about that place .
I have no idea what you mean .
Here you go .
I understand and I apologize . I do .
Let me check something .
I &apos;m gonna fucking kill this guy .
Abel . He &apos;s saying it &apos;s a bad time .
Anna Morales .
I understand you and your men have a job to do here .
Excuse me ?
We &apos;re not who you think we are .
Good for you .
Not even close .
I would start treating us with a little more respect .
he will make it his mission in life to ruin you .
And you &apos;re not gonna find a fucking thing .
Six , what are you doing back here ?
You come out under the bridge . It &apos;s a park .
You &apos;re welcome .
It &apos;s still up on the bridge
It &apos;s 16 . Someone shot up his truck on the 59th Street Bridge .
Seven months . Six and a half
because you said that you would be there .
one with 16 counts of misconduct .
And then today , in the middle of our meeting
for your assistance in attempting to bring in the driver .
Yeah , well , the officers there didn &apos;t set it up very well on their end either .
Miss Lange .
that it might be beneficial on your end
So we have prepared an offer for you to review .
It &apos;s good , Andrew
Of course you do .
But I need more time .
after a very frank conversation ..
As you know , there are plenty of other smaller providers in the area ..
Peter , thank you .
I guess I kind of knew what I was doing
That &apos;s great .
I told them that their dad was out there
and that there was no man
Of course .
You &apos;ve grown .
I know . I know . But you have .
I don &apos;t know how you get any work done around here .
Your Far Rockaway facility bought a load of fuel .
That &apos;s not possible .
just thinking about the cowards that have done this ..
Do you have any receipts over the last year ...
So I &apos;m guessing there &apos;s at least , what
I said . 213,000 .
Okay .
I ... I-I only bought a couple loads .
This may ruin me .
But if you &apos;re this fucking desperate
All right , well , when you find out who else did it
or you &apos;re gonna have the feds at your doorstep by noon .
We are not nice people to borrow three quarters of a million dollars from .
You know , I &apos;m ... I &apos;m gonna think about this .
Can you believe it ?
Let &apos;s go .
Why don &apos;t we just spend the night here ?
I know .
That &apos;s not true .
You want me to put anything in for you ? !
Oh , good ! I got that new stain stick to try out !
Okay , I see what you &apos;re getting at :
Because there we also have a HomeTown Buffet .
Yes , quite the kerfuffle .
Walked right out the door .
Enjoyed a delightful dinner at a reasonable price .
Right next to it !
Why &apos;s that ?
You &apos;re just repeating what I said .
Trust me , call her .
I was this close .
You &apos;ll appreciate this .
Tell him you &apos;re not mad at me .
Enter Wesley Crusher , played by my buddy ...
Boy , if these walls could talk .
I can &apos;t believe I &apos;m not going to live here anymore .
Right here is where my mom used to mark my height .
Seventh grade .
Ninth grade .
When did you figure out you were allergic to nuts ?
Okay .
Yeah , I guess .
Go on ahead .
We &apos;re not standing outside by the U-Haul
What brings you in ?
Are you finally getting fuzz in weird places ?
It &apos;s calmed the pants off me a couple of times .
So , the heart you got from the wizard giving you trouble ?
Someday , scientists will discover
Look , just apologize .
The core problem is that Amy and Wil do not like each other .
And I like them ,
Not true .
And let me tell you , that was a hard row to hoe .
Boy , that is a treat that &apos;s hard to beat .
You might want to pace yourself .
I think I know what I &apos;m doing .
I have a card for emergencies that I pay for myself .
That &apos;s a penguin I sponsor .
What is Pink Cheeks ?
Maybe you should find someone
No , absolutely not .
That is a foolish expense , and I forbid it .
You &apos;re talking about me . Very funny .
Wait , wait , who &apos;s gonna break it to the penguin ?
Yeah , I &apos;m putting you in charge of my finances .
Very well .
You can &apos;t buy one .
I should hope so .
There &apos;s got to be other ways you can make a quick buck .
Ooh , maybe I could sell my blood and sperm .
Here , let me help you .
My mother in korea is working
Uh , Max , do you wanna move in ?
Stand up to her . You &apos;re a 53-year-old man .
What ?
What do you got , a case of the Benjamin Buttons ?
What ?
Yes , what makes you think I &apos;m older ?
That car just exploded in front of those two girls ,
I don &apos;t know . I mean , it &apos;s kind of a big deal .
Well , I &apos;ve apologized about it twice .
Yeah , I could have died ,
It &apos;s violence against women .
Talk about violence against women .
At least she won &apos;t make me feel guilty .
Well , at least your fanny pack
Hair flip and go .
Now , look who &apos;s walk , walk , walking with purpose
Really ? &apos; cause I went to movie jail with Han .
We have a mug shot .
That &apos;s right , Han-nie and Clyde ,
An unobstructed view of my sweet , sweet ass ?
What a selfish thing to say .
I was pretty bummed to be paired with a freshman .
I &apos;m going to be your spirit guide .
No problem .
I like your sweater .
Congratulations .
I &apos;m happy you decided to join us , son .
Yeah .
Um , I would love to , but I think if I want to be employed
Very easy . Point and shoot .
No , I &apos;m fine . This will be comfortable .
I &apos;m setting the alarm for 5 : 00 a.m. , okay ?
I have $ 20 set aside for breakfast ,
I &apos;m a little bit more of a visual learner .
Let me just pull it up really quick .
In the back .
Whoa , whoa , easy .
I &apos;m Jarrod . So where you headed ?
Can I come ?
Anywhere you want . This isn &apos;t Applebee &apos;s .
If you &apos;re gonna shoot your shot ,
Can I get the spaghetti and meatballs please ?
We don &apos;t really have a side salad .
Okay , just the burger then is fine .
Thank you .
That was nice .
Could you drive us to the closest bus station ?
I mean , closest stop is probably Amarillo .
That &apos;s true . Hop on in .
Um , I don &apos;t know if we have time for that .
Let &apos;s do this !
Here we go !
Looks like 23 &apos;s losing control !
Into the wall . 23 is out for the count .
There go your ride right there .
Yeah , we &apos;re trying to get to the bus station in Amarillo ,
Oh , thank you , wow .
do you have any more of those sprinkles ?
is it for someone special ?
do we have any cereal ?
for the rest of her life ?
oh , hey. do we still have that trampoline in the garage ?
i would be up in my room , reading ,
hi. hey , mike .
No , no , no . Slow down .
I already have .
Oh , god .
Oh , my god . Oh , my god ! It &apos;s from him .
Hugs and kisses .
I &apos;m going to call him .
Um .. what else didn &apos;t she tell US ?
Did she tell you she can hold her hand Over an open flame without crying ?
But it &apos;s not all her fault .
I &apos;m back . Who &apos;s ready for dessert :
I &apos;m channeling my anger into cleaning .
You do realize that scaring those people off Doesn &apos;t change anything .
You can &apos;t imagine how many people want this baby .
I &apos;m sorry . It &apos;s my grandchild .
Matt , drink for my friend here .
Whiskey , straight up .
Jerry .
Not much of a talker , huh ?
What do you do for a living , jerry ?
If &apos;s like she doesn &apos;t realize this whole thing Is killing me , too .
That &apos;s why she won &apos;t stay out of it .
When it comes to her kids ,
And if you sont through all the times in your life That she drove you nuts ,
I know .
That &apos;s a pretty good one .
Well , some people at school think that &apos;s inappropriate To do on the playground .
No , no , no , no kissing ryan anywhere .
First , kissing , then get married , Then he buys me presents .
Honey ...
All right , guys . No more junior varsity bullshit .
Something Billy won &apos;t see coming
How are we going to do that ?
Vicki , are you crying ?
If it makes you feel better ,
Hey , Max , if I &apos;m going to die tonight ,
And I missed you . I missed our friendship .
And so , I did some really bad things
Tina .
Look , man , I got this , all right ?
Billy Murphy was a kid who went to camp here years ago .
He was always picked on for being different , ugly .
And then one summer , the hottest one on record ,
Legend has it Billy still lives in these woods
I wouldn &apos;t count on it . Let &apos;s move .
Speak for yourself , girl .
You &apos;ve had like 15 of those in the last 30 minutes
Let me eat my feelings in peace .
Do you hear the words in your head first ?
My shift &apos;s almost over .
And what beautiful rounds they are .
Honey. they don &apos;t find mud . Mud finds them .
Eh , a few days .
realizing how big it is , how quiet it is ..
Now .. you tried destroying the neighborhood .
I don &apos;t know what I wanna do .
No , no . Phase two is about the future , not the past .
Oh , my god ! Look behind you !
Oh . Hey , Felicia .
And here I was concentrating all my pity on the dead people .
Yeah , we understand Beth gave you a kidney ,
But that kidney gave me a second chance in life ,
To US , our decorating firm ,
Tomorrow , not walking in on Mr. Delaney
Well , $ 290 after this champagne .
Why is the glass always half empty with you ?
I just got my budget .
That would be huge for our company .
This might be a good way to sneak in
This may be the dog shampoo talking ,
Hey , roomie !
Those are beautiful .
They felt terrible about breaking your mirror .
Oh , you haven &apos;t been upstairs yet .
But look how beautiful .
Well , I needed to get your attention .
Oh , don &apos;t try to make this my fault .
Yes , but breaking into my car is criminal .
I &apos;d love to get a policeman &apos;s opinion on that .
Oh , my . You are a policeman .
Girls , get back here !
And I will not give up .
Neither will they .
Good to see being married to the boss gave us the leg up .
Sorry about the wait .
Closed a deal worth $ 10 million . Phyllis ?
The overall look we &apos;re going for is very warm and inviting .
That sounds great , but I already know what I want .
This is Donald Trump &apos;s office .
Then I remembered that pant of her was still alive somewhere .
Smells good .
Right . You said you were cooking for him .
Well , just trying to be a good friend .
You do ?
I know what you &apos;re thinking .
And now I just want things back to normal .
I wouldn &apos;t begin to know how to make a pot pie .
But don &apos;t tell Paul , okay ?
I know how to keep a secret .
&quot; Initial symptoms include nausea and vomiting .
As if he had one .
death . &quot;
It just goes to show ...
But we &apos;re still one heck of a team .
I don &apos;t get it . He just keeps getting worse and worse .
You &apos;re a good friend .
Hey , sweetie .
No , I have to get this done .
Mrs. Van de kamp says those are for after dinner .
I &apos;m not saying I love this more than you and Celia ,
No , thanks . I &apos;ll have an apple .
Okay , those go right in front of the desk .
And watch the .. yeah . Thank you .
I almost bought you
Yeah , and I felt bad about it ...
I &apos;ve got two dragon lamps in my car .
I &apos;m sorry. but trust me ,
Tom said what he thinks he wants .
And you have to admit ,
What ?
I guess you found someone to loan you that gun .
I spoke with the girls . They &apos;re pretty sure
Why would they say such a thing ?
Gaby ? What &apos;s with the panicked pho calls ?
The girls got all freaked out and called the police .
I think I know what this is .
They must have gotten confused .
It &apos;s hard on kids when their parents are apart .
I mean , not &quot; funny &quot; funny , but sad ... funny .
Hey , girls ...
Let &apos;s go pack your stuff . I &apos;m taking you home .
I &apos;d have felt pretty dumb
When I heard the address , I said , &quot; I &apos;ll take it . &quot;
Your neighbor , Mrs. Tillman . Here &apos;s my card .
Okay .
I &apos;m a detective . I find clues . I don &apos;t give them .
Good night , detective .
I can &apos;t believe you told them .
I told her the truth .
We have to face it , Gaby .
So what am I gonna do ?
I feel guilty enough about Carlos losing his mother .
No , that &apos;s not cool .
If you don &apos;t eat , I can do it today .
No , I ... did not .
It just seems like it &apos;s a lot to do all at once .
It &apos;s an all-or-nothing approach .
Some will be a snap , but there are a few tricky ones ,
We &apos;ll get it .
Um , it &apos;s sort of like trying to get past level six .
We will eat all those dots and kill all those ghosts .
Oh , I switched with Knox .
Uh , I don &apos;t know if we met before I left .
I got you that pizza stone .
Yeah , I got you , a , uh , a circular clay stone
The crust that always stick to the edges never get burned .
You broke scrub .
Your left hand dropped below the sterile field .
I didn &apos;t move my hand ...
It did . I saw it .
Miranda. you need a minute ?
10 blade .
Ready with tumor number one .
Already going great . One down ..
He was diagnosed already stage iv .
He ignored his symptoms ,
Well , you &apos;re right . He is a typical teenager ,
What ?
That way we &apos;ll be able to reach tumor number two .
It &apos;s a plastic blob.I &apos;m starving .
When will the model be done ?
That long ?
If you want it faster , page god .
Like an actual vascular graft ?
In Japan , they &apos;re 3-D making conduits
Why can &apos;t we do that ?
He wouldn &apos;t need surgery after surgery
We fix the hole .
It &apos;s just a routine complication .
Everything &apos;s under control . We &apos;re good .
Put it to the left , dumbass .
Are you a half
Those are things Mark Sloan used to say
You know , I convinced him to start teaching you .
Hand them the keys .
I know . It &apos;s just so fun .
Right smack in the middle of the liver .
Skip it ? Why would we do that ?
No , we planned this surgery in an order .
Alex , if we remove the other ones first ,
It &apos;s the hardest one .
But you &apos;re seeing other people , obviously .
I &apos;m so sorry . That was way too personal .
I &apos;m just not used to it .
Well , then , come work here .
We &apos;ll isolate the vessels ,
I don &apos;t know if you can , Mer .
Nice work , you guys .
Do we need both ?
If there &apos;s a breakdown somewhere in the anastomosis ,
No , ma &apos;am .
So , uh , Wilson , as I inject air into the N.G. Tube .
I &apos;ve been stuck in this bed ,
Ready to get back to my feet and ...
I lost myself there for a while . Kepner .
There won &apos;t be enough functioning liver to support this kid .
You print one damn fork , and now you think
And I need this conversation to be over !
Is that how the decision &apos;s made ?
What ?
No , no , between you and me .
Listen , the whole fucking game has changed .
Fuck that ! I fuckin &apos; love this place .
What are you gonna do with the rest of that ?
No , buddy , you got to drink every drop of that . You know why ?
It &apos;s true . Go on . Put it away .
So ...
Oh , I remember . Something did happen .
Timmy . He &apos;s the kid who &apos;s always trying to trip me .
So I punched him in the face .
Jimmy .
Is that why you think you got in trouble ?
You got to learn from these things , right ?
get in trouble because you punched this sneaky brat in the face . Not at all .
Jimmy ?
No , that &apos;s absolutely what I should be tellin &apos; him , babe .
it &apos;s not what you do , it &apos;s when and where you do it ,
Yes , I follow .
That &apos;s exactly right .
it didn &apos;t happen .
Good afternoon , Officer Flynn .
Do your fucking job !
I &apos;m sure the officer didn &apos;t stop us by accident .
In fact , I am .
Says he doesn &apos;t like finding his boys
Listen , motherfucker ,
Close the fucking door .
It &apos;s a sad day when a native son takes up with his oppressor .
Penalty &apos;s death .
Take it easy , will you ?
A fuckin &apos; prick .
Swear to God , I &apos;m gonna fuckin &apos; kill him .
Take it easy , will you ?
I couldn &apos;t have said it any better .
And no one &apos;s gonna raise an eyebrow
you can &apos;t kill anybody , Jimmy .
No , I didn &apos;t know .
We fuckin &apos; buried rats , especially our own .
I knew he had his sources .
But obviously , he had a plan .
Hey , Steve . Hang on a minute .
Can I trust you , Stevie ?
Good .
What can I tell you , Billy boy ?
Would you say Winter Hill was thriving ?
Which meant we had to pay off a lot of people ,
We were throwing money around like crazy .
Yeah , &quot; fuck me &quot; and fuck you is right .
Jesus , John .
In five fucking years of
Fuck that . This , on the other hand
Jimmy always had a plan .
Now , that was a smart play ...
off our backs .
Situation down there was changing , and not for the better .
Thank you , Alan .
John Callahan has us poised for great success .
Well , they fucking love it , Stevie .
But who knows for how much longer with Wheeler moving in ?
But at least we still got this .
All right .
That anyone on Berk could ?
This is why I never married .
You &apos;re as beautiful as the day I lost you .
Uh , let me see .
Please , ladies first .
Okay , I love you again .
You can still jump .
Check every trap .
Meatlug ?
I don &apos;t know , you just keep doing what you &apos;re doing
Mom , you &apos;d never even recognize it .
We-we even fix dragon teeth .
Aye , your son &apos;s changed Berk for the better .
I got it .
Will stop me on my ... journey
And love me for eternity
That &apos;s your mother ? !
The Alpha !
Attaboy !
You cannot take our dragons !
Then it &apos;s a good thing I brought a challenger .
That is a class ten ! Class ten !
No dragon can resist the Alpha &apos;s command
Witness true strength .
In the face of it ,
But , please , O great dragon master ,
It wasn &apos;t your fault , bud .
Why do you ask ?
Oh , my God , that &apos;s so generous !
Well , our friend Rai moved into my old room ,
Beverly , you know l hold you in high esteem .
Very well , but , uh , if you don &apos;t mind ,
You &apos;ve recently moved in with Dr. Fowler , yes ?
Clearly , your old room represents an escape hatch ,
And don &apos;t start thinking about it now !
She said defensively .
This is about Raiesh moving in with Leonard and Penny .
They &apos;ve found a need to take yet another roommate .
I had no idea
That is the word on the street , dear .
I haven &apos;t been here one day , I &apos;m already causing problems .
That &apos;d make a nice needlepoint pillow .
That &apos;ll do it .
Look , could you please put your dog on a leash ?
Well , then at least hold her still
Thank you . I appreciate that .
What are you talking about ? We &apos;re fine .
It used to be me .
Anyway , I &apos;m sorry for everything .
We don &apos;t have marital problems !
Look , just because we took our friend in does not mean
Sheldon mentioned you tried to get your brother
Do you agree with that ?
Are you kidding me ?
Now you &apos;re taking her side ?
That &apos;s for your parade of roommates to do .
It &apos;s me ! It &apos;s just me !
Not on my watch !
You can hit him with the bat , but it &apos;s fine .
I &apos;m sorry , guys .
I just wanted to go someplace where I wasn &apos;t causing problems .
India .
Don &apos;t do that . We &apos;ll make up the couch for you
It &apos;s not that unusual .
Roseola , shingles , lupus .
I can &apos;t explain it , but I know my kid .
Come on .
Shepherd , what are you doing ?
A tanker didn &apos;t blow .
Didn &apos;t you get the memo ?
Yeah , I need you to start using other interns .
Ross , are you feeling poorly rounded ?
See ? He &apos;s very rounded .
A tanker didn &apos;t blow .
Oh , speaking of which , when can I have my genome mapped ?
It can happen in males .
It &apos;s just , now I &apos;m thinking about your breasts .
The tanker did not blow .
B.P. 110 over 70 . Pulse 95 .
Does my husband have Ethan ?
Rachel !
He was walking around at the scene .
Are my mom and dad dead ?
You &apos;ll see them soon . I got you . Okay ?
Okay , let &apos;s go .
One of those medical sites online .
I have a prescription for amoxicillin .
As soon as we get you signed out ,
Well , I hope your son feels better .
I want to step outside for a smoke .
And Dr. Murphy here will let you know
Kepner , how are we doing ?
From ambulance arrival ,
Just like it &apos;s supposed to .
The tanker must have blown .
And it was really far away , and everybody &apos;s fine , okay ?
Get him on the ground !
I guess he went out for that smoke .
We need another ... IV .
Ugh . Right frontal lobe hemorrhage .
Oh , cool , is it a epidural hemorrhage ?
You guys were having a moment or something .
Well , chief Hunt says I need to learn brainy things .
Lucky . My roommate went last year .
It &apos;s a fancy people frat party .
Oh , map my genomes .
It &apos;s not a spa treatment . It &apos;s science .
No , you &apos;re right .
Excuse me .
The injury extends into the aortic arch .
I &apos;m just waiting on Russell for a second opinion .
Not really .
I want to see my parents .
Honey , we need to go .
You need sleep .
Yes , you are . You &apos;re coming with me . Now come .
How about we set you up in a room ,
No , of course not . I told you , he &apos;s up all night .
It &apos;s just me .
Are you a psychiatrist ?
You think I-I skip work
He used to wake me up every morning at dawn
Uh , find an O.R. that &apos;s available . Okay ?
You never miss , do you ?
Circus act .
I know this must be so annoying for you .
Please . Um ...
Okay , are you sure that it &apos;s not lupus ?
What else ?
Okay . Um ...
They said it can cause a heart attack .
It would explain the fever and the rash .
But then her dad died ,
That people join bowling leagues ?
waiting for them to see that they were meant to be together ,
Yeah .
Ooh , Bailey .
I need to know which parent I take after .
Callie , I asked for an ortho consult ,
I was , but then .. baked Alaska .
Well , hey , look at it this way .
And I still need an ortho consult
It was very inspiring .
cartilage right now .
Yeah , and I &apos;m telling you that it &apos;s great .
Finally .
I feel better about not going .
So any idea when the kid &apos;s dad
No , no idea .
That aortic repair took a lot longer than I thought .
in 29 minutes .
I could sleep in the shower .
Shoot .
Where &apos;s Charlie ?
He saved us , you fucking asshole .
You know , in the divorce petition .
Think I would have loved them .
And then Lydia .
She was the kindest person I ever met .
Because , in the end , there are only two types of people .
God , you sound like my father .
Target heading north .
He &apos;s mobile . Roger that .
May I borrow this ? Thank you .
Alpha 1 now on Foxtrot . I &apos;m in pursuit .
The ankle &apos;s shattered . You &apos;ll need to carry me .
Sorry . Get in .
Soon as I &apos;ve printed your ticket .
Why , what happened to your ankle ?
Hello .
I need your help .
If you don &apos;t , I could be dead by the end of the day .
Ledford activated someone called Chil-something .
Chilcott ? Oh , Jesus , he &apos;s a psychopath .
Jodie , I need you to do something for me .
If I can find him , it will clear my name .
I &apos;ll try .
No , it says 2016 .
In that case , I got two zeroes for free , so who &apos;s the idiot ?
There are people looking for me .
It &apos;s not about the ball , lads .
They &apos;re from London .
Of course .
It &apos;s all right to be sad .
It &apos;s imperative no one know that I &apos;m here .
Exactly . All right .
It &apos;s just this way , past the train station .
In you go .
If we have bunk beds , can I have the top ?
Go and have a pee now before the other passengers do .
See those blokes out there ?
How dare those twats show up here ?
No school ! Come on .
Let &apos;s go , lads .
Excuse me , sir . I think you dropped something .
You &apos;re in Grimsby now , you git !
Now !
I need you to suck this wound in my shoulder .
That &apos;s very gay . Do it now .
That pellet was filled with Lonomia caterpillar toxin .
Okay , okay .
That &apos;s it .
And now spit it out .
I thought I &apos;d lost you , brother .
Where ?
No , you don &apos;t .. What are you doing ?
And England to have the ball . Time for one last attack , baby .
Get in there . Raheem Sterling &apos;s through .
That surely puts England
We spit on your face !
He &apos;s currently in a hotel room with Lina Smit , his wife ,
Well , as you know , I &apos;ll do anything for England .
I have done . Your alias is Mr. Shelton .
I have something for you to celebrate :
You &apos;ll like it . Listen ,
Who &apos;s that you were talking to ?
He flies to and from South America
At the end of the game ,
By which time , 96,000 fans
Well , think about it .
I &apos;m just trying to make the world
&quot; Cure the world . &quot;
Put this in your ear .
Okay , I will scan for the chemical signature .
No , it &apos;s not .
We need to stop her before she sets off the virus .
We can &apos;t go around . There &apos;s not enough time .
Pitch invasion .
This is important .
What ? Sharon Osbourne ?
Well , let me tell you something about scum :
It &apos;s scum who die in the wars
Yeah !
Okay , the smartphone &apos;s connected to the Wi-Fi . Ready .
Beginning to lift the craft .
I want you to notice these marks on my fingers .
Dude , you &apos;re getting into MIT !
It allows my hands to manipulate this craft
Come on , guys . We gotta go !
We gotta get to Daniel &apos;s building
Come on !
And you know Powell .
It &apos;s a big job .
Just to be safe .
We can do this all in-house , huh ?
I promised Brad I would call his mom if anything happened .
No , it &apos;s okay . I &apos;ll do it .
He kept a badge from the police benefit .
he-he failed the test to get into the academy five times .
This is a map of the Company &apos;s basement , right ?
I assumed it would be a lot more complicated than this .
This is some sort of condensing unit .
They &apos;re all completely dissimilar items .
It just , um ...
Well , I can see that you &apos;re busy ,
Come back ?
What exactly is the plan ?
If he gets a turtle , well ..
What the hell are you doing here ?
Just keep it down ; keep it down .
We need some help . I &apos;m already
Bellick &apos;s dead .
Let &apos;s go , Linc .
He &apos;s in and out of consciousness
Does he have insurance ?
I don &apos;t have the card ,
How long have you been working for them ?
I came in in &apos; 94 .
Always freelance .
I like to finish a job and then move on .
Do you always leave your name behind
Well , we &apos;re considering modifications and ..
You know what happens ?
You don &apos;t own it anymore .
Then , somehow you stayed out of trouble .
Look , I can handle this .
I &apos;m just kicking myself .
This thing has gotten way out of hand .
You don &apos;t trust me , Fernando ?
Because we all want the same thing : Scylla .
Or would you like me to call the bomb squad ?
If that thing blows while I &apos;m pulling the pin ,
I &apos;m known for my steady hand .
Keep your weight even .
Oh , no , I can &apos;t ... I can &apos;t , I can &apos;t do it .
I got a key .
Baker gave you this ? No .
All right , well , this makes more sense .
they &apos;re microphones .
This is a line of JZ33 land mines
It &apos;ll cut the power long enough for you
I found David Baker .
You can do it . You only have
Michael and I figured it out .
But by next spring , she will be a trained Alpha ,
Learn to keep the peace .
But . But ..
Humphrey , we don &apos;t have time for fun .
You wolves are making us look bad . Come on , the caribou are laughing at us .
Western hunt group , get back to the den .
Now !
Great . My first hunt , and I blew it .
Don &apos;t beat yourself up . That &apos;s crazy . You were amazing .
They can always eat
Berries are really nutritious .
The Eastern Wolves ruined Kate &apos;s hunt .
Please .
I &apos;ve never seen her look that good .
I &apos;ll be right back .
Where do you think you &apos;re going ?
You &apos;re not allowed to howl with her . She &apos;s an Alpha .
But we can &apos;t , you know , howl together .
Kidding .
Friends for life !
Welcome back , Humphrey .
Wow. it &apos;s a big crowd .
So I heard you and Garth spent some time together .
Sorry .
We should be going .
Excuse me . A flea .
Thank you .
Good-bye ?
And maybe I &apos;ll visit our friends the bears .
I &apos;ll tell them you said hi .
Yeah . You know , it &apos;s alone wolf thing .
So I &apos;ll be a fun-loving lone wolf .
I saw this coming a few years back .
Thought I was dreaming .
And I needed you .
That trumps what you need . It &apos;s too late , buddy .
You know what I need ? I need a shave .
Even disassembled , I wanted to please him .
where would we go once his plan was complete ?
&quot; To the Garden . &quot;
When Thanos snapped his fingers ...
No one &apos;s ever seen anything like it .
on this planet .
The quantum realm is like its own microscopic universe .
Hope . She &apos;s my , um .
She was supposed to pull me out .
Sorry , buddy , we got a problem .
Well , what are we gonna do now ?
I just got hit in the head with the Hulk .
This was our shot .
It was six stones or nothing .
You &apos;re repeating yourself . You &apos;re repeating yourself .
No . You never wanted a time heist .
I dropped the ball .
Is that what I did ?
There &apos;s no do-overs .
Each .
bye-bye , you &apos;re not going home .
then no one else is going home , either .
I said bring them in .
Oh , for the love of ..
It &apos;s not lightning strikes we &apos;re looking at .
That is a long-horned beetle .
Hair . Maybe he got a piece of his attacker .
Yeah , okay .
Yeah , same thing over here .
Stop , please stop !
Do you see these abrasions and cuts here in the chest ?
The place was completely trashed .
I was the one who wanted to get married at the convention .
All of our friends were going to be here , anyway .
Let &apos;s go back to
Vampires , and. unfortunately werewolves .
May I see your hand , please ?
We found the same scar
And .. no returns .
How many of these have you sold ?
Um , out of curiosity ...
Really none of your business .
It &apos;s a terrible thing to wake up to every day .
Your wolf &apos;s in the system .
Hmm , how original .
Wolves don &apos;t normally attack humans .
Who &apos;s the owner ?
Yeah , someone drank Michael Wilson &apos;s blood
No . It did not come back to Kurt Francis .
If we accept the mythology , werewolves don &apos;t drink blood ,
Don &apos;t they hate each other ?
I understand why the werewolves
Maybe Michael lost faith .
You wanted her all to yourself , didn &apos;t you ?
The yellow contact lens
But without the murder weapon , we can &apos;t prove
The clothes should prove it .
You know , there should be a lot more blood than this .
Well , at the least , they were there .
He was hit with an axe at least 18 times ,
Or another vampire .
There &apos;s just one drawback ..
What did you find , David ?
We didn &apos;t find any of this stuff at the crime scene .
We know that Michael was running from his attackers .
Where did it begin ?
Your beloved used to be a werewolf .
Said he knew we were destined to be together .
Love built on a lie isn &apos;t love .
He wasn &apos;t one of us .
Did it ?
That was really intense .
Oh , good . You &apos;re here . I need your assistance .
What happened ?
Been there .
Amy &apos;s mad at me , and I &apos;m not clear why .
Yes .
What &apos;d you say to her ?
And that made her angry ?
It was . I asked her
I &apos;m gonna guess that your main concern is the time commitment
If I &apos;m in , I &apos;m in for the whole run ,
I shouldn &apos;t have asked so many questions .
Yeah , maybe it &apos;s good you got US talking about this stuff .
even when I &apos;m causing problems , I make the world a better place .
Uh , Sheldon , I think we &apos;re good for now .
So does this mean you &apos;ll finally pick a wedding date ?
Why is everyone so concerned with us setting a date ?
A ceremony isn &apos;t gonna change anything .
It &apos;s his whining , isn &apos;t it ?
Look , all she &apos;s saying is we are in love
Yeah , but we &apos;ll be old and gross together .
Towards the end , it was like watching cheese melt .
Are you saying you want to get married ?
I &apos;m in . Let &apos;s do it .
I &apos;m really happy for the two of you .
Bernie , Stuart just pulled up .
Show no weakness .
Good luck .
Never should have told you my middle name .
Hey , you got a minute ?
I felt bad for finishing your yogurt , so I bought more .
Crunch Berries .
I want you all to realize that the only thing
And you can feel it when you go into a room ,
And ...
How many do you have ?
I want you to write again .
I &apos;m having dinner with my husband tonight .
It &apos;s for you .
That means she moved him to a safe house .
Balder &apos;s program had a freak encryption .
That means these guys are going after him next .
She doesn &apos;t have the monopoly on guilt .
What makes you think I &apos;m not ?
Yeah ?
He has a tattoo like yours .
No , worse .
That guy , he &apos;s part of this group .
There were two key stories
I think you are scared
Lisbeth . I haven &apos;t heard of the spiders .
It &apos;s the answer to &quot; the snow comes early this year . &quot;
Father said he made his program based on how I think .
No , I don &apos;t .
Passenger needham , please proceed to gate 45 immediately .
North end of the terminal . Personnel-only door .
For now .
And make sure that he &apos;s safe .
What I have is a responsibility to my country .
I understand how to open that door .
Freeze ! Whoa , whoa , whoa !
Please get her a glass of water .
Would you please talk some sense into him ?
I made these just for him .
It will not kill him ,
There &apos;s a lot of pressure .
Well , then you better find a sitter .
Yep . I got a hot date .
Right away .
No , it &apos;s not a migraine .
I have been off of
Sir , you &apos;re at Seattle Grace Mercy West Hospital .
No one was hurt , but we need to get you examined .
I must have fallen asleep at the wheel for a second .
