Aber weißt du , ich bin gewachsen ,
Andy , deine Mutter hat recht .
Okay , danke , denn es tut wirklich weh .
Okay . Naya , ich untersuche dich schnell ,
Das kommt mir nicht wie Wirklichkeit vor .
Nein . Ich weiß es nicht .
Nimmt sie Medikamente ?
Jasmine ! Wir haben sie kaum gekannt .
Wir sind mit dem Rucksack unterwegs und sehen uns die Staaten an .
Wir sind nur Mitreisende .
Alles klar , weiter geht &apos; s .
Ich gehe zurück in den OP .
Die Operation ist eine Organentnahme für eine Spende .
Nieren .
Für wen sind sie ?
Für wen sind seine Nieren ?
Ich bitte dich , es mir zu verraten .
Danke .
Lunge und Herz gehen ins Portland Medical Center .
Mukoviszidose .
So bin ich . Ich gebe es zu .
Oh , die Regeln sind dumm .
Also , Derek , bitte ...
Soll ich dich heimfahren ?
Ich war so gut wie eine gute Freundin für ihn .
Ich ... Ich bin einfach ... ausgezogen .
Und Dr. Webber hat gesagt , ich soll mit Ihnen reden .
Ich habe ihn nicht lange gekannt ,
Er hatte ein enormes Potenzial .
Wissen Sie , er war ungeduldig .
Er wollte mehr Leben retten .
Und er war fürsorglich und großzügig .
Ich denke , er war ein Held und ein Ehrenmann .
Und ich denke , er hat Ihnen einen guten Grund gegeben .
Ich wollte nur gute Nacht sagen . Gute Nacht .
Ja . Wir kennen uns schon lange
Ja . Wissen Sie , ich hasse es zu sagen ,
Also wissen Sie , wie man näht , oder , Dr. Mckee ?
Gut . Schön Sie zu sehen , Chief .
Es ist , äh , es ist meine achte .
Äh , 3
Kannst du mir das Shampoo reichen ?
Bist du wirklich schwul ?
denn das ist mein Freund ... der in der Dusche ,
Ein gefesseltes Rückenmark ?
Normalerweise ist das Rückenmark am Ende freigelassen ,
Normalerweise ist sie nicht so .
Andy , das ist eine normale Mutter .
Nein . Dr. Swender hat dich an mich überwiesen .
Im dritten .
Stevens , das ist eine gute Sache .
Sie haben immer noch Krebs ,
Du bist verdammt noch mal gestorben und dann hast du Anweisungen gegeben .
Ich habe vor allem Angst !
Ich habe Angst , dich zu berühren !
Und das ist deine Schuld .
nur so bleibst du am Leben .
Miranda .
Ich , äh , glaube nicht , dass er funktioniert .
Du bewegst einfach deinen ... Ja .
Ich sollte wohl besser gehen .
... Und sie ist geduldig , bis sie es nicht mehr ist .
Es ist ziemlich schwer , sich zu konzentrieren , wenn alle im Badezimmer weinen .
Ja , werde ich .
Ja , die lagen auf der Veranda .
Auf der Karte steht : &quot; Du kennst deine Macht nicht &quot; .
Was ist mit deinem Arm passiert ?
Das ist ziemlich ungerecht . Du hast ihr diesen fantastischen Schwung gegeben .
Eigentlich hat sie mich mit ihrem Auto angefahren .
Wir werden vielleicht nicht mit Frauen zusammen sein ,
Also , was hat es mit dieser ganzen &quot; früh ausgehen &quot; Sache auf sich ?
Ach , wie jämmerlich .
Nein , nein , nein . Es ist Dylan .
Oh , das ist traurig .
Alles klar , ihr alten Säcke ,
Es ist Valentinstag und mein
Naja , eigentlich haben wir Pläne .
Kann ich das zurückhaben ?
Ich wusste nicht , dass echte Menschen diese Dimensionen haben können .
Ich danke Ihnen .
Phil
Du bist nicht in Gefahr .
Schlüpf einfach aus , wenn du kannst .
für die letzten Valentinstage ,
Claire , du musst diese Verträge fertig unterschreiben .
Phil ? Nein .
Sag mal , vielleicht könntest du hier für eine Weile übernehmen .
Hi , Phil .
Offensichtlich haben sie etwas , wie du und deine Schwester
Phil , hör mal , ich bin dir wirklich dankbar dafür . Wirklich .
Es ist mein Bewunderer
Und wenn du mir wirklich etwas Selbstvertrauen geben willst ,
Und außerdem gibt es ein Foto von dir .
Ich habe eine Besprechung .
Margaret , du nimmst Alex mit .
Phil , Schatz ,
Ah , der Spezialist für Gelenke . Du hast ihn vielleicht schon mal gesehen .
Diese ganze Sache mit Clive war gar nicht nötig .
Romantisch wie immer .
Ich habe so viele Sachen zu tun , dass ich gar nicht daran denken kann .
Weißt du , er ist ein reicher Musiker ,
... Das hat Spaß gemacht , aber wir sollten , äh ...
Oh , mein Gott ... Ist das Rainer ?
Das klingt nach Fremdgehen .
Wie ? Wozu brauchst du sie ?
Behältst du sie hier drin ?
Tu &apos; s nicht .
Ich habe gehört , dass es eine große Schlittschuhparty geben soll .
Trotz unseres Versagens in Russland ,
Er ist ein Franzose , der mit illegalen Waffen gehandelt hat .
Jahrelang hat er Hand in Hand mit seinem Bruder David gearbeitet .
David wollte seinen Bruder nicht .
Oh , die arme Frau . Weiß jemand , ob es ihr gut geht ?
Wenn Marquez die Pläne findet und sie an Azar verkauft ... Knallt &apos; s !
Kennen wir seinen Aufenthaltsort ?
Ja ! Ich liebe Berlin .
Wir haben auch Informationen vom MI6 .
Komm schon . Also , der Brief wurde in Bernadettes Kleiderschrank gefunden .
Weist du darauf hin , dass Kalifornien
Gut gemacht .
Ich bin hier , um sicherzustellen , dass deine Dinnerparty
Ich denke ...
Ich denke , du brauchst ein Testosteronpflaster .
Du weißt schon , Cocktails ,
Das würde ich nur ungern verpassen .
Oh , Leonard .
Eins , zwei , drei , vier , fünf ,
Sie zwangen mich , vertrauliche Informationen preiszugeben .
Das kann ich dir nicht verraten .
Naja , lass das , wir werden es niemandem erzählen .
Es ist Pech für die Zocker , ihr Geld zu verlieren .
Ruuck !
Mir geht &apos; s gut . Ich habe nur ... gerade einen Platten bekommen .
Nein , alles in Ordnung . Ich mach das schon .
Weißt du , dass du der La ...
Warum gehst du und dein Versager von Ehemann
Ich kann nicht einfach daneben stehen und zusehen , wie das passiert .
Hast du den Anruf gemacht ?
Wenn man erst einmal angefangen hat , gibt es kein Zurück mehr .
Sie kannte die Folgen und hat es trotzdem getan .
Willst du mein Geld oder nicht ?
Eine Viertelmillion Dollar .
Wir hätten sie nicht töten müssen , oder ?
Wir hätten das Geld Bruce bezahlen können .
Sehr praktisch .
Hey .
Ich will mehr .
Ich bin weg
Deine Sache ist deine Sache .
Hast du einen Beweis für mich ?
Was , du vertraust mir nicht mehr ?
Die Antwort auf all deine Probleme .
Zu viel .
Niemand macht sich über mich lustig .
Das hört sich für mich nicht gut an .
Du würdest doch keine Spiele mit mir spielen , oder , Jack ?
und hat mir einen Moment Sorgen gemacht .
Es macht daraus 200 .
Du kennst ein paar gute Bars in der Gegend , oder ?
Scheiße .
Oh , sie ist noch nicht zur Arbeit gekommen .
Wissen Sie etwas über einen Unfall ?
Nein . Sollte T
Die Versicherung hat sich auf dieses Auto gestürzt .
Naja , das ist der einfache Teil .
Bekomm eine Chance .
Ich werde die Speicherkarte behalten .
Ist das nicht über die Leiche deiner Frau ?
Du hast eine schlechte Einstellung .
Natürlich ist sie dicker als mein Elefant .
&quot; Das Leben ist böse , brutal und kurz &quot; , wie man sagte .
Ich hätte mich mit Hobbes sehr gut verstanden .
Sie sind eine reiche Familie aus Pittsburgh .
Nun , die Sache ist die , dass eine junge Frau bei ihnen wohnt ,
Sie sind die absolute Plage .
Sie sagt ihnen , was sie hören wollen . Ganz genau .
Genau richtig . Und natürlich ist sie ein hübsches junges Ding .
Brice Catledge &apos; s Schwester Caroline .
Weiß er denn nicht , dass Wissenschaftler am leichtesten zu betrügen sind ?
Ich meine , ich habe jeden Schritt beobachtet , und Gott weiß ,
Aber du hasst Urlaub .
Und außerdem hast du Südfrankreich immer geliebt ,
Die üblichen Kopfschmerzen , Widerstand im Zimmer .
Du hast immer den Maßstab für mich gehabt , Olivia .
Ja , du warst sehr beeindruckend .
Von all meinen Neffen und Nichten , bist du der Einzige , Stanley ,
Hättest du nur ein etwas milderes Gemüt ,
Ja , er meint , er kann mich tolerieren .
Oh , hallo . Stanley .
George . Sehr erfreut .
Sie sind viel weniger leichtgläubig , als ich dachte .
Haben Sie von ihr schon mal gehört oder ...
Und ich habe vergessen zu erwähnen , dass sie mit ihrer Mutter hier ist .
Sie hat die Hand meines Bruders gehalten , und sie hat tatsächlich den Tisch zum Steigen gebracht .
Ich dachte , es war vielleicht Handgelenkheber , aber es gab nicht .
Wie ich schon sagte , deine Mutter und dein Bruder
Oh , nicht sehr lange . Ich habe andere Dinge zu tun .
Ist das das Mädchen , das Gedanken lesen kann und so ?
Das ist schwer zu erklären . Sie bekommt diese mentalen Vibrationen .
Ein Getränk ? Ja , danke .
Sophie schaute mir in die Augen
Meine Güte . Meinst du , sie kann es mit mir machen ?
Sie kann die Zukunft vorhersagen . Kurz gesagt , sie ist eine Visionärin .
Sie ist eine Visionärin und eine Vision .
Hübsches junges Mädchen mit einer Mutter im Theather , die sich um die Öffentlichkeitsarbeit kümmert ,
Nun , ich meine , sie ist nicht einmal eine gute Schauspielerin .
Also , ich fand das ganz gut ,
Und doch ist sie eine Betrügerin , Howard .
Es gibt fünf Sinne und keine Geisterwelt .
Und jetzt bist du wieder frisch .
Ich habe meinen Anteil .
Du hast den Fernen Osten im Kopf .
Schönen Abend .
Ich bekam mentale Eindrücke . Entschuldigen Sie mich .
Ich hatte einen Onkel , der vor vielen Jahren ertrunken ist .
Könnte sie auf keinen Fall Bescheid wissen , es sei denn
Es wurde nichts an dieser Kerze befestigt , keine Fäden , keine Drähte ,
&quot; Anscheindend &quot; ist das Schlüsselwort , denke ich .
Ich meine , ich habe die Kerze genommen und überhaupt nichts gefunden , was sie unterstützt .
Was man da draußen sieht , ist das , was man bekommt .
Guten Morgen .
Ich gehe mit Brice auf Vogelbeobachtung .
Ich kann mir keine langweiligere Unterhaltung als Vogelbeobachtung vorstellen ,
Wohin ?
Wir könnten zu Mittag essen . Plaudern ?
Du denkst , du kannst mich dazu bringen , dir zu zeigen , wie ich Leute betrüge .
Ich bin sicher , Brice Catledge kann leben .
Ich könnte dich einfach fragen ,
Selbst wenn ihre Hoffnungen falsch sind ,
Ich denke , du hast deinen Zynismus von deinem Großvater ,
Warum starrst du mich so an ?
Du wärst glücklicher , wenn ich ein Betrügerin wäre ,
Wenn du wüsstest , wie sehr ich nicht will , dass du ein Betrügerin bist .
Woher weißt du von Jenny ?
Ein wunderbares Lachen .
Aber wer will schon eine pessimistische Langweilerin
Sehr viel Geld .
Wir reden hier von einer halben Milliarde Dollar .
Das ist keine gute Position , in der du dich befindest , oder ?
Du steckst in der Mitte , nicht wahr ?
Das dachte ich auch .
Absolut .
Ich habe das Gefühl , dass ich zu ihm gelangen kann .
Ich kann mir vorstellen , dass er es da drin braucht .
Michael litt an verschiedenen Problemen .
Entschuldigung . Ich bin mit dem Begriff nicht vertraut .
Aber wo wir nur das Bild einer Lampe verarbeiten ,
Ihre Gehirne sind viel offener für neue Reize aus der Umgebung .
Wir müssen das tun , um unseren Verstand zu behalten .
Glauben Sie , dass Michael ein Genie ist ?
Der Verlust der Eltern macht das oft auf ein Kind .
wurde er sehr empfänglich für all das Leid um ihn herum .
Er wurde ein Retter ,
Es liegt in meiner Natur , helfen zu wollen .
Du hast eine viel gute Dinge getan , bevor du hier drin warst .
Was ist passiert ?
Also gut .
Mit wem ? Avery ? Nein .
Vielleicht .
Okay , gut . Deine Arbeit leidet so sehr ,
Vielleicht behältst du es beim nächsten Mal für dich selbst .
In einer Ehe ? Ja . Halt den Mund .
Sie hat was , ähm , wenn man ganz intensiv hinschaut ,
Ja , sie hatte diesen Fall mit dem Loch in den Handschuhen .
Ich wusste nicht , wie sehr es sie erschreckt hat .
Sie wird sauer sein , aber sie wird darüber hinwegkommen .
Sie ist in ihrem Dienst .
Ich muss einen Gastro-Termin auf den Plan setzen .
bedeutet das , dass ich länger arbeiten muss .
Und für die Leute , die auf deine Unterstützung angewiesen sind .
Danke .
Hat sie das ?
Und du wirst auch eingeladen sein ... plus eine .
Nein , Bräute sind seltsam . Denk mal über was anderes nach .
Okay .
Wenn Yang es schafft , die Dinge in den Griff zu bekommen .
Bitte .
Wir reden nicht über mich . Wir reden über ihn .
Er hat einen sehr netten Vater .
Das ist ein Baby .
Ich meine , er ist ein Baby
Meinst du , weil ich Kinder habe ,
Jetzt willst du , dass ich meine Studie beende ,
Du musst nicht mit der Frau ausgehen , die sie auswählt .
Deshalb macht sie das , Stan .
Du musst es ihr selbst sagen .
Weil sie auf dich hört .
Außerdem ist das gar keine so schlechte Idee .
Ein Haufen Frauen , die sie im Internet aufgestachelt hat ?
Es bringt sie auf andere Gedanken als das , was wirklich passiert .
Sie denkt , sie kann jemanden finden , der sie ersetzt ?
Niemand kann ... sie ersetzen .
Warum passiert das ?
Das kann ich nicht . Ich habe keine Leitung , die ich in ihn hineinstecken kann .
Ich weiß nicht , ob er so lange durchhalten wird .
Okay , schließen wir ihn an einen Oszillator an .
Da sie falsch geschnitten wurden ,
Mein gewöhnlicher Weichspüler war im Supermarkt ausverkauft .
Das ist vorausschauendes Denken .
Das ist nur Gedächtnisarbeit .
Amy hat sich verändert .
Oh , nein . Warum ?
Aber die neuesten Ereignisse zeigen , dass
Nein , es ist ziemlich kalt draußen . Ich habe meine Jacke nicht dabei .
Was für ein Superheld braucht eine Jacke ?
Reserviert die rote Strumpfhose ! &quot;
Hast du eine Nummer für ein Taxi ?
Ich habe dich sicher geschlagen .
Es ist unmöglich , dass du diesen schlagen kannst .
Alles Gute zum Geburtstag !
Du weißt schon , Futter für die Würmer ?
Vor ungefähr 20 Jahren ?
Es gibt kein Ed von Fluss .
Es sei denn , du magst Ammenmärchen .
Erzähl den Kindern nicht so eine Scheiße , Lucky .
Wenn du Märchen für Idioten und Schwachköpfe glaubst .
Es ist weit weg , aber wir haben vor ein paar Tagen eine Karte gezeichnet .
Siehst du diesen Pfad durch den Wald ?
Bleib genau hier stehen .
Mach dir keine falschen Vorstellungen .
Was zum Teufel ist das ?
Die Besitzurkunde für dieses Haus ist
Sie sollten nicht hier sein , Nick .
Du hast gesagt , du hättest hier jahrelang den Hammer geschwungen .
Ich habe versucht , es abzureißen .
Sag deinem Freund , er soll so schnell rennen , wie er kann .
Und gehst mit ihm und komm nie zurück .
Wenn du zurückkommst , wird es das Schlimmste sein wie nie
Was zum Teufel sind das für diese Leute ?
Ryan ?
What ?
Er hat gar nichts gesagt !
Lass ihn verdammt in Ruhe .
Hat er was zu dir gesagt oder nicht ?
Ja , aber sie wissen , wie man eine verdammte Axt wirft .
Oder er ist nur ein verrückter Provinzler , der denkt , dass der Staat
Oh , Scheiße !
Glaub mir , niemand .
Wald , Schlucht , Auto ?
Los , im Dunkeln schaffen wir &apos; s nie .
Ich würde lieber in den Wald gehen , als drinnen zu bleiben .
Wir müssen uns nicht selbst verraten .
Hey , hey , hey , hey , hey .
Hör auf damit .
Es ist so schön , dich mit offenen Augen zu sehen .
30 Minuten ?
Äh , er und Lillith sind zum Lieferwagen gegangen .
Du hast den Baum angefasst .
Wie sollte ich jemanden sehen ?
habe einen Baum berührt .
Du hast gesagt , du wolltest es nie anfassen , weil du es nie
Hattest du deswegen den Anfall ?
Ich erinnere mich daran , wie ich dich immer so genannt habe .
Was machst du denn da drin ?
Dein Vater , Nicky .
Die Tür zum Keller ,
Ich bin nicht mehr schön .
Was meinst du damit ?
Ich glaube , du schaust auf eine Tür
Willst du das mal versuchen ?
Sie sind hier überall .
Sie sind überall da draußen , sie sehen nur
Wo zum Teufel sollen wir hin ?
Wir haben nur den Keller .
Es ist die Tür .
Was zum Teufel sollen wir tun ?
Komm schon .
Wo zur Hölle gehen wir endlich hin ?
Du meinst , dass es noch da ist .
als ob Seth seinen richtigen Namen wüsste .
Wir müssen die Mädchen finden .
Was machst du da ?
Los , wir müssen die Mädchen finden .
Es ist ein Giftengel .
Komm .
Wir können .... finden , wir können ein größeres Gebiet abdecken .
Es gibt ein Glossar der Dämonen .
Sie ist die Königin der Hölle .
Sie können Stress spüren , weißt du noch ?
Das ist alles .
Er dreht nur durch , weil ich bin .
Ich bin &apos; s , Evie .
Mach keinen Lärm , okay ?
Wir müssen zu dem Haus gehen .
Es dauert nur noch ein paar Minuten .
Okay , ich habe eine Todesangst vor einem Haufen Kacke .
Zwei Kinder haben auf dem Weg hierher in den Lieferwagen geschissen und wir haben es trotzdem geschafft .
Also beruhigt euch einfach .
Es ist tot !
Scheiße auf Boost Mobile .
Oh mein Gott , es ist Unabhängigkeitstag .
Oh , warte , vielleicht hat Nordkorea eingegriffen !
Ich hoffe , die haben hier einen McDonald &apos; s ,
Los , komm schon . Ich weiß , dass Giucci unten ist , los geht &apos; s .
Was glaubt ihr , wie ein Alien gegen das hier vorgehen würde ?
Ich hab dich , Bruder .
Beeil dich .
Ich habe sie ! Ich habe sie !
Oh , Scheiße , er ist wieder ohnmächtig geworden .
Ich hätte härter zupacken sollen .
Und ...
Also , ich weiß , was ihr denkt ,
Bist du sicher , dass es nicht schon angefangen hat ?
Ich habe gesehen , wozu du fähig bist ,
Ich habe euch beide heute Morgen im Hof gesehen .
Er hat mit mir angefangen .
Ich nicht .
Wer außer dir wollte ihn umbringen ?
Wie oft habe ich dich schon mit einer Waffe bedroht ?
Zur Hölle
Wir sind erst seit einer Minute hier draußen .
Je eher Whistler stirbt ,
Was für einen Unterschied macht das ?
Keine weiteren Überraschungen , Lincoln .
Kannst du noch mehr Bilder von Sara machen ?
Du hast es ihm nicht gesagt .
Können wir Bilder kriegen oder nicht ?
Er scheint mir ein wenig sensibel zu sein .
Lass meinen Sohn in Ruhe .
Ist es das , was es ist ?
Ja , ich bin sicher , es war wirklich schwer
Ich habe mich darauf gefreut , dich zu sehen .
Haben Sie sich schon entschieden , Alex ?
Sobald das Sonder
Was ist mit einem Sonderstaatsanwalt ?
Es ist eine Formalität .
Das ist nur eine Formalität ?
Aber das Justizministerium
Du hast in Ihrer Karriere schon viele Fehler gemacht .
Ich habe acht Akten in meinem Büro , die das bestätigen .
Ich weiß , wer diesen Mann getötet hat .
Lechero
Günstig
Fliehen wir zusammen , aber dieses Mal ordentlich .
Na gut .
Wo wart ihr in den letzten paar Tagen , huh ?
Nichts .
Das tut weh .
Das sieht gar nicht so schlimm aus .
Er ist weit weg von hier in den Süden gegangen . Ich bringe dich zu ihm , ich verspreche .
Steh auf . Wir gehen jetzt .
Das wollte ich sowieso tun und du hast mich wohl gehört .
Du willst es so sehr wissen
Es beginnt weh zu tun .
Leg den Verband wieder an .
Hast du Benzin ？
Was hast du gegen australisches Geld ?
Es ist Papier . Es hat keinen Wert .
Es ist ein Stück Scheißpapier !
Wie viel brauchst du , Mensch ?
Ja
Herzlichen Dank .
Du tust so , als würden sie dir einen Gefallen tun , dich dort arbeiten zu lassen ,
Ich weiß alles , Jerry .
Sie werden sich über dich lustig machen , sobald du den Raum verlässt , Jerry .
Lass das
Wir werden ... Wir werden einfach um den Tisch herumgehen , okay ?
Ich will nur sagen , dass das Picknick
John , du baust die Grills auf .
Oh , ok .
Oder auf einem Kreuzschiff .
Ich zünde mir eher den Kopf an , bevor ich Conga tanze .
Oh , oh , ja . Weißt was ?
Ich denke , das ist ein wirklich guter Zeitpunkt für einen Spaziergang , Jerry .
Sie trinkt Tee in Kutschen und fickt Männer
Los .
Du hast die tollsten Haare , Tom .
Willst du gehen ?
Am Freitagabend . Ich werde dich nach der Arbeit abholen .
Oder treffen wir uns einfach dort ?
Es gibt eine Show .
Das ist genau das , wer du bist
Was glaubst du denn ? David ist verrückt geworden .
Das glaube ich dir nicht .
Ich sagte ihm , dass du gehst ...
Weil du es nicht tun würdest .
Was , ist sie nicht gekommen , um dich abzuholen ?
Hey , ich bin hier als eine Freundin . Nichts anderes .
Geh rüber .
Aber lustig ,
Warum solltest du das geheim halten ?
Ich habe mich geschämt , okay ?
Und ich habe gehasst , was ich getan habe .
Also ist es das ? Du wirst einfach weggehen ?
Aber ich werde nicht mein ganzes Leben beweisen , dass ich es bin .
Du kämpfst nicht um Liebe .
Nein . Ich vermisse nur mein Zuhause .
Es ist langsam und es ist schmerzhaft , aber es hilft .
Mit anderen Leuten auszugehen , Freunde zu treffen .
Anne , bitte .
Äh , nein , habe ich nicht .
Deshalb habe ich Helen angerufen . Sie sagte , sie hat meinen Brief nie bekommen .
Wie konntest du nur so tief gefallen sein ?
Zwei Tickets .
Es ist noch nicht zu Ende , Tade .
Und ich glaube , du auch nicht .
Liebst du ihn so , wie du mich liebst ?
Nein , das war bestimmt Keith .
Als der CD-Player kaputt ging , mussten wir alle Platten nach unten bringen .
Was macht ihr denn hier drin ?
Oh , sieh dir das an . Du hast sie zerkratzt .
Papa , das sind nur Platten .
Er ist nicht hier zu fragen , oder ?
hab versucht , dich zu warnen .
Ich weiß , es ist nicht deine Schuld .
Ist das nicht immer so ?
in einer Gospelband .
Ich und meine Gibson und Jesus wollten die Welt rocken .
Aber das waren noch die Zeiten .
Was ist mit den Klamotten ?
Ich meinte , warum sind sie gefaltet ?
Ooh , was ist das ?
Ooh , ich habe eine Idee .
Oh , das würde so viel Spaß machen .
Oh , und uns die Frisur machen lassen , und langsam tanzen .
Du warst auf sieben Bällen ?
Äh , Vier &quot; Under the Seas &quot; , zwei &quot; Enchanted Evenings &quot; .
Sie und Amy sind unterwegs , um Kleider für ihren Ball zu kaufen .
Seitdem ich &quot; Pretty in Pink &quot; gesehen habe ,
Aber dann sah ich Never Been Kissed ,
Bernie ist wirklich begeistert .
Weißt du , wenn du nicht lernst , wie man das macht ,
Bruce Wayne zwingt seinen Mitbewohner nicht , Clip-on für ihn zu binden .
Na also , perfekt .
Es ist mein erster Ball , ich will es richtig machen .
Wollte ich , aber Penny wollte es nicht .
Bernadette , Amy ,
War das ein Flachmann ?
Ich habe mich entschlossen , alle Traditionen zu akzeptieren
Oh , nein , das ist Granatapfelsaft .
Und , hast du sonst noch was für heute Abend geplant ?
Uns fotografieren zu lassen , langsam zu tanzen ,
Das wird der absolute Wahnsinn .
Warum sagst du das ?
weil viele Leute ihre Virginität in der Ballnacht verlieren .
Ist das wahr ?
Du hast keine Hormone .
Beim Tanzen sollte man es nicht anfassen .
Wo gehst du denn hin ?
Du machst mir Sorgen .
Wir sind kurz davor , auf einen Abschlussball zu gehen .
Welcher Druck ?
Kannst du bitte die Tür öffnen ?
Leonard und Penny haben auch Bemerkungen darüber gemacht .
Selbst ich habe zweimal hingesehen , als ich mein Hinterteil sah
Sie reichte mir den Manischewitz ,
Meine Mutter ist also damit einverstanden ?
Weil sie eine seltsame , unangemessene Beziehung haben .
Wenn du das durchziehst , kannst du später in mein Zimmer kommen ...
Stell nur sicher , dass wir bezahlt werden .
Wir haben seit Monaten darüber verhandelt .
Ich habe zugestimmt , Sie hier zu treffen .
Bin gleich wieder da .
Lassen Sie mich Ihnen einen kleinen Rat geben .
Seien Sie vorsichtig mit diesem Ding .
Als ob ich das nicht wüsste .
um die Landung in der Normandie zu planen .
an einem Strandstreifen ...
Was ich sagen will , Gretchen ...
Wenn die beweglichen Teile auf dem Boden es durchführen .
Michael
Also , wo ist dein neuer bester Freund ?
Aber Whistler ist nicht so wie du denkst .
Du bist der Erste , der das je getan hat . Gracias .
Du könntest es nicht tun .
Michael Scofield hat mich zum Sterben liegen lassen ...
Was ist das spanische Wort für &quot; kleiner Engel &quot; ?
Wer hat ungefähr zehn Jahre lang für das Unternehmen gearbeitet .
Weißt du , was Scylla ist ?
Also wollte er eine Kopie davon machen und sie mir geben .
Du siehst einer langen Zeit entgegen .
Also , wie wär &apos; es , wenn Sie davon weggehen ...
Wenn Sie mir helfen , sie zu finden ...
Es tut mir leid , sie ist nicht mein Gebiet , Scylla schon .
Es scheint mir ...
Ja , natürlich .
Nur ein paar Leute in der Regierung werden von der Operation Bescheid wissen .
Oder das Leben von Menschen wird in Gefahr sein , auch meines .
Ich werde dir Hilfe besorgen .
Ja , aber vielleicht kannst du das .
Fernando Sucre , und Brad Bellick wurden verhaftet .
Und Alexander Mahone ist in einer Zelle im Colorado Gefängnis .
Und du wirst mich haben .
Whistler hat auch etwas von einem zweiten Schritt gesagt ,
Aber sie ist verschlüsselt .
Also , wir müssen eine Datenkarte finden , die überall sein könnte .
Der Ort ist noch nicht bestimmt .
Er hat von Kontakten gehört , dass ich vertrauenswürdig bin .
Wieso jetzt ?
Als Whistler gestern getötet wurde ...
Aber , uh ...
Das ist also eine Art Arbeitsplatzsicherheit für Sie ?
Du kannst deine Pension bekommen .
Okay , manche Leute sorgen sich noch um ihren Job .
Vielleicht bist du zu sehr abgelenkt worden .
Wenn wir diesen Deal annehmen , werden wir beide tot ...
Ihr müsst ein paar dicke Freunde haben .
Jemand hat gerade gepostet ...
die man nicht verstecken kann .
Wie hoch ist deine Schmerzschwelle ?
Wir werden die Nacht durchmachen .
Irgendwie leichter .
Ich weiß nicht , wer sie sind .
Keine weiteren Updates .
Willkommen in Los Angeles .
Ihr müsst eure Köpfe unten halten und eure Ohren offen .
Alles Notwendige , damit Sie wieder auf die Beine kommen .
Mit dem Gehalt eines Polizisten oder einem Wochenendjob als Fahrer .
Er ist hochbezahlt .
Und bekommt eine sechsstellige Summe von einer privaten Sicherheitsfirma ...
Und dann kann ich mir den Typen da rausholen .
Mexikanische Wüste , 60 Meilen südlich der US-Grenze .
Oh , ich will hier draußen nicht sterben .
Warum machen wir hier nicht eine Weile Pause ?
Si , das klingt gut .
Nach San Diego .
Was soll das heißen ?
Und wenn wir nicht im Haus sein müssen ?
Vielleicht trägt der Kerl es bei sich .
Ein Schwergewicht wie er wird rund um die Uhr bewacht .
ohne dass jemand weiß , dass es weg ist , richtig ?
Ihr stehlt die Karte nicht .
Oh , jetzt hast du Interesse dran , was ich zu sagen habe , oder ?
Ihr müsst sie nicht nur stehlen .
Nur wenn du mich nicht kriegst , hombre .
Das ist der Grund , warum ich verhaftet wurde .
Mir droht eine Gefängnisstrafe , weil ich ein Handy gestohlen habe , ernsthaft ?
Es sieht aus wie ein Handy , aber in Wirklichkeit ist es wie ...
Eine kabellose Festplatte , die alle elektronischen Daten verschluckt ...
Was zum Beispiel ?
Von jedem bei Starbucks mit einem Latte und einem Laptop .
Ich kann hier rausgehen und die Identitäten bekommen .
On a slow day , with one hand on my junk .
Wenn wir nah genug herankommen ...
Ich beschäme Sie vor Ihren Kollegen hier .
Könnte überall sein , ich weiß es nicht .
Nicht wahr ?
Wissen Sie , wenn Sie sich für diesen Weg entscheiden .
Dann werde ich besser nicht gefangen , richtig ?
Weiß ich nicht , was ich tun soll .
Wir müssen einfach weiterreden . Sancho .
Unsere leeren Bäuche und unsere trockenen Münder , okay ?
Lass uns mit , uh , deiner Lieblingsfarbe anfangen .
Warum sollten wir beide hier draußen sterben .
Du willst das nicht tun . Bitte .
Sancho .
Es muss da drin sein , oder ?
In dieses Haus , ohne gesehen zu werden .
Wenn die Karte da drin ist , wie sollen wir sie dann kopieren ?
Sie wird es für UNS tun .
Man kann sie nicht bekämpfen .
Ich bin Lehrerin und ich habe Bücher und Notenmaterial und ...
in einen Wagen der Tage investieren .
Es hat so viele Taschen .
Oh , natürlich .
Ah , Gott sei Dank , Gott sei Dank .
Ja , mein verdammter Wagen hat vor ein paar Meilen eine Panne gehabt .
Wir haben einige , äh ...
Wir möchten Sie bitten , die Fenster zu überprüfen , bitte .
Alle Fenster ?
In jedem Zimmer des Hauses .
Hat sie noch die Tasche ?
Die hat sie .
Ich muss wissen , wer .
Ehemaliger Berater von Gouverneur Frank Tancredi .
Wir haben überall gesucht .
Wie ich schon sagte , ich kann den Inhalt nicht lesen ...
Es spielt keine Rolle , ob wir es haben , wenn wir es nicht finden können .
Es ist immer noch im Haus .
Sie muss es gefunden haben
Und dann hat sie es liegen lassen .
Wisst ihr , wie viele Monate ...
Was , denkst du , ich kann in ein paar Sekunden ein neues machen ?
Wenn sie es finden , ist das das Problem .
Was meinst du mit &quot; erledigt &quot; ? Was soll das heißen ?
Werden sie UNS töten ?
Wenn wir ein paar Tage hätten , dann würden wir das schaffen .
Ja , da hast du recht .
müssen Sie uns einen Knochen zuwerfen .
Was Sie verlangen , erfordert die Teilnahme weiterer Personen .
Ich nicht tun kann .
Nein , was ich verlange , ist Kompetenz , okay ?
in die Hände eines verdammten Dienstmädchens gelegt hat .
Das ist es , Michael , das ist das Spiel .
über das Unternehmen , was ...
Weißt du , uh , die eine Sache , an die ich mich am meisten erinnere ...
Er ging immer zur Vordertür hinaus .
Vor Mutti , vor uns , vor sich selbst .
war sein Glaube , dass das Unternehmen zu Fall gebracht werden musste .
Dann ist das unser Kampf , nicht ihrer .
Diese Typen haben es sich ausgesucht , hier zu sein .
Sie haben eine Wahl .
Wo die Brüder angeblich hingeschickt wurden .
Und niemand ist in dieser Zeit entlassen worden .
Ich versuche nur , herauszufinden , wer .
Ich weiß , dass Sie die Leute freigelassen haben .
Wie denn das ?
Weil du sagen wirst , dass es dir gut geht , dass du damit umgehen kannst .
Ich werde es so lassen .
Wann immer du reden willst , ich bin da .
Du würdest dir selbst die Schuld geben .
Und den Gedanken daran kann ich nicht ertragen .
Und einfach reinen Tisch machen , ohne Schuld und ohne Verantwortung ?
will ich nicht , dass es aus einem Gefühl der Verpflichtung heraus geschieht .
Wegen dem , was wir durchgemacht haben .
Neu anfangen .
Unsere Flugzeit nach Atlanta beträgt ungefähr 52 Minuten .
Was hast du gestern Abend gemacht ?
Okay , los geht &apos; s .
Wir müssen uns beeilen .
Ich bin überfordert . Ich kann nicht einfach gehen .
Wir arbeiten nicht im Friseursalon .
Hm-hm . Es tut mir leid .
Hast du gesagt , ich tue so , als ginge es in meinem Job um Leben und Tod ?
Ja , das ist richtig .
Das erinnert mich daran , dass ein Kunde auf mich wartet .
Nein , ich rufe dich später an .
David , du bist schon wieder weggetreten .
Damit ich das richtig verstehe .
Tote schwitzen nicht , stimmt &apos; s , Doktor ?
Eine Blutspur ist ebenfalls vorhanden .
Was hast du in seinen Taschen gefunden ?
Dieses alte Notizbuch ,
Mal sehen , wie weit du kommst .
Vielleicht solltest du das für dich behalten .
Ja , es ist einen Versuch wert . Ja , einen Versuch ist es wert .
Die Hälfte der Leute , die dort oben arbeiten , sind sowieso schon tot .
Ich habe die DNA-Ergebnisse
Hodges hat einen Vorschlag :
Er möchte auch , dass ihr wisst ,
Das ist alles , was du für uns hast ?
aber nicht ohne einen großen , fetten Skandal .
Zumindest bis einer seiner Studenten
Die Regierung wollte also nicht auf die Zehen treten
Da muss es einen Zusammenhang geben .
Er erhält weiterhin eine staatliche Rente .
Hallo , Doktor .
Dr. Aden ?
Sie haben den falschen Mann .
Wir haben etwas von Ihnen gefunden .
Er hat mich vom Universitätsgelände verbannt .
Es ist wieder wie bei Philo Farnsworth !
In der Tasche von diesem jungen Mann .
Er ist tot ?
Der junge Mann , um den es geht ...
Der Lazarus-Mythos als Realität ?
Es ist , äh ...
Bei Ihren Reanimationsexperimenten , Doktor ,
Man könnte sie fast berühren .
Der Strudel .
Nur sieht die dritte Person wie eine Frau aus .
Was haben sie getan ?
Dr. Aden , ganz langsam .
Kein zusätzliches Gepäck für Ihre Reise .
Es wird ein Abenteuer .
Wir sehen uns bei der Wiedereinreise .
Max &apos; Freunde Kurt und Alice .
Schau mal , wer seine Co-Piloten waren .
In dem Film Altered States ,
Du würdest dich nicht auf eine Reise begeben wollen .
Ich bemerkte einige schwache Blutergüsse , die sich zu entwickeln begannen
Handabdrücke . Er wurde am Boden gehalten .
Ertrinken ist also COD ?
Ja , großartig für einen Schläger , schlecht für die Verkündigung des Todes .
Wonach suchst du , Doc ?
So wie du es eingestellt hast , würde es meinen Herzschlag nicht erkennen .
Du kannst froh sein , dass du nicht auf die Bank gesetzt wirst .
Warum fragst du ?
Nun , ich müsste mehr wissen über
Ich bitte dich , dir etwas anzusehen .
Heute Abend befreien wir uns von der physischen Ebene .
Sie hat einige akademische Auszeichnungen erhalten .
Dafür braucht man keinen Detektiv .
Oh , noch eines von Dr. Adens Notizbüchern .
Dr. Aden sagte , dass dies ein schlimmes Ende nehmen würde .
Hoffentlich ist noch Zeit für Alice .
Es handelt sich um eine Datums-Tag-Übereinstimmung mit einer Formel
Richtig .
Und wie hat Alice es bekommen ?
Er und Alice waren E-Mail-Kollegen .
Als ihre Mutter starb .
Alice sah einen anonymen Kommentator
Also schreibt sie eine E-Mail ,
Also , hier . Kurt spaziert gerade über den Campus .
Eine Art von Störung .
Ich arbeite an der Isolierung des konkurrierenden Bildes ,
Sehen wir durch Alices Kamera ?
Wo ist sie , und was macht sie ?
Was , ein Auto hat für sie angehalten ?
Wischer , aus .
APU-Brandschutztesttaste , prüfen .
Aufstieg auf 3.900 Meter , Sichuan 8633
Dieses Spielzeug ist für dich .
Bitte gut sitzen und anschnallen .
Es ist 123,7 . Auf Wiedersehen , Sichuan 8633 .
zum Teufel
Weiterer Aufstieg bis auf 9.200 Meter .
Rückkehr nach Chengdu
Achten Sie auf die Turbulenzen .
Bitte schnallen Sie sich an .
Wir werden eine Ankündigung machen , sobald wir mehr Informationen haben .
Hierfür benötigen wir noch eine Bestätigung .
Jahre später ,
Und so erfuhren die Leute , dass Felicia Tillman
Ich mag alles , was nicht orange ist .
Ihr Abrechnungsscheck ist eingetroffen .
Nach all diesen Jahren im Gefängnis ,
Was ? In deine alte Nachbarschaft ?
Keiner deiner Nachbarn hat dich während des Prozesses unterstützt .
Oh , ich hasse sie nicht ...
Und so kehrte mein Mann in die Wisteria Lane zurück .
Sie hatten seit Jahren nicht mehr an Paul Young gedacht .
Und er wollte sicherstellen , dass
Der Brief , der per Sonderkurier eintrifft ...
Ja , es gibt alle möglichen Möglichkeiten
Warum muss ich es ihnen sagen ?
Die Treuhänder des Krankenhauses fühlen sich
&quot; Großartiges Straßenfest .
Nochmals , es tut mir sehr leid .
Er wird so wütend sein !
Sie werden nie erraten , wer wieder da ist !
Wie kommt Paul überhaupt aus dem Gefängnis ?
Hallo , meine Damen .
Ich werde Ihnen die Geschichte erzählen .
Das ist ein guter Witz .
Warum sind Sie so überrascht ?
Oh , warte . Das ist richtig .
Ich sagte mir , ich würde erklären , wie ich reingelegt wurde .
Ob unschuldig oder nicht , der Typ ist mir immer noch unheimlich .
Und er benutzt meine Dusche .
Bist du wegen deines Eisen 9 hier ? Verdammt , ich dachte , wenn ich mich rasiere ,
Du siehst ein bisschen mitgenommen aus , Kumpel . Stimmt etwas nicht ?
Jack , was ist hier los ?
Lass uns einfach reingehen , hm ?
Dann werden wir Gaby nichts sagen ,
Man muss es ihr sagen .
aber ich weiß nicht wie .
Nö . Ich habe mich geirrt . Preston ,
Wenn Renee an diesem Haus vorbeifährt .
Es ist so ... Gemütlich und intim und ...
Du lernst eine Menge neuer Wörter für &quot; klein &quot; .
Manchmal vergehen Wochen ohne mich
Lynette , warum so gemein ?
Fahr nächstes Mal langsamer .
Es ist alles in Ordnung . Wir sind nur alte Freunde , die sich wieder treffen .
Sie arbeiten von zu Hause aus .
Das klingt wie ein Traumjob .
Du sagtest , du hättest Geldprobleme .
An Martha , weil sie ihre Würde verkauft hat
Schau es dir selbst an ! Sie ist auf Kamera drei !
Nur ein paar Familienfotos .
Und , kommst du klar ?
Ich habe mein Geschäft verloren , und ich sitze hier
Es tut mir leid .
Das ist auch gut so .
Nun , was auch immer du tust ...
Lebe wohl , Bree .
Ich habe über unser Gespräch gestern Abend nachgedacht .
Mir geht &apos; s gut .
Ich habe ein Projekt für mich gefunden .
Ich wollte dir ins Gesicht spucken .
Ja , das ist richtig . Du bist nicht an das Gefängnis gewöhnt .
Du gibst mir viele Gründe
Dank dir bin ich zu einem kleinen Experten geworden .
Ein Trinkgeld für die Leibesvisitation schadet nie .
Was auch immer einfacher ist .
Sie zeichnen die Gespräche immer auf ,
Das ist eine verrückte , unbegründete Anschuldigung .
Ich habe Dinge zu tun wie Einkaufen
Äh , absolut furchtlos .
Ja , Renee war immer diejenige mit dem Sinn für Mode .
Ich hatte noch nie von GuCci oder Prada .... gehört . .
Oder Chlamydia .
Und ... jemand wurde gejagt .
Oh , es geht nicht ums Geld .
Du warst abenteuerlustig .
Es ist nur schwer für mich zu vereinbaren .
Warum sollte sie das tun ?
Zwei Typen , was ?
Ich meine , ist ihr Leben nicht schon perfekt genug ?
War es also der eine Rugbyspieler und dann der andere ,
Weißt du , ich habe dich abgeschirmt
Sie darf in meinem Leben nicht enttäuscht werden .
Ja , das stimmt . Du hast recht .
Schweinekoteletts zum Abendessen .
Stimmt etwas nicht ?
Ohne dieses Geld kann ich keine Mitarbeiter einstellen .
So kommen wir hier nie wieder raus .
Die Weinprobe ?
Wie du vielleicht schon bemerkt hast ,
Nein , nein , natürlich nicht .
Moment bitte .
Wir wussten , dass sie das ablehnen würden .
Sie können sich im Moment den Luxus leisten , unvernünftig zu sein .
Ihre Zeugenaufstellung ist besser , und sie wissen das .
Wir sind da .
Wir sehen uns vor Gericht .
Hi , Sofia !
Das tut mir sehr leid .
Ich denke an Pfannkuchen zum Frühstück .
Ich werde mir das mal ansehen .
Sie bekommt Flüssigkeit im Bauchraum .
Dieses Baby ist außerhalb der Gebärmutter kaum lebensfähig .
Sie können es doch reparieren , oder ?
Geben Sie ein Plasmapatch ein und hoffen Sie auf das Beste .
Dann ist ein Pflaster der richtige Weg .
Jetzt vertrauen Sie auf ein Plasmapatch ?
Kepner ?
Bleiben Sie in Ihrer Spur , Dr. Karev .
Ich werde die Mutter auf den neuesten Stand bringen .
Sie ist immer noch im OP , aber es geht ihr gut .
Und das Baby ?
Es ist zu klein , um geboren zu werden , richtig ?
Sie müssen noch ein Formular unterschreiben .
Guten Morgen ! Komm rein !
Es tut mir leid . Es war ein wirklich harter Morgen .
Callie und ich tauschen die ganze Zeit .
Könnten Sie dem Gericht bitte die Summe am Ende mitteilen ?
Wir wissen , dass sie mindestens 25 Mal mit Ihnen unterwegs war .
Jetzt , Lassen wir uns einen Moment innehalten und darüber nachdenken .
150 von 180 .
Stattgegeben .
So , Callie darf mich also jetzt als Schlampe beschimpfen ?
Sie lassen es so klingen , als ob eine arbeitende Mutter eine schlechte Mutter wäre .
Du musst nur kommen und es dir holen .
Verdammt noch mal , sei vorsichtig damit !
Das kostet eine Menge Geld ,
Keiner hat einen so beschissenen Namen wie Osgood .
Ich versuche , mich wie ein Gentleman zu verhalten , Doris .
Du denkst weniger von mir , nicht wahr ? Weil ich rausgegangen bin
Ich sage das , weil ich glaube , dass es die Wahrheit ist .
Ich habe in Yale Vorlesungen über Wirtschaft gehalten .
Ich war drei Jahre hintereinander nationaler Meister im Golden Gloves .
Jesus !
Ich lüge viel .
Sagen wir um 7 Uhr ?
Es hat verdammt noch mal funktioniert ! Es hat wirklich funktioniert .
Du sagtest , ich sei ein Feigling und hätte schlechten Atem .
Was war das , Mann ?
Ha , Frauen mögen Ehrlichkeit .
Also gut , frisch von der Bank ..
Was habe ich verpasst ? Das besondere Exemplar .
Okay , sie ist tot , aber sie will sich nicht hinlegen .
Ich könnte einen Schlüssel für eine 1.000-Dollar-Suite bekommen .
Gib mir etwas , das ich in Ehren halten kann , um mich daran zu erinnern .
Gut . Ich danke dir . Los geht &apos; s .
Discs , Kassetten .
Auch wenn er es leugnet , ist es etwas .
Dafür ist es ein bisschen spät .
Dann wirst du vorgeladen und gezwungen , diese ganze Geschichte zu wiederholen .
Dann gebe ich ihnen das .
Ist es so , Frank ?
Sie sehen so schockiert aus . Was haben Sie erwartet ?
Nur arbeitest du nicht mehr für Lang .
Du weißt , dass das alles sinnlos ist , nicht wahr ?
Guten Abend , Herr . Hatherton heißt Sie an Bord willkommen .
Es ist mein erstes Mal in einem Privatjet .
Hallo , Mann .
Ja , mein Herr .
Lass es vorerst aus .
Mike hätte solchen Mist nie geglaubt . Er war zu schlau . Zu treu .
Woher weißt du das ?
Stört es dich , wenn ich nicht darüber nachdenke ?
Ich bin nicht eifersüchtig .
Aber zumindest weiß ich , dass sie einen langen Arbeitstag hat .
Ich würde gerne sehen , dass Sie wieder unter 145 sind .
kotzen .
Etwas ironisch .
Kannst du dein Hemd anheben ? Also kann ich deinen Bauch untersuchen ?
Diese Narben sind immer noch rosa .
Du hast das in Mexiko gemacht , damit deine Eltern es nicht wissen ?
Und Sie haben bemerkt , dass ihr Fuß zuckt ?
Mein Fuß .
Vor etwa drei Monaten ?
Wir brachten sie ins Bezirkskrankenhaus , und sie bekam den CT-Scan ,
Viel schlimmer . Sie haben keine richtige Ausrüstung zu Hause
Sofort .
Ja , und danke dafür .
Ich habe es dir nicht gegeben . Es ist überall im Krankenhaus .
Krankheit , Diagnose und Verschreibung von einem Mann .
Ich werde nihct nach Hause gehen .
Aber ich fühle mich gut .
Was ? Versuchst du , sie in Schwierigkeiten zu bringen ?
George , dieses Programm wird unsere Karrieren machen oder brechen , okay ?
Und diese Entscheidung hängt ganz und gar davon ab .
Er ist der Begleiter . Er sollte es besser wissen .
Es klang nicht gerade so
Ich denke schon , Dr. Shepherd .
Bitte , Doktor .
Wir werden dir das auf den Arm legen , okay ?
Hier werden wir das auf Sie übertragen , so wie das .
Das ist ein Schmetterling .
Mmm , los geht &apos; s. Decke für den Schmetterling . Gut . Schön gemacht .
Hallo , du magst Raumschiffe ?
Wirklich ? Okay , sollten wir Captain O &apos; malley mitnehmen ,
Es ist sicherer abzuwarten , bis dein Mittagessen verdaut ist
Wie bist du auf die Idee gekommen , dies zu tun ?
Schatz , es gibt einen gesunden Weg , um abzunehmen .
Was isst du ?
Meistens wenn Menschen ihr Zielgewicht erreichen ,
Es ist ... stressig .
Ich könnte mich mehr auf mein Studium konzentrieren .
So funktioniert das Leben nicht , Claire .
Was ? Du willst das argumentieren ?
Ohne Behandlung wird die Krankheit sie töten .
sehr schnell .
Die Behandlung erfordert den erkrankten Teil
Ihr Gehirn ist noch nicht voll entwickelt ,
Es gibt Risiken bei jeder Operation ,
Schauen Sie , ich weiß , es gibtt viel zu verdauen .
Vielen Dank .
Ja ? Was
Bist du dabei oder nicht ?
Gut .
Wir werden die Hälfte des Gehirns eines Mädchens ausschneiden
Das macht es fast schwer , ihn zu hassen .
Oh , kein Grund .
Kennst du ?
Sie weiß es .
Wir müssen den Darm von den Adhäsionen befreien , die durch den Abszess verursacht werden .
Was hat sie sich dabei gedacht ?
Sie wollte ihr gefallen .
Ok .
Sie bekommt gute Noten .
Sie ist schlau .
Komm schon , Taylor , sie wacht auf .
Äh , er ist eingeschlafen !
Dr. Taylor !
Meine schlechte , Shep .
Aw , ich nickte ein . Komm schon .
Steph , hol mir einen Kaffee .
Mir geht es gut . Es wird nicht wieder passieren .
Äh , Steph , ruf Dr. Pennington an .
Geh hier raus und hol es zusammen .
Bedeutet das , dass du glaubst , dass er unschuldig ist ?
egal ob es gerecht ist oder nicht
Und wir werden die ganze Nacht bei Ihnen sein .
Wie lange bis ..
Machen seine Anwälte Fortschritte ?
Es gibt nur eine Person , die diese Ausführung wirklich stoppen kann .
Nur um zu reden . Für fünf Minuten .
Okay ...
Mir wurde gesagt , dass du bis zum endgültigen Besuch warten musst .
Glaub mir , mein Vater weiß , wie ich zur Todesstrafe stehe
Das ist ..
Sprich einfach mit Lincolns Anwälten
Und wenn ich diejenige wäre , die um Gnade für deinen Bruder bittet
Ja , aber ein geheimer Informant behauptet , dass Steadman noch lebt ?
Du bist sein Angestellter , bring uns einfach auf die Liste .
Wenn er es gewährt , dass er einen Aufschub organisieren kann , bis die Tests eingehen .
Auf keinen Fall .
Wir haben Tag und Nacht in dieser beschissenen kleinen Wohnung von dir für den Bar-Tag studiert
Komm schon , Lyle , jeder weiß , dass du diesen Gerichtssaal betreibst .
Der Informant , der gestern getötet wurde . Ich war dort .
Alles , worum wir bitten , ist , dass wir gehört werden .
Vielen Dank .
Er weiß , dass du es versucht hast
Also ja .
Genug , Mann , okay .
sich zurückziehen , sonst werde ich deinen Po in den Boden schlagen .
Okay . Pause ist vorbei . Zurück zum Block .
Und ich werde sammeln .
Danke .
Lass mich über meine Probleme nachdenken .
Einmal vor ca. 10 Jahren
Und es mag verrückt klingen
Wenn also etwas mit dem Stuhl passiert
Ein neuer Todesfall rechtfertigt ein weiteres ärztliches Attest .
Du , was kratzt du ?
Ich weiß , dass die Zeit von entscheidender Bedeutung ist .
Diese kleinen Bastarde sind der Fluch meiner Existenz , ich schwöre bei Gott .
Ja , sie werden von der Hitze angezogen , wenn ihnen kalt ist
Nicht durch Kauen von Draht allein , aber auch wenn der Schwanz Metall berührt
Können Sie also die Sicherung wechseln ?
Kannst du es jetzt tun ?
Ja
Helfen Sie mir .
Haare stören oder so .
Ich weiß .
Erinnerst du dich an Derek ?
Ich sagte , $ 100 .
Sie soll kommen .
Ich werde meinen Kopf gerade gerückt bekommen .
Später kann ich es nicht mehr haben .
Ich muss ihn sehen .
Du wirst es nie durch das Tor schaffen .
Ich hatte letzte Nacht einen Traum . Du und ich haben an einem Haus gearbeitet
Es war so klar . Der ganze Traum .
Ich weiß es .
Ihn ihn ?
Was scheiß denn hofft er , mit diesen Verlierern zu finden ?
Sie sind totale Schlampen hier .
Kein Manager . Nur das Mädchen .
Ja , wir kommen , wir kommen . Wer ist da ?
Im Timone D &apos; Oro ?
Sergio muss zuerst etwas für die Arbeit fertig machen .
Zwei Details , die bald geklärt werden , Fabrizio !
Und du gehst zurück nach Taranto .
Es ist so altmodisch ! Ich habe diese Dinge seit gut zehn Jahren nicht mehr angerührt .
Nein , ich verstehe .
Nichts . Du hast dabei nicht geredet .
... Sergio Morra .
Du tust alles , was du kannst , um auf dich aufmerksam zu machen .
Nun , ich mag es , beschäftigt zu bleiben .
Aber sie reichen nicht mehr aus .
Liebling , könntest du dich einen Moment um den Jungen kümmern ?
Luigino , warum fährst du nicht da herum ?
Ich sage , dass wir verloren haben
Diese gebrochenen Versprechen ..
Sein Kollaborateur wurde wegen Verbindungen zur Mafia zu neun Jahren Haft verurteilt .
Er geht ins Ausland und sagt :
Stimmt das nicht ?
Er ist 70 Jahre alt , Cupa .
Ich weiß , wohin du gehst ,
Scheiß dich , Santino .
Was scheiß denn ?
Ich habe Sergio nie betrogen .
Du bist ein Stück Scheiße !
Weil ich ihnen alles erzählen werde , Santino ,
Hast du irgendwelche Wünsche , Sergio ?
Ja , ich weiß , ich weiß .
Wohin werden sie mit dieser erbärmlichen Mehrheit gehen ?
Bist du gelangweilt , Liebe ?
Sollen wir nach der Bagaglino Show etwas tun , Liebling ?
Ja , Geri war ziemlich froh .
Das hat mich 300 Euro gekostet und es sieht scheiße aus .
Wenn du nur ein Top bräuchtest , um den Unterschied zu machen , Schatz !
Wir hoffen nur , dass diese Scheiße nicht zu lange anhält . Oh Gott , los geht &apos; s !
Woher weißt du das , Silvio ?
Ein unermüdlicher Liebhaber meines Kalibers
Unter einer Bedingung .. dass du ihren Namen nicht auslässt .
Tamara Morra . Kennst du sie ?
Eine gut aussehende Frau .
Sie drängte mich , als dein Nachfolger aufzutreten
Wer nicht bei mir ist , ist gegen mich .
Zwei Dinge . Der Verkäufer ist ein einsamer Mann .
Also legen das beiseite , aber vergessen es nicht ,
Augusto Pallotta , Vertriebsleiter von Pallotta Real Estate LTD .
Ja , meine Dame ,
Ich auch nicht , meine Dame . Wenn ich Sie jetzt anrufe ,
Ja , verstanden , jeder träumt davon , ein Haus zu besitzen .
Nicht wegen des reichsten Mannes Italiens ,
Wenn also all diese Schlussfolgerungen von Ihnen nicht der Grund sind ,
Das Problem ist , dass ich mich an etwas erinnerte , während ich auf dich wartete .
Was der Schriftsteller Javier Marias über Sie gesagt hat .
Er sagte , wenn Sie an internationalen Gipfeltreffen teilnehmen ,
Ich habe in Dubai Pfeifentechnik studiert .
Und ich habe sie hierher gebracht , weil sie darauf brennt , dich zu treffen .
Liebe Veronica ,
Ich habe auch einen Lieblingsschriftsteller .
Ich werde nicht sagen . Sag mal . Du ertrinkst in Schulden , Fabrizio .
Du hilfst mir ?
Das kann ich verstehen .
Es scheint , dass eine Art Handbuch erstellt wurde ,
Ich mache , was ich will .
Zumindest deine Witze , Silvio . Könntest du zumindest vermeiden , Witze zu erzählen ?
Was ist dann mit Churchill ?
War das weniger melodramatisch ?
&quot; Du warst gut , meine Liebe , nur schade , dass ich nichts hören konnte ! &quot;
Gut , aber denk mal , dass diese Hure
Vielleicht war das der Grund , dass ich das Bedürfnis nach Begleitung verspürte .
Gut , Silvio , sehr gut .
Wir haben genug davon . Und du willst noch etwas anderes wissen ?
Es ist nicht wahr , dass du so geschickt bist , wie du sagst .
Du bist so naiv !
Glaubst du , dass sie alle mit Rechtschaffenheit gesegnet sind , außer mir ?
Sie sind alle wie ich .
Aber ich habe es besser gemacht als der Rest von ihnen , weil ich der Beste bin .
Aber ich habe die Pflicht , völlig ehrlich zu dir zu sein .
Wenn ich später zurückkomme , liegt das daran , dass ich gewonnen habe .
Warum lassen sie mich nicht regieren ?
Stattdessen quälen mich die linken Richter mit Prozessen ,
Was haben Sie erwartet ?
Ja , das ist genau das , was ich erwartet habe .
Oder vielleicht bin ich nie darauf gelandet .
Vor ein paar Tagen , in einer Zeitschrift ,
sie sehen alle aus wie Veronica .
Vorher war ein Mädchen hier .
Ich ging auf sie zu und sie sagte zu mir ..
&quot; Anker &quot; .
Ich glaube , ich kann das für Ihre Zuschauer tun
Ich habe Journalismus an der University of Texas studiert .
Gute Antwort .
und , ich bin seit kurzem verlobt .
Skelette ?
Ich bin eine gute Frau .
Mach &apos; s gut . Schönen Tag . Schönen Tag .
Fünf Minuten , Leute .
Es liegt an Ihnen und Wendy Chang .
Madeline .
Ist sie fertig , oder ... . ?
CK ist einen Block südlich .
Du solltest wirklich kein Händedesinfektionsmittel wie dieses verwenden . Es trocknet deine Haut aus .
Den mit Blumen oder den mit Blumen ?
Sie können manchmal so schlimm sein .
Werfen Dinge und treffen mich .
Hast du geraucht ?
Willst du Pfannkuchen ?
Ich weiß , dass du Butter hasst .
Irgendetwas ?
Scheiß Dämon . Und er behält es drin .
Als du ein .. nur ein kleines Baby warst ,
Ich kann es kaum warten , bis wir dieses Geld bekommen .
Amerikanische Zahnpasta .
Warum gibst du ihr das ?
Also , du solltest mir das Geheimnis nicht sagen .
Ich habe kein Pokergesicht .
Caroline , ich warne dich .
Auch wenn ich dich bitte , sag es mir nicht .
Dein Vater hat dieses Ding geschrieben und auch inszeniert ?
Yikes , hier steht es
Wir sehen jetzt einen Erstaz ?
Stahlstangen
Also , wir werden dich nicht mehr lange gefangen halten .
Zweite Hälfte ? Das waren drei Stunden !
Vor allem die Fluchtversuchsszene .
Er ist sicher ein großer Mann auf seinem Blog ,
Alles klar , gut , bitte .
Es tut mir wirklich Leid , von dir und Max zu hören .
Warum erzählt mir jede einzelne Person immer wieder
Hier . Lass mich das tun .
Du musst nur auf der Wall Street arbeiten , okay ?
Papa , hast du mit Max darüber gesprochen ?
Du könntest immer noch mit Max befreundet sein .
Woher weißt du , wo ich hingehöre ?
Kann ich jetzt diesen Fick in Ruhe gucken ?
Ja , mach weiter . Wählen Sie eine aus .
Okay !
Hier , wie viel berechnen Sie überhaupt ?
Mama wird dir zeigen , wie man Spaghetti isst .
Nein , Lucy , nicht mit deinen Fingern !
Also sagte ich mir : &quot; Wer sind meine beiden besten Männer ? &quot;
Glauben Sie mir , ich bin auch Mutter .
Es gab Hinweise auf
Wie viel , würden Sie sagen ?
Ich bin mir bewusst , dass Ihr Mann gestorben ist .
Es tut mir sehr Leid .
Mein Mann wurde ermordet ?
Ich meine Bewältigung .
Als Nursey auf Boden fällt , in einem ...
Und Mutti sagt dir , dass du sie lassen sollst ..
Penny hat mich dazu gebracht , alle fünf Staffeln zu sehen
Oh , Mist !
Wir gehen mit Carrie nach Paris und unser Herz wird gebrochen ,
Tür .
Wir möchten hier spielen .
Sag mir alles . Geh weg .
Hast du gerade gepisst ?
Kein Pissen im Schulhof !
Mein Freund , ich kenne einen Inder
Was hat Mamaji dir also schon gesagt ?
Er würde das über ein schönes Essen sagen .
Sie werden sich selbst entscheiden , woran du glaubst .
Ich muss mir mal überlegen . Wo soll man anfangen ?
Lasst euch nicht von den Geschichten und hübschen Lügen täuschen , Junge .
Mein lieber Apa glaubte , dass er Teil des neuen Indiens ist .
Er lag mit Schmerz im Bett ,
Religion war die einzige Tink , die sie in ihrer Vergangenheit hatte .
Ihre Religion war die einzige Verbindung , die sie
Herausforderung . Ich gebe dir zwei Rupien .
Du musst Durst haben
Warum sollte er seinen eigenen Sohn schicken ?
Aber wir können Gottes Sohn verstehen ,
Aber Gott war mit mir noch nicht fertig .
Und so stellte er ihn mir wieder vor ,
Aber der Klang und das Gefühl der Worte brachten mir Gott näher .
Wer hat dich erlaubt , hierher zurückzukehren ?
Ich-Ich wollte nur Hallo zu ihm sagen .
Er ist ein Tier , kein Spielkamerad !
Wenn du in seine Augen schaust ,
Dumm von dir . Sag : &quot; Entschulidung &quot; .
Entschuldigung .
Dies ist Vater-Sohn-Sache .
Erschrecke ich sie ? Dieser Junge hätte fast seinen Arm verloren .
Er wird ein Mann früher sein , als du denkst .
Komm herein und Ess was zu Abend .
Oh , meine Söhne und ich sind Vegetarier .
Nicht für Soße .
Hallo .
Also esse ich Reis mit Soße .
Es ist Geschmack . Du probierst es ?
Wir werden viele frische Vorräte haben , nachdem wir in Manila aufgehalten haben .
Er wird keine Probleme verursachen .
Wir wollen nicht aufräumen ,
Es ist mein Bett .
Siehst du nicht , dass die Insel karnivor war ?
Ja . Die ganze Insel .
Aber in der Nacht , ein chemischer Prozess
Ich könnte natürlich nicht ohne ihn gehen
Ich wusste , dass er nicht gegessen werden würde
Und Sie werden in keinem Naturbuch über diese Bäume lesen .
Und wenn ich diesen Zahn nicht entdeckt hätte ,
Selbst wenn er meinem Leiden gegenüber gleichgültig sein zu schien , schaute er zu .
Und mir wurde ein Zeichen gegeben , meine Reise fortzusetzen .
Meine Kraft war weg , ich war so schwach .
Ich kämpfte mich ans Ufer und lag auf den Sand .
Und irgendwo lächelten zwei Augen , die mich dort brachten .
Der Koch ... war ein ekelhafter Mann .
Wir hatten wochenlang genug zu essen ,
Aber er war einfallsreich
&quot; Nipola ! &quot;
Konnte nicht wegschauen ...
Er warf ihren Körper aufs Bord ,
Er wehrte sich überhaupt nicht , er wusste , dass er zu weit gegangen war
Ich mache nichts anderes !
Ich würde deine Drachen spielen ode irgenwas , wenn du mich darum bitten würdest .
Ist das dein Ernst ?
Ich weiß es nicht , ich sage nur , dass ich spielen würde , wenn du fragst .
Kannst du eine Sekunde warten ?
es würde dich auch nicht umbringen , ein Geschirr zu spülen .
Mein Bruder ist ein knurrender Ball der Wut und meine Schwester ist ...
Schöne Zeiten .
Sie will nur mit dir spielen .
Dave , du redest davon immer wieder .
Nein , es ist kommisch und dumm !
Ur also zwanzig Meilen groß ,
so einsam mit seinem Leiden ,
die ersten dunklen Könige der Erde .
Riesen sind Ungeziefer ,
Sie können dreißig Füße treffen und in allen Geschmacksrichtungen kommen .
Sumpfriesen werden die Menschen eines ganzen Dorfes aufräumen ,
Sie schleichen , sie sind Vorboten .
Du siehst einen Vorboten , dann ist ein Riese in der Nähe .
Das sind die Großen .
Riesen sind nicht real .
Da hast du es .
Sobald sie Nahrung gefunden haben , nähern sie sich den Köder nicht .
Ich möchte sehen , ob es einen Bissen von diesem Kerl genommen hat .
So , du gibst nie auf , Barbara .
Aber dann wärst du alt geworden .
Warum warst du nicht in der Schule ?
Was ich weiß , ist ihr Endspiel
Aber ich möchte dich nicht in dieses Chaos verwickeln .
Ich frage dich nicht um Erlaubnis , James .
Ich verstehe alles nicht , was vor sich geht ,
Find heraus , was ihr Plan ist und worum es geht .
Ich vertraue keinem von ihnen .
Kannst du den Strom reparieren
Die Wasserleitungen befinden sich im Gefängnis .
Bruder , ähm , ich verlasse dich hier bald .
Es ist Kaffeebohnen-Saison ,
Alles klar , gut , bevor du hier verlässt , Mann , ich
Nur ein paar Stunden , das war &apos; s .
Ich verdiene Geld und schicke es nach Hause .
Ich habe mit James gesprochen .
Du und ich , wir beide haben Leute da drin
Dein Spanisch so gut wie dein Englisch ?
Ich möchte um eine Hilfe bitten .
Du , du kannst deine Männer mitbringen .
Ich habe auch etwas davon ,
Ich bin mir nicht ganz sicher , bis wir zu graben anfangen können ,
Und Du , Patron , wenn etwas schief geht .
Ich verspreche .
Ich werde diesen Jungen disziplinieren .
Ich brauche deine Hilfe nicht .
Ich habe Sie gestern reden hören .
Wissen Sie darüber , wie Amerikaner zusammenhalten sollten .
Was ist das , eine &quot; 66 oder eine &apos; 67 &quot; ?
Ich gab ihm auch Schaufeln und den Jungen , mit denen man arbeiten kann , genau wie du .
Er sagte , dass er mir geholfen hat .
Gefesselt und in einer Pfeife unter meinem eigenen Gefängnis zurückgelassen .
Die Soldaten beobachten ihn .
Er hat da draußen etwas in einer Anschlussdose vergraben
Wir macheneinen Spaziergang , oder ?
Ich tue nur , was mir gesagt wird .
Hmm ?
Und ich werde dich dort treffen . Okay .
Ich möchte das nur erledigen .
Bleib hier .
Aber du gehst immer noch einfach weg und tust , was du willst ?
Lechero möchte mit dir sprechen .
Was Scheiß denn machst du im Gefängnis ?
Es ist perfekt .
Es ist das , was du wolltest , oder ?
Gute Arbeit .
Äh , wir warten .
Du weißt , was du tun musst .
Wenn ich Strom aus irgendeinem Grund repariere ,
Eigentlich ist es so für uns am besten .
Hey , Bruder . Willst du einen kalten ?
Ich habe viel verrückte Scheiße gesehen , aber nie einen Mord .
Ich denke , er hat es ihr früher am Tag angetan .
Die Mädchen , deine Nichten ?
Ja , was hast du , Kind ?
Es gibt einen Mann , der eine Klinik am Broadway hat .
Was ? Du bekommst es bei Ärzten ?
Dieser Mann hat eine Sampler-Apotheke drin .
Ich brauche jemanden , der vor dem Wagen steht , der mir hilft , es zu bewegen .
Jemanden wie du am Tisch , wenn der Deal ausfällt ,
Wir machen es nur für etwas Sonne und Wellen .
Du brauchst keine 10 Tausend , Mann ?
Danke für das Bier .
Du weißt , wer das ist , du Hurensohn .
Ja . Ich erinnere mich , Herr Cade .
Ich kann nicht sagen . Ich habe einfach
Wir machen es . Roy , du musst nicht . Wir müssen eine Biopsie machen .
Warum hast du dann den Ring behalten ?
Du bist immer noch ein schlechter Lügner , Dave . Das gefällt mir an dir . Das ist ein gutes Zeichen .
Nein , ich habe ein Leben .
Damit stehst du auf seiner Liste .
Das ist verrückt . Du siehst , wie verrückt das ist , oder ?
Du hilfst mir , es zurückzubekommen . Du bist fertig .
Du kannst verlassen .
Whoa , whoa , whoa , whoa !
Bitte tu das nicht . Was tust du ?
Whoa . Was ist das ?
Das tut mir Leid . Es ist einfach schön für sie , eine echte Ikone wie mich zu sehen .
Und vorher müssen wir den Jungen finden .
Wir warten , bis er allein ist .
Dave ? Es ist Becky .
Kannst du dich bitte verstecken ? Versteck jetzt . Bitte .
Wir haben wichtige Arbeit vor uns .
Sie ?
Die Wahrheit darüber , wer in der Puppe ist ?
Sag mir , warst du jemals verliebt ?
Nein , nein , nein , nein . Leugne es nicht .
Halt den Mund .
Ich stelle mich vor , dass ich es will , aus dem gleichen Grund wie du .
Aber ich habe das Vermögen von meinem Onkel geerbt .
Er war derjenige , der sie diese Panzer hier aufstellen ließ .
Ich habe Angeboten , diese Seite zu einem sehr fairen Preis an Sie zu vermieten
Ich besitze gerne die Dinge , die ich benutze .
Ja , wir sehen uns wieder zu Hause .
Okay .
Vielen Dank .
Sie sind zu schwach , um ihren Lebensunterhalt zu verdienen oder sogar mit ihren eigenen Händen zu kämpfen .
Also habt ihr das getan , was ihr tun musstet ?
Sie haben gerade gesagt , dass Sie alles , was Sie tun mussten , getan haben .
Ich bin mir nicht ganz sicher , weißt du . Ich bin gerade um 4 : 00 hier angekommen .
Ok .
Hey , warum wollen sie es ?
Lkw 14 bis 23 sind unterwegs .
Nick , die Dichtung ist gut . Du solltest dort ankommen und loslegen
Aber wissen Sie auch , dass ich nie etwas von jemandem genommen habe .
Wir sind hier auf der gleichen Seite .
so zu tun , als ob der Elefant an der Ecke meines Schreibtisches nicht da wärst .
aber wir glauben , dass Sie und Ihr Unternehmen das Gesetz gebrochen haben
Es ist ein wenig peinlich , offensichtlich ...
Wissen Sie , aus Respekt .
Aber weiß , dass Sie falsch sind .
Abel !
Sicher .
Es ist eine Waffe .
Woher hattest du das ?
Sie spielte damit .
Es war ein verdammter Schläger mit einer geladenen Waffe , der in unseres Fenster schaute .
Betrachten wir es wie ein Ehrenabzeichen .
Du musst sofort nach Hause gehen ...
Wie weit gehen sie zurück ?
Eine andere Sache . Die Bank .
Ich will euch beide dort haben . Einfach vorne . Ehrlich gesagt .
Gott weiß , dass sie größeren Gaunern als uns Geld gegeben haben .
Es ist nicht wie damals , als wir fuhren
Er fühlt sich sehr stark dabei .
Ich glaube nicht , dass er das ganz versteht .
ALso , zunächst ist es illegal .
Ich bin verantwortlich , ...
So können wir nicht länger bleiben .
Wir sind momentan so schwach .
Weil ich meine gesamten Ersparnisse wegen der Depositen riskiert habe .
Ich meine .. das . Warum wollen Sie es ?
Ja , ich habe darüber nachgedacht . In den letzten fünf Jahren habe ich jeden Tag darüber nachgedacht .
Ich spreche nicht von diesem Ort .
Ich habe keine Ahnung , was Sie meinen .
Bitte schön .
Ich verstehe und entschuldige mich , ehrlich gesagt .
Lass mich etwas überprüfen .
Ich werde diesen Kerl verdammt noch mal umbringen .
Abel . Er sagt , es sei eine schlechte Zeit .
Anna Morales .
Ich verstehe , dass Sie und Ihre Männer hier eine Aufgabe zu erledigen haben .
Entschuldigung ?
Wir sind nicht so , wie Sie dachten .
Gut für Sie .
Nicht einmal annähernd .
Ich würde anfangen , uns mit etwas mehr Respekt zu behandeln .
Er wird mit aller Kraft versuchen , Sie zu ruinieren .
Und Sie werden kein verdammtes Ding finden .
Sechs , was machen Sie hier ?
Du kommst unter der Brücke heraus . Es ist ein Parkplatz .
Bitte .
Es ist immer noch oben auf der Brücke
Es ist 16. Jemand schoss auf der Brücke der 59. Straße seinen Lastwagen .
Sieben Monate . Sechs und halb
weil Sie gesagt haben , dass Sie dort sein würden .
einer mit 16 Anklagepunkten wegen Fehlverhaltens .
Und dann heute , genau bei unserem Treffen
für Ihre Unterstützung beim Versuch , den Fahrer hier zu bringen .
Ja , die Offiziere dort haben es auch nicht sehr gut auf ihrer Seite eingerichtet .
Frau Lange .
dass es für Sie von Vorteil sein könnte
Deshalb haben wir ein Angebot für Sie zur Überprüfung vorbereitet .
Es ist gut , Andrew
Natürlich .
Aber ich brauche mehr Zeit .
nach einem sehr offenen Gespräch ..
Wie Sie wissen , gibt es viele andere kleinere Anbieter in der Gegend .
Peter , vielen Dank .
Ich denke , ich wusste irgendwie , was ich tat
Das ist geil .
Ich erzählte ihnen , dass ihr Vater da draußen war
und dass es keinen Menschen gab
Natürlich .
Du bist gewachsen .
Ich weiß . Ich weiß . Aber so bist du .
Ich weiß nicht , wie du hier arbeiten kannst .
Ihre Einrichtung in Far Rockaway hat eine Ladung Treibstoff gekauft .
Das ist nicht möglich .
Denke nur an die Feiglinge , die das getan haben .
Haben Sie irgendwelche Quittungen im letzten Jahr ...
Also vermute ich , dass es zumindest gibt , was
Ich habe gesagt . 213,000 .
Okay .
Ich ... Ich-ich habe nur ein paar Ladungen gekauft .
Das kann mich ruinieren .
Aber wenn Sie so verdammt verzweifelt sind
In Ordnung , gut , wenn Sie herausfinden , wer sonst es noch getan hat
oder Sie bekommen Futter bis zum Mittag vor Ihrer Haustür .
Wir sind keine netten Leute , von denen man sich eine dreiviertel Million Dollar leihen kann .
Weißt du , ich werde ... Ich werde darüber nachdenken .
Kannst du das glauben ?
Los geht &apos; s .
Warum übernachten wir nicht einfach hier ?
Ich weiß .
Das stimmt nicht .
Du willst , dass ich etwas drin für dich lege ? !
Oh , gut ! Ich habe diesen neuen Fleckenstift zum Ausprobieren bekommen !
Okay , ich verstehe , worauf du hinauswillst :
Denn dort haben wir auch ein Home-Town-Buffet .
Ja , ziemlich Chaos .
Ging direkt aus der Tür .
habe ein herrliches Abendessen zu einem vernünftigen Preis genossen .
Direkt daneben !
Wieso ?
Du wiederholst nur , was ich gesagt habe .
Vertrau mir , ruf sie an .
Ich war so nah dran .
Du wirst mir danken .
Sag ihm , dass du nicht sauer auf mich bist .
Geb Wesley Crusher ein , das wurde von mir gespielt .
Leute , wenn diese Mauern sprechen könnten .
Ich kann nicht glauben , dass ich nicht mehr hier leben werde .
Genau hier hat meine Mutter meine Größe markiert .
Siebte Klasse .
Neunte Klasse .
Wann hast du herausgefunden , dass du allergisch gegen Nüsse bist ?
Okay .
Ja , ich denke schon .
Sag es .
Wir stehen nicht draußen am U-Haul
Was bringt dich herrein ?
Bist du endlich schwindelig an komischen Orten ?
Es hat mir ein paar Mal richtig beruhigt .
Also , das Herz , das du vom Zauberer bekommen hast , verursacht dir Probleme ?
Eines Tages werden Wissenschaftler entdecken ,
Ok , sag einfach Entschuldigung .
Das Kernproblem ist , dass Amy und Wil sich nicht mögen .
Und ich mag sie ,
Stimmt nicht .
Ich muss sagen , dass das eine harte Arbeit ist .
Das ist ein Genuss , der schwer abzulehnen ist .
Vielleicht möchtest du dich selbst beschleunigen .
Ich glaube , ich weiß , was ich tue .
Ich habe eine Karte für Notfall , die ich selbst bezahle .
Das ist ein Pinguin , den ich sponsere .
Was ist Pink Cheeks ?
Vielleicht solltest du jemanden finden
Nein , absolut nicht .
Das ist eine törichte Ausgabe , und ich verbiete es .
Du sprichst von mir . Sehr witzig .
Moment , Moment , wer wird dem Pinguin das sagen ?
Ja , ich übertrage dir die Verantwortung für meine Finanzen .
Sehr gut .
Du kannst keine kaufen .
Ich hoffe so .
Es muss andere Möglichkeiten geben , wie du schnell Geld verdienen kannst .
Ooh , vielleicht könnte ich mein Blut und Sperma verkaufen .
Hier , lass mich dir helfen .
Meine Mutter in Korea arbeitet noch
Äh , Max , willst du einziehen ?
Steht auf und Sag &quot; Nein &quot; . Du bist ein 53-jähriger Mann .
Was ?
Was hast du bekommen , einen Fall der Benjamin Buttons ?
Was ?
Ja , was lässt dich denken , dass ich älter bin ?
Dieses Auto explodierte gerade vor beiden Mädchen ,
Ich weiß nicht . Ich meine , es ist irgendwie eine große Sache .
Ich habe mich zweimal dafür entschuldigt .
Ja , ich hätte sterben können ,
Es ist Gewalt gegen Frauen .
Es geht um Gewalt gegen Frauen .
Zumindest wird sie mich nicht schuldig fühlen lassen .
Zumindest dein Bauchrucksack
Die Haare klappen hoch und unten .
Schau , wer geht , geht , geht mit Absicht
Wirklich ? Weil ich mit Han ins Filmgefängnis gegangen bin .
Wir haben ein Fahndungsfoto .
Genau , Han-nie und Clyde ,
Ein freier Blick auf meinen süßen , süßen ?
Was für eine egoistische Sache zu sagen .
Ich war ziemlich verblüfft , mit einem Neuling gepaart zu werden .
Ich bin deine Geistführerin .
Kein Problem .
Ich mag deinen Pullover .
Glückwunsch .
Ich bin froh , dass du dich entschieden hast , zu uns zu kommen , mein Sohn .
Ja .
Ähm , ich würde gerne , aber ich denke , ob ich angestellt werden möchte
Kinderleicht . Zeigen und schießen .
Nein , mir geht es gut . Dies ist bequem .
Ich stelle den Wecker auf 5 : 00 a.m. , okay ?
Ich habe $ 20 für das Frühstück beiseite gelegt ,
Ich bin ein bisschen mehr eine visuelle Lernerin .
Ich ziehe das einfach hoch .
Hinten .
Whoa , whoa , einfach .
Ich bin Jarrod . Wohin bist du also gegangen ?
Kann ich mitkommen ?
Irgendwo du willst . Das ist nicht von Applebee .
Wenn du deinen Schuss schießen willst ,
Kann ich bitte die Spaghetti und Fleischbällchen bitte bekommen ?
Wir haben nicht wirklich einen Beilagensalat .
Okay , nur der Burger ist dann in Ordnung .
Vielen Dank .
Das war schön .
Könntest du uns zur nächsten Bushaltestelle fahren ?
Ich meine , die nächste Haltestelle ist wahrscheinlich Amarillo .
Das stimmt . Steigt ein .
Ähm , ich weiß nicht , ob wir dafür Zeit haben .
Dann fahren wir .
Los !
Sieht so aus , als würde 23 die Kontrolle verlieren !
In die Wand . 23 ist raus für die Zählung .
Dann fährst du genau dort .
Ja , wir versuchen zum Busbahnhof in Amarillo zu gehen ,
Oh , danke , wow .
Hast du noch mehr von diesen Streuseln ?
Ist es für Jemanden Besonderen ?
Haben wir Getreide ?
für den Rest ihres Lebens ?
Oh , hey . Haben wir noch Trampolin in der Garage ?
Ich wäre oben in meinem Zimmer und würde lesen ,
Hallo. hey , Mike .
Nein , nein , nein . Mach langsamer .
Das habe ich schon .
Oh Gott .
Oh mein Gott . Oh mein Gott ! Es ist von ihm .
Umarmungen und Küsse .
Ich rufe ihn an .
Ähm .. was songst hat sie uns noch nicht gesagt ?
Hat sie dir gesagt , dass sie ihre Hand über eine offene Flamme halten kann , ohne zu weinen ?
Aber es ist nicht ihre Schuld .
Ich bin zurück . Wer ist bereit für den Nachtisch :
Ich kanalisiere meine Wut in das Putzen .
Du erkennst , dass es nichts ändert , die Leute abzuschrecken .
Du kannst dich nicht vorstellen , wie viele Menschen dieses Baby wollen .
Es tut mir leid . Es ist mein Enkelkind .
Matt , trink für meinen Freund hier .
Whiskey , ohne Eis .
Jerry .
Kein richtiger Redner , oder ?
Was machen Sie als Beruf , Jerry ?
Anscheinend hat sie gar nicht erkannt , dass diese ganze Sache mich töten könnte .
Deshalb wird sie sich darum immer kümmern .
Wenn es um ihre Kinder geht ,
Und wenn du durch alle Zeiten in deinem Leben , wann sie dich verrückt gemacht hat , gehst ,
Ich weiß .
Das ist ein ziemlich gutes Beispiel .
Also , einige Leute in der Schule denken , dass es unangemessen ist , auf dem Spielplatz zu küssen .
Nein , nein , nein , kein Küssen von Ryan irgendwo .
Zuerst küssen , dann heiraten , dann kauft er mir Geschenke .
Schatz ...
Also gut , Leute . Schluss mit dem Junioren-Uni-Blödsinn .
Etwas , das Billy nicht kommen sehen wird
Wie wollen wir das machen ?
Vicki , weinst du etwa ?
Wenn du dich dann besser fühlst ,
Hey , Max , wenn ich heute Nacht sterben soll ,
Und ich habe dich vermisst . Ich habe unsere Freundschaft vermisst .
Und so habe ich einige wirklich schlimme Dinge getan
Tina .
Hör zu , Mann , ich mach das schon , okay ?
Billy Murphy war ein Junge , der hier vor Jahren ein Zeltlager besucht hat .
Er wurde immer gehänselt , weil er anders und hässlich war .
Und dann kam ein Sommer , der heißeste seit Beginn der Aufzeichnungen ,
Die Legende besagt , dass Billy immer noch in diesen Wäldern lebt .
Darauf würde ich mich nicht verlassen . Los geht &apos; s .
Sprich für dich selbst , Mädchen .
Du hattest in den letzten 30 Minuten etwa 15 davon .
Lass mich meine Gefühle in Ruhe ausleben .
Hast du die Worte zuerst in deinem Kopf gehört ?
Meine Schicht ist fast vorbei .
Und was für schöne Runden das sind .
Schatz , sie finden den Schlamm nicht . Der Schlamm findet sie .
Eh , ein paar Tage .
Ich habe gemerkt , wie groß es ist , wie leise es ist ...
Sie haben versucht , die Nachbarschaft zu zerstören .
Ich weiß nicht , was ich tun will .
Nein , nein . In Phase zwei geht es um die Zukunft , nicht um die Vergangenheit .
Oh , mein Gott ! Schau hinter dich !
Oh . Hey , Felicia .
Und ich konzentrierte mein ganzes Mitleid auf die toten Menschen .
Ja , wir haben gehört , dass Beth dir eine Niere gegeben hat ,
Aber diese Niere gab mir eine zweite Chance im Leben ,
An UNS , unser Dekorationsunternehmen ,
Morgen nicht bei Mr. Delaney reingehen
Nun , 290 Dollar nach diesem Champagner .
Warum ist bei dir das Glas immer halb leer ?
Ich habe gerade mein Budget bekommen .
Das wäre ein großer Gewinn für unser Unternehmen .
Dies könnte eine gute Möglichkeit sein , sich einzuschleichen
Das kann das Hundeshampoo sein , das da spricht ,
Hey , roomie !
Die sind wunderschön .
Sie fühlten sich schrecklich , weil sie deinen Spiegel zerbrochen hatten .
Oh , du warst noch nicht oben .
Aber sieh nur , wie schön .
Nun , ich musste Ihre Aufmerksamkeit erregen .
Mach das nicht zu meiner Schuld .
Ja , aber ein Einbruch in mein Auto ist kriminell .
Ich würde gerne die Meinung eines Polizisten dazu hören .
Oh , Mann . Du bist Polizist .
Mädels , kommt wieder her !
Und ich werde nicht aufgeben .
Das werden sie auch nicht .
Gut zu sehen , dass die Ehe mit dem Chef uns einen Vorsprung verschafft hat .
Entschuldigung für die Wartezeit .
Ein Geschäft im Wert von 10 Millionen Dollar abgeschlossen . Phyllis ?
Das Gesamtbild , das wir anstreben , ist sehr warm und einladend .
Das klingt toll , aber ich weiß schon , was ich will .
Dies ist das Büro von Donald Trump .
Dann erinnerte ich mich daran , dass ein Teil von ihr noch irgendwo am Leben war .
Riecht gut .
Das stimmt . Du hast gesagt , du kochst für ihn .
Nun , ich versuche nur , ein guter Freund zu sein .
Wirklich ?
Ich weiß , was du denkst .
Und jetzt will ich einfach nur , dass alles wieder normal wird .
Ich wüsste nicht einmal , wie man einen Topfkuchen macht .
Aber sag es Paul nicht , okay ?
Ich weiß , wie man ein Geheimnis bewahrt .
, , Zu den ersten Symptomen gehören Übelkeit und Erbrechen .
Als ob er eine hätte .
Tod &quot; .
Es zeigt sich einfach ...
Aber wir sind immer noch ein großartiges Team .
Ich begreife das nicht . Er wird einfach immer schlimmer und schlimmer .
Du bist eine gute Freundin .
Hey , Süße .
Nein , ich muss das erledigen .
Frau Van de kamp sagt , die sind für nach dem Essen .
Ich will damit nicht sagen , dass ich das mehr liebe als du und Celia ,
Nein , danke . Ich nehme einen Apfel .
Okay , die kommen direkt vor den Schreibtisch .
Und pass auf die ... ja . Ich danke dir .
Ich hätte dich fast gekauft
Ja , und ich fühlte mich schlecht dabei ...
Ich habe zwei Drachenlampen in meinem Auto .
Es tut mir leid , aber glaub mir ,
Tom hat gesagt , was er glaubt , dass er will .
Und du musst zugeben ,
Wie bitte ?
Ich schätze , Sie haben jemanden gefunden , der Ihnen die Waffe leiht .
Ich habe mit den Mädchen gesprochen . Sie sind sich ziemlich sicher
Warum sagen sie so etwas ?
Gaby ? Was sollen die panischen Pho-Anrufe ?
Die Mädchen flippten völlig aus und riefen die Polizei .
Ich glaube , ich weiß , was das ist .
Sie müssen verwirrt gewesen sein .
Für Kinder ist es schwer , wenn ihre Eltern getrennt sind .
Ich meine , nicht , , lustig &quot; lustig , sondern traurig ... lustig .
Hey , Mädels ...
Komm , wir packen eure Sachen . Ich bringe euch nach Hause .
Ich hätte mich ziemlich dumm gefühlt .
Als ich die Adresse hörte , sagte ich : &quot; Ich nehme es &quot; .
Ihre Nachbarin , Mrs. Tillman . Hier ist meine Karte .
Okay .
Ich bin ein Detektiv . Ich finde Anhaltspunkte . Ich gebe sie nicht weiter .
Gute Nacht , Detective .
Ich kann nicht glauben , dass du es ihnen gesagt hast .
Ich habe ihr die Wahrheit gesagt .
Wir müssen uns der Sache stellen , Gaby .
Was soll ich also tun ?
Ich fühle mich schon schuldig genug , weil Carlos seine Mutter verloren hat .
Nein , das ist nicht cool .
Wenn du nichts isst , kann ich es heute machen .
Nein , das habe ich nicht .
Es scheint einfach zu viel auf einmal zu sein .
Es ist ein Alles-oder-Nichts-Ansatz .
Einige sind ein Kinderspiel , aber es gibt auch ein paar knifflige Aufgaben ,
Wir schaffen das .
Es ist so , als würde man versuchen , über Stufe sechs hinauszukommen .
Wir werden all diese Punkte essen und all diese Geister töten .
Oh , ich habe mit Knox getauscht .
Ich weiß nicht , ob wir uns getroffen haben , bevor ich gegangen bin .
Ich habe dir den Pizzastein besorgt .
Ja , ich habe einen runden Tonstein für dich .
Die Kruste , die immer an den Rändern klebt , wird nie verbrannt .
Du hast das Gebüsch zerstört .
Linke Hand fällt unter das sterile Feld .
Ich habe meine Hand nicht bewegt ...
Das hat es . Ich habe es gesehen .
Miranda , brauchst du einen Moment ?
10er Klinge .
Bereit mit Tumor Nr. 1 .
Läuft schon super . Einer weniger ...
Bei ihm wurde bereits Stadium IV diagnostiziert .
Er ignorierte seine Symptome ,
Nun , du hast Recht . Er ist ein typischer Teenager ,
Wie bitte ?
Auf diese Weise werden wir Tumor Nummer zwei erreichen können .
Es ist ein Plastikklecks . Ich bin am Verhungern .
Wann wird das Modell fertig sein ?
So lange ?
Wenn du es schneller haben willst , piepse Gott an .
Wie ein echtes Gefäßtransplantat ?
In Japan stellen sie 3-D-Leitungen her .
Warum können wir das nicht ?
Er würde keine Operation nach der Operation brauchen
Wir reparieren das Loch .
Das ist nur eine Routinekomplikation .
Wir haben alles unter Kontrolle . Uns geht es gut .
Stell es nach links , Dumpfbacke .
Bist du ein halber
Das sind Dinge , die Mark Sloan zu sagen pflegte
Ich habe ihn davon überzeugt , dich zu unterrichten .
Gib ihnen die Schlüssel .
Ich weiß . Es macht einfach so viel Spaß .
Genau in der Mitte der Leber .
Lass es ? Warum sollten wir das tun ?
Nein , wir haben diese Operation in einer Reihenfolge geplant .
Alex , wenn wir die anderen zuerst entfernen ,
Das ist das Schwierigste .
Aber du triffst dich natürlich auch mit anderen Leuten .
Es tut mir so leid . Das war viel zu persönlich .
Ich bin es einfach nicht gewöhnt .
Dann komm und arbeite hier .
Wir isolieren die Gefäße ,
Ich weiß nicht , ob du das kannst , Mer .
Gut gemacht , Leute .
Brauchen wir beides ?
Wenn es irgendwo in der Anastomose eine Panne gibt ,
Nein , Ma &apos; am .
Also , ähm , Wilson , während ich Luft in den N.G. Schlauch einblase .
Ich bin in diesem Bett gefangen ,
Sei bereit , wieder auf die Beine zu kommen und ...
Ich habe mich dort eine Zeit lang verloren . Kepner .
Es wird nicht genug funktionierende Leber geben , um dieses Kind zu versorgen .
Du druckst eine verdammte Gabel , und jetzt denkst du
Und ich will , dass dieses Gespräch beendet wird !
Wird die Entscheidung auf diese Weise getroffen ?
Was ?
Nein , nein , das bleibt unter uns .
Hör zu , das ganze verdammte Spiel hat sich geändert .
Scheiß drauf ! Ich liebe diesen Ort , verdammt noch mal .
Was machst du mit dem Rest ?
Nein , Kumpel , du musst jeden Tropfen davon trinken . Weißt du , warum ?
Es ist wahr . Mach weiter . Leg es weg .
Also ...
Oh , ich erinnere mich . Es ist etwas passiert .
Timmy . Er ist der Junge , der immer versucht , mir ein Bein zu stellen .
Also habe ich ihm ins Gesicht geschlagen .
Jimmy .
Glaubst du , dass du deshalb in Schwierigkeiten geraten bist ?
Man muss aus diesen Dingen lernen , oder ?
Du bist in Schwierigkeiten geraten , weil du diese hinterhältige Göre ins Gesicht geschlagen hast . Ganz und gar nicht .
Jimmy ?
Nein , das ist genau das , was ich ihm sagen sollte , Babe .
Es kommt nicht darauf an , was man tut , sondern wann und wo man es tut ,
Ja , ich kann folgen .
Das ist genau richtig .
Es ist nicht passiert .
Guten Tag , Officer Flynn .
Tun Sie Ihren verdammten Job !
Ich bin sicher , der Officer hat uns nicht aus Versehen angehalten .
Das tue ich in der Tat .
Er sagt , er mag es nicht , seine Jungs zu finden
Hör zu , Arschloch ,
Mach die verdammte Tür zu .
Es ist ein trauriger Tag , wenn ein Sohn der Eingeborenen sich mit seinem Unterdrücker anlegt .
Strafe ist Tod .
Immer mit der Ruhe , ja ?
Ein verdammtes Arschloch .
Ich schwöre bei Gott , ich werde ihn umbringen .
Immer mit der Ruhe , ja ?
Ich hätte es nicht besser sagen können .
Und niemand wird eine Augenbraue heben
Du kannst niemanden umbringen , Jimmy .
Nein , das wusste ich nicht .
Wir haben Ratten verdammt noch mal begraben , vor allem unsere eigenen .
Ich wusste , dass er seine Quellen hatte .
Aber offensichtlich hatte er einen Plan .
Hey , Steve . Einen Moment .
Kann ich dir vertrauen , Stevie ?
Gut .
Was soll ich sagen , Billy Boy ?
Würdest du sagen , dass sich Winter Hill gut entwickelt hat ?
Das bedeutete , dass wir eine Menge Leute bezahlen mussten ,
Wir haben wie verrückt mit Geld um uns geworfen .
Ja , &quot; leck mich &quot; und &quot; leck dich &quot; ist richtig .
Jesus , John .
In fünf verdammten Jahren
Scheiß drauf . Das hier , auf der anderen Seite
Jimmy hatte immer einen Plan .
Das war ein kluger Schachzug ...
von unserem Rücken .
Die Situation dort unten hat sich verändert , und zwar nicht zum Besseren .
Vielen Dank , Alan .
John Callahan hat uns auf einen großen Erfolg eingeschworen .
Nun , sie lieben es , Stevie .
Aber wer weiß , wie lange der Einzug von Wheeler noch dauern wird ?
Aber wenigstens haben wir noch das hier .
Na gut .
Dass irgendjemand auf Berk könnte ?
Das ist der Grund , warum ich nie geheiratet habe .
Du bist noch so schön wie an dem Tag , an dem ich dich verloren habe .
Äh , lass mich sehen .
Bitte , nach den Damen .
Okay , ich liebe dich wieder .
Du kannst immer noch springen .
Überprüfe jede Falle .
Meatlug ?
Ich weiß nicht , mach einfach weiter , was du machst .
Mama , du würdest es nicht einmal erkennen .
Wir-wir reparieren sogar Drachenzähne .
Ja , dein Sohn hat Berk zum Besseren verändert .
Ich hab &apos; s .
Wird mich auf meiner ... Reise aufhalten
Und mich bis in alle Ewigkeit liebst
Das ist deine Mutter ? !
Der Alpha !
Attaboy !
Du kannst uns die Drachen nicht wegnehmen !
Dann ist es ja gut , dass ich einen Herausforderer mitgebracht habe .
Das ist eine Klasse zehn ! Klasse zehn !
Kein Drache kann dem Befehl des Alphas widerstehen .
Seid Zeugen wahrer Stärke .
Im Angesicht dessen ,
Aber , bitte , oh großer Drachenmeister ,
Es war nicht deine Schuld , Kumpel .
Warum fragst du ?
Oh , mein Gott , das ist so großzügig !
Also , unser Freund Rai ist in mein altes Zimmer eingezogen ,
Beverly , du weißt , dass ich dich sehr schätze .
Na gut , aber , ähm , wenn es dir nichts ausmacht ,
Du bist kürzlich bei Dr. Fowler eingezogen , ja ?
Ihr altes Zimmer stellt eindeutig eine Fluchtluke dar ,
Und fang jetzt nicht an darüber nachzudenken !
Sie hat es abwehrend gesagt .
Es geht darum , dass Raiesh bei Leonard und Penny einzieht .
Sie haben ein Bedürfnis gefunden , noch einen Mitbewohner aufzunehmen .
ich hatte keine Ahnung
So heißt es auf der Straße , Liebling .
Ich bin noch nicht mal einen Tag hier und schon verursache ich Probleme .
Das wäre ein schönes Nadelspitzenkissen .
Das wird reichen .
Sieh mal , könntest du bitte deinen Hund an die Leine nehmen ?
Na dann halt sie wenigstens still
Danke . Ich schätze das .
Worüber redest du ? Uns geht es gut .
Früher war ich das .
Auf jeden Fall tut mir alles leid .
Wir haben keine Eheprobleme !
Schau , nur weil wir unseren Freund aufgenommen haben heißt das nicht
Sheldon hat erwähnt , dass du versucht hast , deinen Bruder zu bekommen
Bist du damit einverstanden ?
Willst du mich verarschen ?
Jetzt stellst du dich auf ihre Seite ?
Das sollte deine Parade von Mitbewohnern tun .
Das bin ich ! Es ist nur ich !
Nicht unter meiner Aufsicht !
Du kannst ihn mit dem Schläger schlagen , aber es ist okay .
Es tut mir leid , Leute .
Ich wollte nur irgendwohin gehen , wo ich keine Probleme verursache .
Indien .
Mach das nicht . Wir machen die Couch für dich
Es ist nicht so ungewöhnlich .
Roseola , Gürtelrose , Lupus .
Ich kann es nicht erklären , aber ich kenne mein Kind .
Komm schon .
Shepherd , was machst du da ?
Ein Tanker ist nicht explodiert .
Hast du das Memo nicht bekommen ?
Ja , du musst anfangen , andere Praktikanten zu beschäftigen .
Ross , fühlst du dich unausgeglichen ?
Siehst du ? Er ist sehr abgerundet .
Ein Tanker ist nicht explodiert .
Oh , wenn wir schon davon sprechen , wann kann ich mein Genom kartieren lassen ?
Es kann bei Männern passieren .
Es ist nur , jetzt denke ich an deine Brüste .
Der Tanker ist nicht explodiert .
Blutdruck 110 zu 70. Puls 95 .
Hat mein Mann Ethan ?
Rachel !
Er ist am Tatort herumgelaufen .
Sind meine Mutter und mein Vater tot ?
Du wirst sie bald sehen . Ich habe dich . Okay ?
Okay , lass uns gehen .
Eine dieser medizinischen Websites online .
Ich habe ein Rezept für Amoxicillin .
Sobald wir dich abgemeldet haben ,
Na , ich hoffe , deinem Sohn geht es besser .
Ich möchte rausgehen , um zu rauchen .
Und Dr. Murphy hier wird dich wissen lassen
Kepner , wie sieht &apos; s aus ?
Von der Ankunft des Krankenwagens ,
Genau wie sie es soll .
Der Tanker muss explodiert sein .
Und es war wirklich weit weg und allen geht es gut , okay ?
Bringt ihn auf den Boden !
Ich schätze , er ist zum Rauchen rausgegangen .
Wir brauchen noch einen ... IV .
Ugh . Blutung im rechten Frontallappen .
Oh , cool , ist es eine epidurale Blutung ?
Ihr hattet einen Moment oder so .
Naja , Chief Hunt sagt , ich muss schlaue Sachen lernen .
Glücklich . Mein Mitbewohner war letztes Jahr dort .
Das ist eine Party für schicke Leute .
Oh , kartiere meine Genome .
Es ist keine Spa-Behandlung . Es ist Wissenschaft .
Nein , du hast recht .
Entschuldigung .
Die Verletzung erstreckt sich bis in den Aortenbogen .
Ich warte nur auf Russell für eine zweite Meinung .
Nicht wirklich .
Ich will meine Eltern sehen .
Schatz , wir müssen gehen .
Du brauchst Schlaf .
Doch , du gehst . Du kommst mit mir mit . Jetzt komm .
Wie wäre es , wenn wir dich in einem Zimmer unterbringen ?
Nein , natürlich nicht . Ich habe doch gesagt , er ist die ganze Nacht wach .
Es gibt nur mich .
Bist du Psychiater ?
Du denkst , dass ich-ich die Arbeit schwänze
Früher hat er mich jeden Morgen im Morgengrauen geweckt .
Äh , finde einen vorhandenen O.R. Okay ?
Du verpasst es nie , oder ?
Zirkusakt .
Ich weiß , dass das für dich so nervig sein muss .
Bitte . Äh ...
Okay , bist du dir sicher , dass es kein Lupus ist ?
Was noch ?
Okay ... Ähm ...
Sie sagten , es kann einen Herzinfarkt verursachen .
Das würde das Fieber und den Ausschlag erklären .
Aber dann ist ihr Vater gestorben ,
Dass Leute Bowlingligen beitreten ?
wartet darauf , dass sie sehen , dass sie zusammen sein sollen ,
Ja .
Ooh , Bailey .
Ich muss wissen , welches Elternteil ich nehme .
Callie , ich habe um eine Ortho-Beratung gebeten ,
Ja schon , aber dann ... Alaska gebacken .
Nun , hey , sieh es mal so .
Und ich brauche immer noch eine Ortho-Beratung .
Es war sehr inspirierend .
Knorpel jetzt .
Ja , und ich sage dir , dass sie toll ist .
Endlich .
Ich fühle mich besser , wenn ich nicht gehe .
Also irgendeine Idee , wann der Vater des Kindes
Nein , keine Ahnung .
Diese Aortenreparatur hat viel länger gedauert , als ich dachte .
in 29 Minuten .
Ich könnte unter der Dusche schlafen .
Schieß los .
Wo ist Charlie ?
Er hat uns gerettet , du verdammtes Arschloch .
Weißt du , im Scheidungsantrag .
Ich denke , ich hätte sie geliebt .
Und dann Lydia .
Sie war die netteste Person , die ich je kennengelernt habe .
Denn am Ende gibt es nur zwei Arten von Menschen .
Gott , du klingst wie mein Vater .
Ziel in Richtung Norden .
Er ist mobil . Verstanden .
Darf ich das leihen ? Danke .
Alpha 1 jetzt auf Foxtrott . Ich bin auf der Verfolgung .
Der Knöchel ist zertrümmert . Du wirst mich tragen müssen .
Tut mir leid . Steig ein .
Sobald ich dein Ticket ausgedruckt habe .
Warum , was ist mit deinem Knöchel passiert ?
Hallo .
Ich brauche deine Hilfe .
Wenn du das nicht tust , könnte ich bis Ende des Tages tot sein .
Ledford hat jemanden namens Chil-irgendwas aktiviert .
Chilcott ? Oh , Gott , er ist ein Psychopath .
Jodie , ich brauche , dass du etwas für mich tust .
Wenn ich ihn finde , wird mein Name gesäubert .
Ich werd &apos; s versuchen .
Nein , da steht 2016 .
In dem Fall hab ich zwei Nullen umsonst gekriegt , also wer ist der Idiot ?
Es gibt Leute , die nach mir suchen .
Es geht nicht um den Ball , Jungs .
Sie kommen aus London .
Natürlich .
Es ist in Ordnung , traurig zu sein .
Es ist wichtig , dass niemand weiß , dass ich hier bin .
Ganz genau . Ja .
Es ist gleich da drüben , hinter dem Bahnhof .
Rein mit euch .
Wenn wir Etagenbetten haben , kann ich dann das obere haben ?
Geh jetzt auf die Toilette , bevor es die anderen Passagiere tun .
Seht ihr die Kerle da draußen ?
Wie können diese Trottel es wagen , hier aufzutauchen ?
Keine Schule ! Komm schon .
Los geht &apos; s , Jungs .
Entschuldigen Sie , Sir . Ich glaube , Sie haben etwas fallen lassen .
Sie sind jetzt in Grimsby , Sie Trottel !
Na los !
Du musst diese Wunde in meiner Schulter saugen .
Das ist sehr schwul . Mach es jetzt .
Dieses Kügelchen war mit Lonomia-Raupengift gefüllt .
Okay , okay .
So ist &apos; s gut .
Und jetzt spuck es aus .
Ich dachte , ich hätte dich verloren , Bruder .
Wo denn ?
Nein , das tust du nicht ... Was machst du denn da ?
Und England hat den Ball . Zeit für einen letzten Angriff , Baby .
Rein mit dir . Raheem Sterling ist durch .
Das bringt sicher England
Wir spucken dir ins Gesicht !
Er ist derzeit in einem Hotelzimmer mit Lina Smit , seiner Frau ,
Na , wie du weißt , mache ich alles für England .
Das habe ich gemacht . Dein Deckname ist Mr. Shelton .
Ich habe etwas für dich zum Feiern :
Es wird dir schmecken . Hör mal ,
Mit wem hast du gesprochen ?
Er fliegt von und nach Südamerika
Am Ende des Spiels ,
Bis dahin werden 96.000 Fans
Nun , denk mal darüber nach .
Ich versuche nur , die Welt
&quot; Die Welt heilen &quot; .
Steck dir das ins Ohr .
Okay , ich scanne nach der chemischen Signatur .
Nein , ist es nicht .
Wir müssen sie aufhalten , bevor sie den Virus auslöst .
Wir können nicht herumgehen . Wir haben nicht genug Zeit .
Spielfeldinvasion .
Das ist wichtig .
Was ? Sharon Osbourne ?
Also , ich sag dir mal was über Abschaum :
Es ist der Abschaum , der in den Kriegen stirbt .
Ja !
Okay , das Smartphone ist mit dem WLAN verbunden . Bereit .
Fange an , das Fahrzeug zu heben .
Ich möchte , dass du dir diese Abdrücke auf meinen Fingern ansiehst .
Kumpel , du kommst ins MIT !
Es erlaubt meinen Händen , dieses Flugzeug zu manipulieren .
Kommt schon , Leute . Wir müssen los !
Wir müssen zu Daniels Gebäude .
Los !
Und Powell kennen Sie ja .
Das ist eine große Aufgabe .
Nur zur Sicherheit .
Wir können das alles intern erledigen , oder ?
Ich habe Brad versprochen , seine Mutter anzurufen , wenn etwas passiert .
Nein , ist schon gut . Ich werde es tun .
Er behielt eine Polizeimarke , die ihm zugute kam .
Er ist fünfmal bei der Aufnahmeprüfung für die Akademie durchgefallen .
Dies ist eine Karte des Kellers der Firma , richtig ?
Ich hatte angenommen , dass es viel komplizierter sein würde als das .
Es handelt sich um eine Art Verflüssigungssatz .
Es handelt sich um völlig unterschiedliche Gegenstände .
Es ist nur , ähm ...
Nun , ich sehe , dass Sie beschäftigt sind ,
Zurück ?
Was genau ist der Plan ?
Wenn er eine Schildkröte bekommt , nun ja ...
Was zum Teufel machst du denn hier ?
Sei leise , sei leise .
Wir brauchen etwas Hilfe . Ich bin schon
Bellick ist tot .
Los geht &apos; s , Linc .
Er ist in und aus dem Bewusstsein
Ist er versichert ?
Ich habe die Karte nicht ,
Wie lange arbeiten Sie schon für sie ?
Ich kam 1994 dazu .
Immer freiberuflich .
Ich beende gerne eine Arbeit und mache dann weiter .
Hinterlassen Sie immer Ihren Namen
Nun , wir denken über Änderungen nach und ..
Weißt du , was dann passiert ?
Es gehört dir nicht mehr .
Und dann hast du dich irgendwie aus den Schwierigkeiten herausgehalten .
Hör zu , ich kann damit umgehen .
Ich mache mir nur Vorwürfe .
Diese Sache ist völlig aus dem Ruder gelaufen .
Du vertraust mir nicht , Fernando ?
Denn wir wollen alle das Gleiche : Scylla .
Oder möchtest du , dass ich das Bombenkommando rufe ?
Wenn das Ding explodiert , während ich den Stift ziehe ,
Ich bin bekannt für meine ruhige Hand .
Gewicht gleichmäßig halten .
Oh , nein , ich kann nicht ... Ich kann nicht , ich kann es nicht tun .
Ich habe einen Schlüssel .
Hat Baker dir das gegeben ? Nein .
Gut , das macht mehr Sinn .
es sind Mikrofone .
Dies ist eine Reihe von JZ33-Landminen
Der Strom wird für dich lange genug abgeschaltet .
Ich habe David Baker gefunden .
Du kannst es schaffen . Du musst nur
Michael und ich haben es herausgefunden .
Aber im nächsten Frühjahr wird sie ein ausgebildeter Alpha sein ,
Den Frieden bewahren lernen .
Aber , aber ...
Humphrey , wir haben keine Zeit für Spaß .
Ihr Wölfe lasst uns schlecht aussehen . Kommt schon , die Karibus lachen über uns .
Westliche Jagdgruppe , zurück in den Bau .
Jetzt !
Na toll . Meine erste Jagd , und ich habe es vermasselt .
Mach dich nicht selbst fertig . Das ist verrückt . Du warst unglaublich .
Sie können immer essen
Beeren sind sehr nahrhaft .
Die Ostwölfe haben Kates Jagd ruiniert .
Bitte .
Ich habe sie noch nie so gut aussehen sehen .
Ich bin gleich wieder da .
Wohin gehst du denn ?
Du darfst nicht mit ihr heulen . Sie ist ein Alpha .
Aber wir können nicht , du weißt schon , zusammen heulen .
Nur ein Scherz .
Freunde fürs Leben !
Willkommen zurück , Humphrey .
Wow , das ist eine große Menge .
Ich habe gehört , dass du und Garth einige Zeit zusammen verbracht habt .
Entschuldigung .
Wir sollten los .
Entschuldigung . Ein Floh .
Danke .
Auf Wiedersehen ?
Und vielleicht besuche ich unsere Freunde , die Bären .
Ich grüße sie von dir .
Ja , ja . Weißt du , das ist so eine Sache mit den Wölfen .
Ich werde also ein lebenslustiger Einzelgänger sein .
Ich habe das schon vor einigen Jahren kommen sehen .
Ich dachte , ich würde träumen .
Und ich brauchte dich .
Das ist wichtiger als das , was du brauchst . Es ist zu spät , Kumpel .
Weißt du , was ich brauche ? Ich brauche eine Rasur .
Selbst in zerlegtem Zustand wollte ich ihm gefallen .
Wohin würden wir gehen , wenn sein Plan abgeschlossen wäre ?
&quot; Zum Garten &quot; .
Als Thanos mit den Fingern schnippte ...
So etwas hat man noch nie gesehen .
auf diesem Planeten .
Der Quantenbereich ist wie ein eigenes mikroskopisches Universum .
Hoffnung . Sie ist meine , ähm .
Sie sollte mich herausziehen .
Tut mir leid , Kumpel , wir haben ein Problem .
Und was machen wir jetzt ?
Ich wurde gerade vom Hulk am Kopf getroffen .
Das war unsere Chance .
Es ging um sechs Steine oder nichts .
Du wiederholst dich . Du wiederholst dich .
Nein . Du wolltest nie einen Zeitraub .
Ich habe den Ball verloren .
Habe ich das getan ?
Es gibt kein Zurück .
Jeder .
Auf Wiedersehen , du gehst nicht nach Hause .
dann geht auch niemand mehr nach Hause .
Bring sie rein , habe ich gesagt .
Oh , um Himmels willen ...
Es sind keine Blitzeinschläge , die wir hier betrachten .
Das ist ein langhörniger Käfer .
Haare . Vielleicht hat er ein Stück von seinem Angreifer bekommen .
Ja , gut .
Ja , bei uns ist es genauso .
Halt , bitte halt !
Siehst du diese Abschürfungen und Schnitte hier auf der Brust ?
Der Ort war völlig verwüstet .
Ich war derjenige , der auf dem Kongress heiraten wollte .
Alle unsere Freunde würden sowieso hier sein .
Gehen wir zurück zu
Vampire und - leider - Werwölfe .
Darf ich bitte Ihre Hand sehen ?
Wir fanden die gleiche Narbe
Und ... keine Rückgabe .
Wie viele davon haben Sie verkauft ?
Nur so aus Neugierde ...
Das geht Sie wirklich nichts an .
Es ist schrecklich , jeden Tag damit aufzuwachen .
Ihr Wolf ist im System .
Hmm , wie originell .
Wölfe greifen normalerweise keine Menschen an .
Wer ist der Besitzer ?
Ja , jemand hat das Blut von Michael Wilson getrunken .
Nein , es ist nicht auf Kurt Francis zurückgekommen .
Wenn wir die Mythologie akzeptieren , trinken Werwölfe kein Blut ,
Hassen sie sich nicht gegenseitig ?
Ich verstehe , warum die Werwölfe
Vielleicht hat Michael den Glauben verloren .
Sie wollten sie ganz für sich allein , nicht wahr ?
Die gelbe Kontaktlinse
Aber ohne die Mordwaffe können wir nicht beweisen .
Die Kleidung sollte es beweisen .
Wissen Sie , es sollte viel mehr Blut fließen als das hier .
Nun , zumindest waren sie da .
Er wurde mindestens 18 Mal mit einer Axt geschlagen ,
Oder ein anderer Vampir .
Es gibt nur einen Nachteil ...
Was hast du gefunden , David ?
Wir haben am Tatort nichts von diesem Zeug gefunden .
Wir wissen , dass Michael vor seinen Angreifern geflohen ist .
Wo hat es begonnen ?
Dein Geliebter war früher ein Werwolf .
Er sagte , er wisse , dass wir dazu bestimmt seien , zusammen zu sein .
Liebe , die auf einer Lüge beruht , ist keine Liebe .
Er gehört nicht zu uns .
Ist das so ?
Das war wirklich intensiv .
Oh , gut . Du bist hier . Ich brauche deine Hilfe .
Was ist passiert ?
Ich war dort .
Amy ist sauer auf mich , und mir ist nicht klar , warum .
Ja .
Was hast du zu ihr gesagt ?
Und das hat sie wütend gemacht ?
Das war es . Ich fragte sie
Ich gehe davon aus , dass deine größte Sorge die zeitliche Belastung ist .
Wenn ich dabei bin , bin ich für den ganzen Lauf dabei ,
Ich hätte nicht so viele Fragen stellen sollen .
Ja , vielleicht ist es gut , dass du uns dazu gebracht hast , über diese Dinge zu reden .
Auch wenn ich Probleme verursache , mache ich die Welt zu einem besseren Ort .
Ah , well .. very well .
Heißt das , dass du dich endlich für ein Hochzeitsdatum entscheiden wirst ?
Warum sind alle so besorgt , dass wir ein Datum festlegen ?
Eine Zeremonie wird daran nichts ändern .
Das ist sein Gejammer , oder ?
Sie sagt nur , dass wir verliebt sind .
Ja , aber wir werden zusammen alt und eklig sein .
Gegen Ende war es , als würde man Käse schmelzen sehen .
Heißt das , du willst heiraten ?
Ich bin dabei . Auf geht &apos; s .
Ich freue mich wirklich für euch beide .
Bernie , Stuart ist gerade vorgefahren .
Keine Schwäche zeigen .
Viel Glück !
Ich hätte dir nie meinen zweiten Vornamen sagen sollen .
Hey , hast du eine Minute Zeit ?
Ich hatte ein schlechtes Gewissen , weil ich deinen Joghurt aufgegessen habe , also habe ich mehr gekauft .
Knackige Beeren .
Ich möchte , dass ihr alle erkennt , dass das einzige
Und das spürt man , wenn man einen Raum betritt ,
Und ...
Wie viele hast du ?
Ich möchte , dass du wieder schreibst .
Ich gehe heute Abend mit meinem Mann essen .
Es ist für dich .
Das bedeutet , dass sie ihn in ein sicheres Haus gebracht hat .
Das Programm von Balder hatte eine seltsame Verschlüsselung .
Das bedeutet , dass diese Typen als nächstes hinter ihm her sind .
Sie hat nicht das Monopol auf Schuldgefühle .
Wie kommst du darauf , dass ich das nicht tue ?
Ja ?
Er hat eine Tätowierung wie du .
Nein , schlimmer .
Dieser Typ gehört zu dieser Gruppe .
Es gab zwei Hauptthemen
Ich glaube , du hast Angst .
Lisbeth . Von den Spinnen habe ich noch nichts gehört .
Das ist die Antwort auf &quot; der Schnee kommt dieses Jahr früher &quot; .
Vater sagte , er habe sein Programm auf der Grundlage meines Denkens erstellt .
Nein , das tue ich nicht .
Passagier Needham , bitte begeben Sie sich sofort zu Gate 45 .
Nördliches Ende des Terminals . Tür nur für Personal .
Für den Moment .
Und sorgen Sie dafür , dass er in Sicherheit ist .
Ich habe eine Verantwortung gegenüber meinem Land .
Ich weiß , wie man diese Tür öffnet .
Keine Bewegung ! Halt , halt , halt !
Bitte bring ihr ein Glas Wasser .
Könntest du ihm bitte etwas Vernunft beibringen ?
Ich habe sie nur für ihn gemacht .
Es wird ihn nicht umbringen ,
Es gibt eine Menge Druck .
Dann solltest du dir einen Babysitter suchen .
Ja , das stimmt . Ich habe ein heißes Date .
Sofort .
Nein , es ist keine Migräne .
Ich bin weg von
Sir , Sie sind im Seattle Grace Mercy West Hospital .
Es wurde niemand verletzt , aber wir müssen Sie untersuchen lassen .
Ich muss kurz am Steuer eingeschlafen sein .
